
Allocating common symbols
Common symbol       size              file

SystemCoreClock     0x4               gcc/system_efm32gg.o
inputbufferarea     0x74              gcc/uart.o
outputbufferarea    0x74              gcc/uart.o

Discarded input sections

 .text          0x0000000000000000        0x0 gcc/clock_efm32gg_ext.o
 .data          0x0000000000000000        0x0 gcc/clock_efm32gg_ext.o
 .bss           0x0000000000000000        0x0 gcc/clock_efm32gg_ext.o
 .text.ClockSetHFClockDivisor
                0x0000000000000000       0x60 gcc/clock_efm32gg_ext.o
 .text.ClockSetPrescalers
                0x0000000000000000       0xb0 gcc/clock_efm32gg_ext.o
 .text.ClockSetLFCLKA
                0x0000000000000000      0x120 gcc/clock_efm32gg_ext.o
 .text.ClockSetLFCLKB
                0x0000000000000000      0x120 gcc/clock_efm32gg_ext.o
 .text.ClockGetCoreClockFrequency
                0x0000000000000000       0x18 gcc/clock_efm32gg_ext.o
 .text          0x0000000000000000        0x0 gcc/uart.o
 .data          0x0000000000000000        0x0 gcc/uart.o
 .bss           0x0000000000000000        0x0 gcc/uart.o
 .rodata.BAUD   0x0000000000000000        0x4 gcc/uart.o
 .rodata.OVERSAMPLING
                0x0000000000000000        0x4 gcc/uart.o
 .rodata.GPIOE  0x0000000000000000        0x4 gcc/uart.o
 .rodata.GPIOF  0x0000000000000000        0x4 gcc/uart.o
 .text.UART_GetStatus
                0x0000000000000000       0x1c gcc/uart.o
 .text.UART_GetChar
                0x0000000000000000       0x34 gcc/uart.o
 .text.UART_EnableInterrupts
                0x0000000000000000       0x44 gcc/uart.o
 .text.UART_DisableInterrupts
                0x0000000000000000       0x44 gcc/uart.o
 .text.UART_PutCharPolling
                0x0000000000000000       0x2c gcc/uart.o
 .text.UART_Flush
                0x0000000000000000       0x6c gcc/uart.o
 .text          0x0000000000000000        0x0 gcc/startup_efm32gg.o
 .data          0x0000000000000000        0x0 gcc/startup_efm32gg.o
 .bss           0x0000000000000000        0x0 gcc/startup_efm32gg.o
 .text.SystemInit
                0x0000000000000000        0xc gcc/startup_efm32gg.o
 .text          0x0000000000000000        0x0 gcc/main.o
 .data          0x0000000000000000        0x0 gcc/main.o
 .bss           0x0000000000000000        0x0 gcc/main.o
 .rodata.TickDivisor
                0x0000000000000000        0x4 gcc/main.o
 .text.Delay    0x0000000000000000       0x44 gcc/main.o
 .text          0x0000000000000000        0x0 gcc/buffer.o
 .data          0x0000000000000000        0x0 gcc/buffer.o
 .bss           0x0000000000000000        0x0 gcc/buffer.o
 .text.buffer_clear
                0x0000000000000000       0x2a gcc/buffer.o
 .text          0x0000000000000000        0x0 gcc/led.o
 .data          0x0000000000000000        0x0 gcc/led.o
 .bss           0x0000000000000000        0x0 gcc/led.o
 .rodata.GPIOE  0x0000000000000000        0x4 gcc/led.o
 .text.LED_On   0x0000000000000000       0x24 gcc/led.o
 .text          0x0000000000000000        0x0 gcc/system_efm32gg.o
 .data          0x0000000000000000        0x0 gcc/system_efm32gg.o
 .bss           0x0000000000000000        0x0 gcc/system_efm32gg.o
 .text.SystemMaxCoreClockGet
                0x0000000000000000       0x14 gcc/system_efm32gg.o
 .text.SystemHFXOClockGet
                0x0000000000000000       0x14 gcc/system_efm32gg.o
 .text.SystemHFXOClockSet
                0x0000000000000000       0x30 gcc/system_efm32gg.o
 .text.SystemLFRCOClockGet
                0x0000000000000000       0x10 gcc/system_efm32gg.o
 .text.SystemULFRCOClockGet
                0x0000000000000000       0x10 gcc/system_efm32gg.o
 .text.SystemLFXOClockGet
                0x0000000000000000       0x14 gcc/system_efm32gg.o
 .text.SystemLFXOClockSet
                0x0000000000000000       0x30 gcc/system_efm32gg.o

Memory Configuration

Name             Origin             Length             Attributes
FLASH            0x0000000000000000 0x0000000000100000 xr
RAM              0x0000000020000000 0x0000000000020000 xrw
*default*        0x0000000000000000 0xffffffffffffffff

Linker script and memory map

LOAD gcc/clock_efm32gg_ext.o
LOAD gcc/uart.o
LOAD gcc/startup_efm32gg.o
LOAD gcc/main.o
LOAD gcc/buffer.o
LOAD gcc/led.o
LOAD gcc/system_efm32gg.o
LOAD /usr/lib/gcc/arm-none-eabi/9.2.1/../../../arm-none-eabi/lib/thumb/v7-m/nofp/libm.a
LOAD /usr/lib/gcc/arm-none-eabi/9.2.1/../../../arm-none-eabi/lib/thumb/v7-m/nofp/libc_nano.a
LOAD /usr/lib/gcc/arm-none-eabi/9.2.1/thumb/v7-m/nofp/libgcc.a
START GROUP
LOAD /usr/lib/gcc/arm-none-eabi/9.2.1/thumb/v7-m/nofp/libgcc.a
LOAD /usr/lib/gcc/arm-none-eabi/9.2.1/../../../arm-none-eabi/lib/thumb/v7-m/nofp/libg_nano.a
LOAD /usr/lib/gcc/arm-none-eabi/9.2.1/../../../arm-none-eabi/lib/thumb/v7-m/nofp/libc_nano.a
END GROUP
START GROUP
LOAD /usr/lib/gcc/arm-none-eabi/9.2.1/thumb/v7-m/nofp/libgcc.a
LOAD /usr/lib/gcc/arm-none-eabi/9.2.1/../../../arm-none-eabi/lib/thumb/v7-m/nofp/libc_nano.a
END GROUP

.text           0x0000000000000000     0x103b
 *(.vectors)
 .vectors       0x0000000000000000       0xdc gcc/startup_efm32gg.o
                0x0000000000000000                __Vectors
                0x00000000000000dc                __Vectors_End = .
                0x00000000000000dc                __Vectors_Size = (__Vectors_End - __Vectors)
                0x0000000020000108                __end__ = .
 *(.text*)
 .text.SystemCoreClockUpdate
                0x00000000000000dc        0xc gcc/clock_efm32gg_ext.o
 .text.GetProdRev
                0x00000000000000e8       0x18 gcc/clock_efm32gg_ext.o
 .text.nearestpower2exp
                0x0000000000000100       0x6c gcc/clock_efm32gg_ext.o
 .text.SystemCoreClockSet
                0x000000000000016c      0x2f0 gcc/clock_efm32gg_ext.o
                0x000000000000016c                SystemCoreClockSet
 .text.ClockGetConfiguration
                0x000000000000045c      0x1b8 gcc/clock_efm32gg_ext.o
                0x000000000000045c                ClockGetConfiguration
 .text.ClockConfigureForFrequency
                0x0000000000000614       0x98 gcc/clock_efm32gg_ext.o
                0x0000000000000614                ClockConfigureForFrequency
 .text.ClockGetPeripheralClockFrequency
                0x00000000000006ac       0x18 gcc/clock_efm32gg_ext.o
                0x00000000000006ac                ClockGetPeripheralClockFrequency
 .text.NVIC_EnableIRQ
                0x00000000000006c4       0x30 gcc/uart.o
 .text.NVIC_ClearPendingIRQ
                0x00000000000006f4       0x34 gcc/uart.o
 .text.NVIC_SetPriority
                0x0000000000000728       0x54 gcc/uart.o
 .text.UART_Reset
                0x000000000000077c       0x6c gcc/uart.o
                0x000000000000077c                UART_Reset
 .text.UART_Init
                0x00000000000007e8      0x178 gcc/uart.o
                0x00000000000007e8                UART_Init
 .text.UART0_RX_IRQHandler
                0x0000000000000960       0x38 gcc/uart.o
                0x0000000000000960                UART0_RX_IRQHandler
 .text.UART0_TX_IRQHandler
                0x0000000000000998       0x54 gcc/uart.o
                0x0000000000000998                UART0_TX_IRQHandler
 .text.UART_SendChar
                0x00000000000009ec       0x50 gcc/uart.o
                0x00000000000009ec                UART_SendChar
 .text.UART_SendString
                0x0000000000000a3c       0x2a gcc/uart.o
                0x0000000000000a3c                UART_SendString
 *fill*         0x0000000000000a66        0x2 
 .text.UART_GetCharNoWait
                0x0000000000000a68       0x38 gcc/uart.o
                0x0000000000000a68                UART_GetCharNoWait
 .text.Reset_Handler
                0x0000000000000aa0       0x50 gcc/startup_efm32gg.o
                0x0000000000000aa0                Reset_Handler
 .text._main    0x0000000000000af0        0xc gcc/startup_efm32gg.o
                0x0000000000000af0                _main
 .text.Default_Handler
                0x0000000000000afc        0x6 gcc/startup_efm32gg.o
                0x0000000000000afc                TIMER2_IRQHandler
                0x0000000000000afc                DebugMon_Handler
                0x0000000000000afc                USART0_TX_IRQHandler
                0x0000000000000afc                I2C0_IRQHandler
                0x0000000000000afc                HardFault_Handler
                0x0000000000000afc                LEUART1_IRQHandler
                0x0000000000000afc                USART1_RX_IRQHandler
                0x0000000000000afc                PendSV_Handler
                0x0000000000000afc                NMI_Handler
                0x0000000000000afc                I2C1_IRQHandler
                0x0000000000000afc                TIMER3_IRQHandler
                0x0000000000000afc                USART1_TX_IRQHandler
                0x0000000000000afc                MSC_IRQHandler
                0x0000000000000afc                ADC0_IRQHandler
                0x0000000000000afc                UsageFault_Handler
                0x0000000000000afc                LEUART0_IRQHandler
                0x0000000000000afc                GPIO_EVEN_IRQHandler
                0x0000000000000afc                UART1_TX_IRQHandler
                0x0000000000000afc                RTC_IRQHandler
                0x0000000000000afc                TIMER0_IRQHandler
                0x0000000000000afc                LCD_IRQHandler
                0x0000000000000afc                PCNT2_IRQHandler
                0x0000000000000afc                LETIMER0_IRQHandler
                0x0000000000000afc                TIMER1_IRQHandler
                0x0000000000000afc                USART2_RX_IRQHandler
                0x0000000000000afc                Default_Handler
                0x0000000000000afc                EMU_IRQHandler
                0x0000000000000afc                PCNT0_IRQHandler
                0x0000000000000afc                USB_IRQHandler
                0x0000000000000afc                BURTC_IRQHandler
                0x0000000000000afc                PCNT1_IRQHandler
                0x0000000000000afc                ACMP0_IRQHandler
                0x0000000000000afc                USART0_RX_IRQHandler
                0x0000000000000afc                MemManage_Handler
                0x0000000000000afc                SVC_Handler
                0x0000000000000afc                DAC0_IRQHandler
                0x0000000000000afc                UART1_RX_IRQHandler
                0x0000000000000afc                CMU_IRQHandler
                0x0000000000000afc                EBI_IRQHandler
                0x0000000000000afc                LESENSE_IRQHandler
                0x0000000000000afc                GPIO_ODD_IRQHandler
                0x0000000000000afc                AES_IRQHandler
                0x0000000000000afc                VCMP_IRQHandler
                0x0000000000000afc                DMA_IRQHandler
                0x0000000000000afc                BusFault_Handler
                0x0000000000000afc                USART2_TX_IRQHandler
 *fill*         0x0000000000000b02        0x2 
 .text.NVIC_SetPriority
                0x0000000000000b04       0x54 gcc/main.o
 .text.SysTick_Config
                0x0000000000000b58       0x44 gcc/main.o
 .text.SysTick_Handler
                0x0000000000000b9c       0x44 gcc/main.o
                0x0000000000000b9c                SysTick_Handler
 .text.main     0x0000000000000be0       0xb8 gcc/main.o
                0x0000000000000be0                main
 .text.buffer_init
                0x0000000000000c98       0x38 gcc/buffer.o
                0x0000000000000c98                buffer_init
 .text.buffer_deinit
                0x0000000000000cd0       0x2a gcc/buffer.o
                0x0000000000000cd0                buffer_deinit
 .text.buffer_insert
                0x0000000000000cfa       0x5e gcc/buffer.o
                0x0000000000000cfa                buffer_insert
 .text.buffer_remove
                0x0000000000000d58       0x56 gcc/buffer.o
                0x0000000000000d58                buffer_remove
 *fill*         0x0000000000000dae        0x2 
 .text.LED_Init
                0x0000000000000db0       0x7c gcc/led.o
                0x0000000000000db0                LED_Init
 .text.LED_Off  0x0000000000000e2c       0x24 gcc/led.o
                0x0000000000000e2c                LED_Off
 .text.LED_Toggle
                0x0000000000000e50       0x24 gcc/led.o
                0x0000000000000e50                LED_Toggle
 .text.LED_Write
                0x0000000000000e74       0x2c gcc/led.o
                0x0000000000000e74                LED_Write
 .text.GetProdRev
                0x0000000000000ea0       0x18 gcc/system_efm32gg.o
 .text.SystemCoreClockGet
                0x0000000000000eb8       0x34 gcc/system_efm32gg.o
                0x0000000000000eb8                SystemCoreClockGet
 .text.SystemHFClockGet
                0x0000000000000eec      0x118 gcc/system_efm32gg.o
                0x0000000000000eec                SystemHFClockGet
 .text.SystemInit
                0x0000000000001004        0xc gcc/system_efm32gg.o
                0x0000000000001004                SystemInit
 *(.init)
 *(.fini)
 *crtbegin.o(.ctors)
 *crtbegin?.o(.ctors)
 *(EXCLUDE_FILE(*crtend.o *crtend?.o) .ctors)
 *(SORT_BY_NAME(.ctors.*))
 *(.ctors)
 *crtbegin.o(.dtors)
 *crtbegin?.o(.dtors)
 *(EXCLUDE_FILE(*crtend.o *crtend?.o) .dtors)
 *(SORT_BY_NAME(.dtors.*))
 *(.dtors)
 *(.rodata*)
 .rodata        0x0000000000001010       0x2b gcc/main.o
 *(.eh_frame*)

.glue_7         0x000000000000103c        0x0
 .glue_7        0x000000000000103c        0x0 linker stubs

.glue_7t        0x000000000000103c        0x0
 .glue_7t       0x000000000000103c        0x0 linker stubs

.vfp11_veneer   0x000000000000103c        0x0
 .vfp11_veneer  0x000000000000103c        0x0 linker stubs

.v4_bx          0x000000000000103c        0x0
 .v4_bx         0x000000000000103c        0x0 linker stubs

.iplt           0x000000000000103c        0x0
 .iplt          0x000000000000103c        0x0 gcc/clock_efm32gg_ext.o

.rel.dyn        0x000000000000103c        0x0
 .rel.iplt      0x000000000000103c        0x0 gcc/clock_efm32gg_ext.o

.ARM.extab
 *(.ARM.extab* .gnu.linkonce.armextab.*)
                0x000000000000103b                __exidx_start = .

.ARM.exidx
 *(.ARM.exidx* .gnu.linkonce.armexidx.*)
                0x000000000000103b                __exidx_end = .
                0x000000000000103b                __etext = .

.data           0x0000000020000000        0x8 load address 0x000000000000103b
                0x0000000020000000                __data_start__ = .
 *(vtable)
 *(.data*)
 .data.SystemHFXOClock
                0x0000000020000000        0x4 gcc/system_efm32gg.o
 .data.SystemLFXOClock
                0x0000000020000004        0x4 gcc/system_efm32gg.o
                0x0000000020000008                . = ALIGN (0x4)
 *(.ram)
                0x0000000020000008                . = ALIGN (0x4)
                [!provide]                        PROVIDE (__preinit_array_start = .)
 *(.preinit_array)
                [!provide]                        PROVIDE (__preinit_array_end = .)
                0x0000000020000008                . = ALIGN (0x4)
                [!provide]                        PROVIDE (__init_array_start = .)
 *(SORT_BY_NAME(.init_array.*))
 *(.init_array)
                [!provide]                        PROVIDE (__init_array_end = .)
                0x0000000020000008                . = ALIGN (0x4)
                [!provide]                        PROVIDE (__fini_array_start = .)
 *(SORT_BY_NAME(.fini_array.*))
 *(.fini_array)
                [!provide]                        PROVIDE (__fini_array_end = .)
 *(.jcr*)
                0x0000000020000008                . = ALIGN (0x4)
                0x0000000020000008                __data_end__ = .

.igot.plt       0x0000000020000008        0x0 load address 0x0000000000001044
 .igot.plt      0x0000000020000008        0x0 gcc/clock_efm32gg_ext.o

.bss            0x0000000020000008      0x100 load address 0x0000000000001048
                0x0000000020000008                . = ALIGN (0x4)
                0x0000000020000008                __bss_start__ = .
 *(.bss*)
 .bss.inputbuffer
                0x0000000020000008        0x4 gcc/uart.o
                0x0000000020000008                inputbuffer
 .bss.outputbuffer
                0x000000002000000c        0x4 gcc/uart.o
                0x000000002000000c                outputbuffer
 .bss.tick      0x0000000020000010        0x8 gcc/main.o
                0x0000000020000010                tick
 .bss.counter.5446
                0x0000000020000018        0x4 gcc/main.o
 *(COMMON)
 COMMON         0x000000002000001c       0xe8 gcc/uart.o
                0x000000002000001c                inputbufferarea
                0x0000000020000090                outputbufferarea
 COMMON         0x0000000020000104        0x4 gcc/system_efm32gg.o
                0x0000000020000104                SystemCoreClock
                0x0000000020000108                . = ALIGN (0x4)
                0x0000000020000108                __bss_end__ = .

.heap           0x0000000020000108      0xc00
                0x0000000020000108                __HeapBase = .
                0x0000000020000108                __end__ = .
                0x0000000020000108                end = __end__
                0x0000000020000108                _end = __end__
 *(.heap*)
 .heap          0x0000000020000108      0xc00 gcc/startup_efm32gg.o
                0x0000000020000d08                __HeapLimit = .

.stack_dummy    0x0000000020000d08      0x400
 *(.stack*)
 .stack         0x0000000020000d08      0x400 gcc/startup_efm32gg.o
                0x0000000020020000                __StackTop = (ORIGIN (RAM) + LENGTH (RAM))
                0x000000002001fc00                __StackLimit = (__StackTop - SIZEOF (.stack_dummy))
                [!provide]                        PROVIDE (__stack = __StackTop)
                0x0000000000000001                ASSERT ((__StackLimit >= __HeapLimit), region RAM overflowed with stack)
                0x0000000000000001                ASSERT ((LENGTH (FLASH) >= (__etext + SIZEOF (.data))), FLASH memory overflowed !)
OUTPUT(gcc/uart-cdc.axf elf32-littlearm)
LOAD linker stubs

.debug_info     0x0000000000000000     0x2c8e
 .debug_info    0x0000000000000000      0x964 gcc/clock_efm32gg_ext.o
 .debug_info    0x0000000000000964      0xde9 gcc/uart.o
 .debug_info    0x000000000000174d      0x1f9 gcc/startup_efm32gg.o
 .debug_info    0x0000000000001946      0x76a gcc/main.o
 .debug_info    0x00000000000020b0      0x1a8 gcc/buffer.o
 .debug_info    0x0000000000002258      0x52c gcc/led.o
 .debug_info    0x0000000000002784      0x50a gcc/system_efm32gg.o

.debug_abbrev   0x0000000000000000      0xc11
 .debug_abbrev  0x0000000000000000      0x205 gcc/clock_efm32gg_ext.o
 .debug_abbrev  0x0000000000000205      0x2f7 gcc/uart.o
 .debug_abbrev  0x00000000000004fc       0xfb gcc/startup_efm32gg.o
 .debug_abbrev  0x00000000000005f7      0x258 gcc/main.o
 .debug_abbrev  0x000000000000084f       0xd7 gcc/buffer.o
 .debug_abbrev  0x0000000000000926      0x153 gcc/led.o
 .debug_abbrev  0x0000000000000a79      0x198 gcc/system_efm32gg.o

.debug_aranges  0x0000000000000000      0x278
 .debug_aranges
                0x0000000000000000       0x78 gcc/clock_efm32gg_ext.o
 .debug_aranges
                0x0000000000000078       0x98 gcc/uart.o
 .debug_aranges
                0x0000000000000110       0x38 gcc/startup_efm32gg.o
 .debug_aranges
                0x0000000000000148       0x40 gcc/main.o
 .debug_aranges
                0x0000000000000188       0x40 gcc/buffer.o
 .debug_aranges
                0x00000000000001c8       0x40 gcc/led.o
 .debug_aranges
                0x0000000000000208       0x70 gcc/system_efm32gg.o

.debug_ranges   0x0000000000000000      0x208
 .debug_ranges  0x0000000000000000       0x68 gcc/clock_efm32gg_ext.o
 .debug_ranges  0x0000000000000068       0x88 gcc/uart.o
 .debug_ranges  0x00000000000000f0       0x28 gcc/startup_efm32gg.o
 .debug_ranges  0x0000000000000118       0x30 gcc/main.o
 .debug_ranges  0x0000000000000148       0x30 gcc/buffer.o
 .debug_ranges  0x0000000000000178       0x30 gcc/led.o
 .debug_ranges  0x00000000000001a8       0x60 gcc/system_efm32gg.o

.debug_line     0x0000000000000000     0x1553
 .debug_line    0x0000000000000000      0x74f gcc/clock_efm32gg_ext.o
 .debug_line    0x000000000000074f      0x53c gcc/uart.o
 .debug_line    0x0000000000000c8b       0xf0 gcc/startup_efm32gg.o
 .debug_line    0x0000000000000d7b      0x245 gcc/main.o
 .debug_line    0x0000000000000fc0      0x12b gcc/buffer.o
 .debug_line    0x00000000000010eb      0x1b8 gcc/led.o
 .debug_line    0x00000000000012a3      0x2b0 gcc/system_efm32gg.o

.debug_str      0x0000000000000000      0xe6f
 .debug_str     0x0000000000000000      0x5de gcc/clock_efm32gg_ext.o
                                        0x647 (size before relaxing)
 .debug_str     0x00000000000005de      0x5bf gcc/uart.o
                                        0x8ac (size before relaxing)
 .debug_str     0x0000000000000b9d       0xfc gcc/startup_efm32gg.o
                                        0x285 (size before relaxing)
 .debug_str     0x0000000000000c99       0x72 gcc/main.o
                                        0x699 (size before relaxing)
 .debug_str     0x0000000000000d0b       0x4c gcc/buffer.o
                                        0x180 (size before relaxing)
 .debug_str     0x0000000000000d57       0x38 gcc/led.o
                                        0x38e (size before relaxing)
 .debug_str     0x0000000000000d8f       0xe0 gcc/system_efm32gg.o
                                        0x452 (size before relaxing)

.comment        0x0000000000000000       0x59
 .comment       0x0000000000000000       0x59 gcc/clock_efm32gg_ext.o
                                         0x5a (size before relaxing)
 .comment       0x0000000000000059       0x5a gcc/uart.o
 .comment       0x0000000000000059       0x5a gcc/startup_efm32gg.o
 .comment       0x0000000000000059       0x5a gcc/main.o
 .comment       0x0000000000000059       0x5a gcc/buffer.o
 .comment       0x0000000000000059       0x5a gcc/led.o
 .comment       0x0000000000000059       0x5a gcc/system_efm32gg.o

.ARM.attributes
                0x0000000000000000       0x2d
 .ARM.attributes
                0x0000000000000000       0x2d gcc/clock_efm32gg_ext.o
 .ARM.attributes
                0x000000000000002d       0x2d gcc/uart.o
 .ARM.attributes
                0x000000000000005a       0x2d gcc/startup_efm32gg.o
 .ARM.attributes
                0x0000000000000087       0x2d gcc/main.o
 .ARM.attributes
                0x00000000000000b4       0x2d gcc/buffer.o
 .ARM.attributes
                0x00000000000000e1       0x2d gcc/led.o
 .ARM.attributes
                0x000000000000010e       0x2d gcc/system_efm32gg.o

.debug_frame    0x0000000000000000      0x894
 .debug_frame   0x0000000000000000      0x1c8 gcc/clock_efm32gg_ext.o
 .debug_frame   0x00000000000001c8      0x264 gcc/uart.o
 .debug_frame   0x000000000000042c       0x78 gcc/startup_efm32gg.o
 .debug_frame   0x00000000000004a4       0xc4 gcc/main.o
 .debug_frame   0x0000000000000568       0xd8 gcc/buffer.o
 .debug_frame   0x0000000000000640       0xd4 gcc/led.o
 .debug_frame   0x0000000000000714      0x180 gcc/system_efm32gg.o
