
Allocating common symbols
Common symbol       size              file

SystemCoreClock     0x4               gcc/system_efm32gg.o

Discarded input sections

 .text          0x0000000000000000        0x0 gcc/startup_efm32gg.o
 .data          0x0000000000000000        0x0 gcc/startup_efm32gg.o
 .bss           0x0000000000000000        0x0 gcc/startup_efm32gg.o
 .text.SystemInit
                0x0000000000000000        0xc gcc/startup_efm32gg.o
 .text          0x0000000000000000        0x0 gcc/main.o
 .data          0x0000000000000000        0x0 gcc/main.o
 .bss           0x0000000000000000        0x0 gcc/main.o
 .text          0x0000000000000000        0x0 gcc/led.o
 .data          0x0000000000000000        0x0 gcc/led.o
 .bss           0x0000000000000000        0x0 gcc/led.o
 .rodata.GPIOE  0x0000000000000000        0x4 gcc/led.o
 .text.LED_On   0x0000000000000000       0x24 gcc/led.o
 .text          0x0000000000000000        0x0 gcc/system_efm32gg.o
 .data          0x0000000000000000        0x0 gcc/system_efm32gg.o
 .bss           0x0000000000000000        0x0 gcc/system_efm32gg.o
 .text.SystemMaxCoreClockGet
                0x0000000000000000       0x14 gcc/system_efm32gg.o
 .text.SystemHFXOClockGet
                0x0000000000000000       0x14 gcc/system_efm32gg.o
 .text.SystemHFXOClockSet
                0x0000000000000000       0x30 gcc/system_efm32gg.o
 .text.SystemLFRCOClockGet
                0x0000000000000000       0x10 gcc/system_efm32gg.o
 .text.SystemULFRCOClockGet
                0x0000000000000000       0x10 gcc/system_efm32gg.o
 .text.SystemLFXOClockGet
                0x0000000000000000       0x14 gcc/system_efm32gg.o
 .text.SystemLFXOClockSet
                0x0000000000000000       0x30 gcc/system_efm32gg.o
 .text          0x0000000000000000        0x0 gcc/clock_efm32gg.o
 .data          0x0000000000000000        0x0 gcc/clock_efm32gg.o
 .bss           0x0000000000000000        0x0 gcc/clock_efm32gg.o
 .text.ClockGetConfiguration
                0x0000000000000000      0x1a4 gcc/clock_efm32gg.o
 .text.ClockSetHFClockDivisor
                0x0000000000000000       0x60 gcc/clock_efm32gg.o
 .text.ClockSetPrescalers
                0x0000000000000000       0xb0 gcc/clock_efm32gg.o
 .text.ClockGetPeripheralClockFrequency
                0x0000000000000000       0x18 gcc/clock_efm32gg.o
 .text.ClockGetCoreClockFrequency
                0x0000000000000000       0x18 gcc/clock_efm32gg.o

Memory Configuration

Name             Origin             Length             Attributes
FLASH            0x0000000000000000 0x0000000000100000 xr
RAM              0x0000000020000000 0x0000000000020000 xrw
*default*        0x0000000000000000 0xffffffffffffffff

Linker script and memory map

LOAD gcc/startup_efm32gg.o
LOAD gcc/main.o
LOAD gcc/led.o
LOAD gcc/system_efm32gg.o
LOAD gcc/clock_efm32gg.o
LOAD /usr/lib/gcc/arm-none-eabi/9.2.1/../../../arm-none-eabi/lib/thumb/v7-m/nofp/libm.a
LOAD /usr/lib/gcc/arm-none-eabi/9.2.1/../../../arm-none-eabi/lib/thumb/v7-m/nofp/libc_nano.a
LOAD /usr/lib/gcc/arm-none-eabi/9.2.1/thumb/v7-m/nofp/libgcc.a
START GROUP
LOAD /usr/lib/gcc/arm-none-eabi/9.2.1/thumb/v7-m/nofp/libgcc.a
LOAD /usr/lib/gcc/arm-none-eabi/9.2.1/../../../arm-none-eabi/lib/thumb/v7-m/nofp/libg_nano.a
LOAD /usr/lib/gcc/arm-none-eabi/9.2.1/../../../arm-none-eabi/lib/thumb/v7-m/nofp/libc_nano.a
END GROUP
START GROUP
LOAD /usr/lib/gcc/arm-none-eabi/9.2.1/thumb/v7-m/nofp/libgcc.a
LOAD /usr/lib/gcc/arm-none-eabi/9.2.1/../../../arm-none-eabi/lib/thumb/v7-m/nofp/libc_nano.a
END GROUP

.text           0x0000000000000000      0x834
 *(.vectors)
 .vectors       0x0000000000000000       0xdc gcc/startup_efm32gg.o
                0x0000000000000000                __Vectors
                0x00000000000000dc                __Vectors_End = .
                0x00000000000000dc                __Vectors_Size = (__Vectors_End - __Vectors)
                0x0000000020000010                __end__ = .
 *(.text*)
 .text.Reset_Handler
                0x00000000000000dc       0x50 gcc/startup_efm32gg.o
                0x00000000000000dc                Reset_Handler
 .text._main    0x000000000000012c        0xc gcc/startup_efm32gg.o
                0x000000000000012c                _main
 .text.Default_Handler
                0x0000000000000138        0x6 gcc/startup_efm32gg.o
                0x0000000000000138                TIMER2_IRQHandler
                0x0000000000000138                DebugMon_Handler
                0x0000000000000138                USART0_TX_IRQHandler
                0x0000000000000138                I2C0_IRQHandler
                0x0000000000000138                HardFault_Handler
                0x0000000000000138                LEUART1_IRQHandler
                0x0000000000000138                SysTick_Handler
                0x0000000000000138                USART1_RX_IRQHandler
                0x0000000000000138                PendSV_Handler
                0x0000000000000138                NMI_Handler
                0x0000000000000138                I2C1_IRQHandler
                0x0000000000000138                TIMER3_IRQHandler
                0x0000000000000138                USART1_TX_IRQHandler
                0x0000000000000138                MSC_IRQHandler
                0x0000000000000138                ADC0_IRQHandler
                0x0000000000000138                UsageFault_Handler
                0x0000000000000138                LEUART0_IRQHandler
                0x0000000000000138                GPIO_EVEN_IRQHandler
                0x0000000000000138                UART0_TX_IRQHandler
                0x0000000000000138                UART1_TX_IRQHandler
                0x0000000000000138                RTC_IRQHandler
                0x0000000000000138                TIMER0_IRQHandler
                0x0000000000000138                LCD_IRQHandler
                0x0000000000000138                PCNT2_IRQHandler
                0x0000000000000138                UART0_RX_IRQHandler
                0x0000000000000138                LETIMER0_IRQHandler
                0x0000000000000138                TIMER1_IRQHandler
                0x0000000000000138                USART2_RX_IRQHandler
                0x0000000000000138                Default_Handler
                0x0000000000000138                EMU_IRQHandler
                0x0000000000000138                PCNT0_IRQHandler
                0x0000000000000138                USB_IRQHandler
                0x0000000000000138                BURTC_IRQHandler
                0x0000000000000138                PCNT1_IRQHandler
                0x0000000000000138                ACMP0_IRQHandler
                0x0000000000000138                USART0_RX_IRQHandler
                0x0000000000000138                MemManage_Handler
                0x0000000000000138                SVC_Handler
                0x0000000000000138                DAC0_IRQHandler
                0x0000000000000138                UART1_RX_IRQHandler
                0x0000000000000138                CMU_IRQHandler
                0x0000000000000138                EBI_IRQHandler
                0x0000000000000138                LESENSE_IRQHandler
                0x0000000000000138                GPIO_ODD_IRQHandler
                0x0000000000000138                AES_IRQHandler
                0x0000000000000138                VCMP_IRQHandler
                0x0000000000000138                DMA_IRQHandler
                0x0000000000000138                BusFault_Handler
                0x0000000000000138                USART2_TX_IRQHandler
 *fill*         0x000000000000013e        0x2 
 .text.Delay    0x0000000000000140       0x40 gcc/main.o
                0x0000000000000140                Delay
 .text.main     0x0000000000000180       0x3c gcc/main.o
                0x0000000000000180                main
 .text.LED_Init
                0x00000000000001bc       0x7c gcc/led.o
                0x00000000000001bc                LED_Init
 .text.LED_Off  0x0000000000000238       0x24 gcc/led.o
                0x0000000000000238                LED_Off
 .text.LED_Toggle
                0x000000000000025c       0x24 gcc/led.o
                0x000000000000025c                LED_Toggle
 .text.LED_Write
                0x0000000000000280       0x2c gcc/led.o
                0x0000000000000280                LED_Write
 .text.GetProdRev
                0x00000000000002ac       0x18 gcc/system_efm32gg.o
 .text.SystemCoreClockGet
                0x00000000000002c4       0x34 gcc/system_efm32gg.o
                0x00000000000002c4                SystemCoreClockGet
 .text.SystemHFClockGet
                0x00000000000002f8      0x118 gcc/system_efm32gg.o
                0x00000000000002f8                SystemHFClockGet
 .text.SystemInit
                0x0000000000000410        0xc gcc/system_efm32gg.o
                0x0000000000000410                SystemInit
 .text.SystemCoreClockUpdate
                0x000000000000041c        0xc gcc/clock_efm32gg.o
 .text.GetProdRev
                0x0000000000000428       0x18 gcc/clock_efm32gg.o
 .text.nearestpower2exp
                0x0000000000000440       0x6c gcc/clock_efm32gg.o
 .text.SystemCoreClockSet
                0x00000000000004ac      0x2f0 gcc/clock_efm32gg.o
                0x00000000000004ac                SystemCoreClockSet
 .text.ClockConfigureForFrequency
                0x000000000000079c       0x98 gcc/clock_efm32gg.o
                0x000000000000079c                ClockConfigureForFrequency
 *(.init)
 *(.fini)
 *crtbegin.o(.ctors)
 *crtbegin?.o(.ctors)
 *(EXCLUDE_FILE(*crtend.o *crtend?.o) .ctors)
 *(SORT_BY_NAME(.ctors.*))
 *(.ctors)
 *crtbegin.o(.dtors)
 *crtbegin?.o(.dtors)
 *(EXCLUDE_FILE(*crtend.o *crtend?.o) .dtors)
 *(SORT_BY_NAME(.dtors.*))
 *(.dtors)
 *(.rodata*)
 *(.eh_frame*)

.glue_7         0x0000000000000834        0x0
 .glue_7        0x0000000000000834        0x0 linker stubs

.glue_7t        0x0000000000000834        0x0
 .glue_7t       0x0000000000000834        0x0 linker stubs

.vfp11_veneer   0x0000000000000834        0x0
 .vfp11_veneer  0x0000000000000834        0x0 linker stubs

.v4_bx          0x0000000000000834        0x0
 .v4_bx         0x0000000000000834        0x0 linker stubs

.iplt           0x0000000000000834        0x0
 .iplt          0x0000000000000834        0x0 gcc/startup_efm32gg.o

.rel.dyn        0x0000000000000834        0x0
 .rel.iplt      0x0000000000000834        0x0 gcc/startup_efm32gg.o

.ARM.extab
 *(.ARM.extab* .gnu.linkonce.armextab.*)
                0x0000000000000834                __exidx_start = .

.ARM.exidx
 *(.ARM.exidx* .gnu.linkonce.armexidx.*)
                0x0000000000000834                __exidx_end = .
                0x0000000000000834                __etext = .

.data           0x0000000020000000        0x8 load address 0x0000000000000834
                0x0000000020000000                __data_start__ = .
 *(vtable)
 *(.data*)
 .data.SystemHFXOClock
                0x0000000020000000        0x4 gcc/system_efm32gg.o
 .data.SystemLFXOClock
                0x0000000020000004        0x4 gcc/system_efm32gg.o
                0x0000000020000008                . = ALIGN (0x4)
 *(.ram)
                0x0000000020000008                . = ALIGN (0x4)
                [!provide]                        PROVIDE (__preinit_array_start = .)
 *(.preinit_array)
                [!provide]                        PROVIDE (__preinit_array_end = .)
                0x0000000020000008                . = ALIGN (0x4)
                [!provide]                        PROVIDE (__init_array_start = .)
 *(SORT_BY_NAME(.init_array.*))
 *(.init_array)
                [!provide]                        PROVIDE (__init_array_end = .)
                0x0000000020000008                . = ALIGN (0x4)
                [!provide]                        PROVIDE (__fini_array_start = .)
 *(SORT_BY_NAME(.fini_array.*))
 *(.fini_array)
                [!provide]                        PROVIDE (__fini_array_end = .)
 *(.jcr*)
                0x0000000020000008                . = ALIGN (0x4)
                0x0000000020000008                __data_end__ = .

.igot.plt       0x0000000020000008        0x0 load address 0x000000000000083c
 .igot.plt      0x0000000020000008        0x0 gcc/startup_efm32gg.o

.bss            0x0000000020000008        0x4 load address 0x000000000000083c
                0x0000000020000008                . = ALIGN (0x4)
                0x0000000020000008                __bss_start__ = .
 *(.bss*)
 *(COMMON)
 COMMON         0x0000000020000008        0x4 gcc/system_efm32gg.o
                0x0000000020000008                SystemCoreClock
                0x000000002000000c                . = ALIGN (0x4)
                0x000000002000000c                __bss_end__ = .

.heap           0x0000000020000010      0xc00
                0x0000000020000010                __HeapBase = .
                0x0000000020000010                __end__ = .
                0x0000000020000010                end = __end__
                0x0000000020000010                _end = __end__
 *(.heap*)
 .heap          0x0000000020000010      0xc00 gcc/startup_efm32gg.o
                0x0000000020000c10                __HeapLimit = .

.stack_dummy    0x0000000020000c10      0x400
 *(.stack*)
 .stack         0x0000000020000c10      0x400 gcc/startup_efm32gg.o
                0x0000000020020000                __StackTop = (ORIGIN (RAM) + LENGTH (RAM))
                0x000000002001fc00                __StackLimit = (__StackTop - SIZEOF (.stack_dummy))
                [!provide]                        PROVIDE (__stack = __StackTop)
                0x0000000000000001                ASSERT ((__StackLimit >= __HeapLimit), region RAM overflowed with stack)
                0x0000000000000001                ASSERT ((LENGTH (FLASH) >= (__etext + SIZEOF (.data))), FLASH memory overflowed !)
OUTPUT(gcc/clockfrequency.axf elf32-littlearm)
LOAD linker stubs

.debug_info     0x0000000000000000     0x1635
 .debug_info    0x0000000000000000      0x1f9 gcc/startup_efm32gg.o
 .debug_info    0x00000000000001f9      0x146 gcc/main.o
 .debug_info    0x000000000000033f      0x52c gcc/led.o
 .debug_info    0x000000000000086b      0x50a gcc/system_efm32gg.o
 .debug_info    0x0000000000000d75      0x8c0 gcc/clock_efm32gg.o

.debug_abbrev   0x0000000000000000      0x6d6
 .debug_abbrev  0x0000000000000000       0xfb gcc/startup_efm32gg.o
 .debug_abbrev  0x00000000000000fb       0xeb gcc/main.o
 .debug_abbrev  0x00000000000001e6      0x153 gcc/led.o
 .debug_abbrev  0x0000000000000339      0x198 gcc/system_efm32gg.o
 .debug_abbrev  0x00000000000004d1      0x205 gcc/clock_efm32gg.o

.debug_aranges  0x0000000000000000      0x178
 .debug_aranges
                0x0000000000000000       0x38 gcc/startup_efm32gg.o
 .debug_aranges
                0x0000000000000038       0x28 gcc/main.o
 .debug_aranges
                0x0000000000000060       0x40 gcc/led.o
 .debug_aranges
                0x00000000000000a0       0x70 gcc/system_efm32gg.o
 .debug_aranges
                0x0000000000000110       0x68 gcc/clock_efm32gg.o

.debug_ranges   0x0000000000000000      0x128
 .debug_ranges  0x0000000000000000       0x28 gcc/startup_efm32gg.o
 .debug_ranges  0x0000000000000028       0x18 gcc/main.o
 .debug_ranges  0x0000000000000040       0x30 gcc/led.o
 .debug_ranges  0x0000000000000070       0x60 gcc/system_efm32gg.o
 .debug_ranges  0x00000000000000d0       0x58 gcc/clock_efm32gg.o

.debug_line     0x0000000000000000      0xc75
 .debug_line    0x0000000000000000       0xf0 gcc/startup_efm32gg.o
 .debug_line    0x00000000000000f0      0x17c gcc/main.o
 .debug_line    0x000000000000026c      0x1b8 gcc/led.o
 .debug_line    0x0000000000000424      0x2b0 gcc/system_efm32gg.o
 .debug_line    0x00000000000006d4      0x5a1 gcc/clock_efm32gg.o

.debug_str      0x0000000000000000      0x877
 .debug_str     0x0000000000000000      0x25b gcc/startup_efm32gg.o
                                        0x28f (size before relaxing)
 .debug_str     0x000000000000025b       0xcf gcc/main.o
                                        0x267 (size before relaxing)
 .debug_str     0x000000000000032a      0x1d4 gcc/led.o
                                        0x398 (size before relaxing)
 .debug_str     0x00000000000004fe      0x16e gcc/system_efm32gg.o
                                        0x45c (size before relaxing)
 .debug_str     0x000000000000066c      0x20b gcc/clock_efm32gg.o
                                        0x61b (size before relaxing)

.comment        0x0000000000000000       0x59
 .comment       0x0000000000000000       0x59 gcc/startup_efm32gg.o
                                         0x5a (size before relaxing)
 .comment       0x0000000000000059       0x5a gcc/main.o
 .comment       0x0000000000000059       0x5a gcc/led.o
 .comment       0x0000000000000059       0x5a gcc/system_efm32gg.o
 .comment       0x0000000000000059       0x5a gcc/clock_efm32gg.o

.ARM.attributes
                0x0000000000000000       0x2d
 .ARM.attributes
                0x0000000000000000       0x2d gcc/startup_efm32gg.o
 .ARM.attributes
                0x000000000000002d       0x2d gcc/main.o
 .ARM.attributes
                0x000000000000005a       0x2d gcc/led.o
 .ARM.attributes
                0x0000000000000087       0x2d gcc/system_efm32gg.o
 .ARM.attributes
                0x00000000000000b4       0x2d gcc/clock_efm32gg.o

.debug_frame    0x0000000000000000      0x498
 .debug_frame   0x0000000000000000       0x78 gcc/startup_efm32gg.o
 .debug_frame   0x0000000000000078       0x54 gcc/main.o
 .debug_frame   0x00000000000000cc       0xd4 gcc/led.o
 .debug_frame   0x00000000000001a0      0x180 gcc/system_efm32gg.o
 .debug_frame   0x0000000000000320      0x178 gcc/clock_efm32gg.o
