
Allocating common symbols
Common symbol       size              file

SystemCoreClock     0x4               gcc/system_efm32gg.o

Discarded input sections

 .text          0x0000000000000000        0x0 gcc/startup_efm32gg.o
 .data          0x0000000000000000        0x0 gcc/startup_efm32gg.o
 .bss           0x0000000000000000        0x0 gcc/startup_efm32gg.o
 .text.SystemInit
                0x0000000000000000        0xc gcc/startup_efm32gg.o
 .text          0x0000000000000000        0x0 gcc/main.o
 .data          0x0000000000000000        0x0 gcc/main.o
 .bss           0x0000000000000000        0x0 gcc/main.o
 .text.DelayPulses
                0x0000000000000000       0x3c gcc/main.o
 .text          0x0000000000000000        0x0 gcc/led.o
 .data          0x0000000000000000        0x0 gcc/led.o
 .bss           0x0000000000000000        0x0 gcc/led.o
 .rodata.GPIOE  0x0000000000000000        0x4 gcc/led.o
 .text.LED_On   0x0000000000000000       0x24 gcc/led.o
 .text          0x0000000000000000        0x0 gcc/system_efm32gg.o
 .data          0x0000000000000000        0x0 gcc/system_efm32gg.o
 .bss           0x0000000000000000        0x0 gcc/system_efm32gg.o
 .text.SystemMaxCoreClockGet
                0x0000000000000000       0x14 gcc/system_efm32gg.o
 .text.SystemHFXOClockGet
                0x0000000000000000       0x14 gcc/system_efm32gg.o
 .text.SystemHFXOClockSet
                0x0000000000000000       0x30 gcc/system_efm32gg.o
 .text.SystemLFRCOClockGet
                0x0000000000000000       0x10 gcc/system_efm32gg.o
 .text.SystemULFRCOClockGet
                0x0000000000000000       0x10 gcc/system_efm32gg.o
 .text.SystemLFXOClockGet
                0x0000000000000000       0x14 gcc/system_efm32gg.o
 .text.SystemLFXOClockSet
                0x0000000000000000       0x30 gcc/system_efm32gg.o

Memory Configuration

Name             Origin             Length             Attributes
FLASH            0x0000000000000000 0x0000000000100000 xr
RAM              0x0000000020000000 0x0000000000020000 xrw
*default*        0x0000000000000000 0xffffffffffffffff

Linker script and memory map

LOAD gcc/startup_efm32gg.o
LOAD gcc/main.o
LOAD gcc/led.o
LOAD gcc/system_efm32gg.o
LOAD /usr/lib/gcc/arm-none-eabi/9.2.1/../../../arm-none-eabi/lib/thumb/v7-m/nofp/libm.a
LOAD /usr/lib/gcc/arm-none-eabi/9.2.1/../../../arm-none-eabi/lib/thumb/v7-m/nofp/libc_nano.a
LOAD /usr/lib/gcc/arm-none-eabi/9.2.1/thumb/v7-m/nofp/libgcc.a
START GROUP
LOAD /usr/lib/gcc/arm-none-eabi/9.2.1/thumb/v7-m/nofp/libgcc.a
LOAD /usr/lib/gcc/arm-none-eabi/9.2.1/../../../arm-none-eabi/lib/thumb/v7-m/nofp/libg_nano.a
LOAD /usr/lib/gcc/arm-none-eabi/9.2.1/../../../arm-none-eabi/lib/thumb/v7-m/nofp/libc_nano.a
END GROUP
START GROUP
LOAD /usr/lib/gcc/arm-none-eabi/9.2.1/thumb/v7-m/nofp/libgcc.a
LOAD /usr/lib/gcc/arm-none-eabi/9.2.1/../../../arm-none-eabi/lib/thumb/v7-m/nofp/libc_nano.a
END GROUP

.text           0x0000000000000000      0x4dc
 *(.vectors)
 .vectors       0x0000000000000000       0xdc gcc/startup_efm32gg.o
                0x0000000000000000                __Vectors
                0x00000000000000dc                __Vectors_End = .
                0x00000000000000dc                __Vectors_Size = (__Vectors_End - __Vectors)
                0x0000000020000010                __end__ = .
 *(.text*)
 .text.Reset_Handler
                0x00000000000000dc       0x50 gcc/startup_efm32gg.o
                0x00000000000000dc                Reset_Handler
 .text._main    0x000000000000012c        0xc gcc/startup_efm32gg.o
                0x000000000000012c                _main
 .text.Default_Handler
                0x0000000000000138        0x6 gcc/startup_efm32gg.o
                0x0000000000000138                TIMER2_IRQHandler
                0x0000000000000138                DebugMon_Handler
                0x0000000000000138                USART0_TX_IRQHandler
                0x0000000000000138                I2C0_IRQHandler
                0x0000000000000138                HardFault_Handler
                0x0000000000000138                LEUART1_IRQHandler
                0x0000000000000138                USART1_RX_IRQHandler
                0x0000000000000138                PendSV_Handler
                0x0000000000000138                NMI_Handler
                0x0000000000000138                I2C1_IRQHandler
                0x0000000000000138                TIMER3_IRQHandler
                0x0000000000000138                USART1_TX_IRQHandler
                0x0000000000000138                MSC_IRQHandler
                0x0000000000000138                ADC0_IRQHandler
                0x0000000000000138                UsageFault_Handler
                0x0000000000000138                LEUART0_IRQHandler
                0x0000000000000138                GPIO_EVEN_IRQHandler
                0x0000000000000138                UART0_TX_IRQHandler
                0x0000000000000138                UART1_TX_IRQHandler
                0x0000000000000138                RTC_IRQHandler
                0x0000000000000138                TIMER0_IRQHandler
                0x0000000000000138                LCD_IRQHandler
                0x0000000000000138                PCNT2_IRQHandler
                0x0000000000000138                UART0_RX_IRQHandler
                0x0000000000000138                LETIMER0_IRQHandler
                0x0000000000000138                TIMER1_IRQHandler
                0x0000000000000138                USART2_RX_IRQHandler
                0x0000000000000138                Default_Handler
                0x0000000000000138                EMU_IRQHandler
                0x0000000000000138                PCNT0_IRQHandler
                0x0000000000000138                USB_IRQHandler
                0x0000000000000138                BURTC_IRQHandler
                0x0000000000000138                PCNT1_IRQHandler
                0x0000000000000138                ACMP0_IRQHandler
                0x0000000000000138                USART0_RX_IRQHandler
                0x0000000000000138                MemManage_Handler
                0x0000000000000138                SVC_Handler
                0x0000000000000138                DAC0_IRQHandler
                0x0000000000000138                UART1_RX_IRQHandler
                0x0000000000000138                CMU_IRQHandler
                0x0000000000000138                EBI_IRQHandler
                0x0000000000000138                LESENSE_IRQHandler
                0x0000000000000138                GPIO_ODD_IRQHandler
                0x0000000000000138                AES_IRQHandler
                0x0000000000000138                VCMP_IRQHandler
                0x0000000000000138                DMA_IRQHandler
                0x0000000000000138                BusFault_Handler
                0x0000000000000138                USART2_TX_IRQHandler
 *fill*         0x000000000000013e        0x2 
 .text.NVIC_SetPriority
                0x0000000000000140       0x54 gcc/main.o
 .text.SysTick_Config
                0x0000000000000194       0x44 gcc/main.o
 .text.SysTick_Handler
                0x00000000000001d8       0x1c gcc/main.o
                0x00000000000001d8                SysTick_Handler
 .text.Delay    0x00000000000001f4       0x30 gcc/main.o
                0x00000000000001f4                Delay
 .text.main     0x0000000000000224       0x58 gcc/main.o
                0x0000000000000224                main
 .text.LED_Init
                0x000000000000027c       0x7c gcc/led.o
                0x000000000000027c                LED_Init
 .text.LED_Off  0x00000000000002f8       0x24 gcc/led.o
                0x00000000000002f8                LED_Off
 .text.LED_Toggle
                0x000000000000031c       0x24 gcc/led.o
                0x000000000000031c                LED_Toggle
 .text.LED_Write
                0x0000000000000340       0x2c gcc/led.o
                0x0000000000000340                LED_Write
 .text.GetProdRev
                0x000000000000036c       0x18 gcc/system_efm32gg.o
 .text.SystemCoreClockGet
                0x0000000000000384       0x34 gcc/system_efm32gg.o
                0x0000000000000384                SystemCoreClockGet
 .text.SystemHFClockGet
                0x00000000000003b8      0x118 gcc/system_efm32gg.o
                0x00000000000003b8                SystemHFClockGet
 .text.SystemInit
                0x00000000000004d0        0xc gcc/system_efm32gg.o
                0x00000000000004d0                SystemInit
 *(.init)
 *(.fini)
 *crtbegin.o(.ctors)
 *crtbegin?.o(.ctors)
 *(EXCLUDE_FILE(*crtend.o *crtend?.o) .ctors)
 *(SORT_BY_NAME(.ctors.*))
 *(.ctors)
 *crtbegin.o(.dtors)
 *crtbegin?.o(.dtors)
 *(EXCLUDE_FILE(*crtend.o *crtend?.o) .dtors)
 *(SORT_BY_NAME(.dtors.*))
 *(.dtors)
 *(.rodata*)
 *(.eh_frame*)

.glue_7         0x00000000000004dc        0x0
 .glue_7        0x00000000000004dc        0x0 linker stubs

.glue_7t        0x00000000000004dc        0x0
 .glue_7t       0x00000000000004dc        0x0 linker stubs

.vfp11_veneer   0x00000000000004dc        0x0
 .vfp11_veneer  0x00000000000004dc        0x0 linker stubs

.v4_bx          0x00000000000004dc        0x0
 .v4_bx         0x00000000000004dc        0x0 linker stubs

.iplt           0x00000000000004dc        0x0
 .iplt          0x00000000000004dc        0x0 gcc/startup_efm32gg.o

.rel.dyn        0x00000000000004dc        0x0
 .rel.iplt      0x00000000000004dc        0x0 gcc/startup_efm32gg.o

.ARM.extab
 *(.ARM.extab* .gnu.linkonce.armextab.*)
                0x00000000000004dc                __exidx_start = .

.ARM.exidx
 *(.ARM.exidx* .gnu.linkonce.armexidx.*)
                0x00000000000004dc                __exidx_end = .
                0x00000000000004dc                __etext = .

.data           0x0000000020000000        0x8 load address 0x00000000000004dc
                0x0000000020000000                __data_start__ = .
 *(vtable)
 *(.data*)
 .data.SystemHFXOClock
                0x0000000020000000        0x4 gcc/system_efm32gg.o
 .data.SystemLFXOClock
                0x0000000020000004        0x4 gcc/system_efm32gg.o
                0x0000000020000008                . = ALIGN (0x4)
 *(.ram)
                0x0000000020000008                . = ALIGN (0x4)
                [!provide]                        PROVIDE (__preinit_array_start = .)
 *(.preinit_array)
                [!provide]                        PROVIDE (__preinit_array_end = .)
                0x0000000020000008                . = ALIGN (0x4)
                [!provide]                        PROVIDE (__init_array_start = .)
 *(SORT_BY_NAME(.init_array.*))
 *(.init_array)
                [!provide]                        PROVIDE (__init_array_end = .)
                0x0000000020000008                . = ALIGN (0x4)
                [!provide]                        PROVIDE (__fini_array_start = .)
 *(SORT_BY_NAME(.fini_array.*))
 *(.fini_array)
                [!provide]                        PROVIDE (__fini_array_end = .)
 *(.jcr*)
                0x0000000020000008                . = ALIGN (0x4)
                0x0000000020000008                __data_end__ = .

.igot.plt       0x0000000020000008        0x0 load address 0x00000000000004e4
 .igot.plt      0x0000000020000008        0x0 gcc/startup_efm32gg.o

.bss            0x0000000020000008        0x8 load address 0x00000000000004e4
                0x0000000020000008                . = ALIGN (0x4)
                0x0000000020000008                __bss_start__ = .
 *(.bss*)
 .bss.TickCounter
                0x0000000020000008        0x4 gcc/main.o
                0x0000000020000008                TickCounter
 *(COMMON)
 COMMON         0x000000002000000c        0x4 gcc/system_efm32gg.o
                0x000000002000000c                SystemCoreClock
                0x0000000020000010                . = ALIGN (0x4)
                0x0000000020000010                __bss_end__ = .

.heap           0x0000000020000010      0xc00
                0x0000000020000010                __HeapBase = .
                0x0000000020000010                __end__ = .
                0x0000000020000010                end = __end__
                0x0000000020000010                _end = __end__
 *(.heap*)
 .heap          0x0000000020000010      0xc00 gcc/startup_efm32gg.o
                0x0000000020000c10                __HeapLimit = .

.stack_dummy    0x0000000020000c10      0x400
 *(.stack*)
 .stack         0x0000000020000c10      0x400 gcc/startup_efm32gg.o
                0x0000000020020000                __StackTop = (ORIGIN (RAM) + LENGTH (RAM))
                0x000000002001fc00                __StackLimit = (__StackTop - SIZEOF (.stack_dummy))
                [!provide]                        PROVIDE (__stack = __StackTop)
                0x0000000000000001                ASSERT ((__StackLimit >= __HeapLimit), region RAM overflowed with stack)
                0x0000000000000001                ASSERT ((LENGTH (FLASH) >= (__etext + SIZEOF (.data))), FLASH memory overflowed !)
OUTPUT(gcc/blink-systick.axf elf32-littlearm)
LOAD linker stubs

.debug_info     0x0000000000000000     0x1275
 .debug_info    0x0000000000000000      0x1f9 gcc/startup_efm32gg.o
 .debug_info    0x00000000000001f9      0x646 gcc/main.o
 .debug_info    0x000000000000083f      0x52c gcc/led.o
 .debug_info    0x0000000000000d6b      0x50a gcc/system_efm32gg.o

.debug_abbrev   0x0000000000000000      0x5f8
 .debug_abbrev  0x0000000000000000       0xfb gcc/startup_efm32gg.o
 .debug_abbrev  0x00000000000000fb      0x212 gcc/main.o
 .debug_abbrev  0x000000000000030d      0x153 gcc/led.o
 .debug_abbrev  0x0000000000000460      0x198 gcc/system_efm32gg.o

.debug_aranges  0x0000000000000000      0x130
 .debug_aranges
                0x0000000000000000       0x38 gcc/startup_efm32gg.o
 .debug_aranges
                0x0000000000000038       0x48 gcc/main.o
 .debug_aranges
                0x0000000000000080       0x40 gcc/led.o
 .debug_aranges
                0x00000000000000c0       0x70 gcc/system_efm32gg.o

.debug_ranges   0x0000000000000000       0xf0
 .debug_ranges  0x0000000000000000       0x28 gcc/startup_efm32gg.o
 .debug_ranges  0x0000000000000028       0x38 gcc/main.o
 .debug_ranges  0x0000000000000060       0x30 gcc/led.o
 .debug_ranges  0x0000000000000090       0x60 gcc/system_efm32gg.o

.debug_line     0x0000000000000000      0x7ab
 .debug_line    0x0000000000000000       0xf0 gcc/startup_efm32gg.o
 .debug_line    0x00000000000000f0      0x251 gcc/main.o
 .debug_line    0x0000000000000341      0x1ba gcc/led.o
 .debug_line    0x00000000000004fb      0x2b0 gcc/system_efm32gg.o

.debug_str      0x0000000000000000      0x935
 .debug_str     0x0000000000000000      0x250 gcc/startup_efm32gg.o
                                        0x284 (size before relaxing)
 .debug_str     0x0000000000000250      0x3c1 gcc/main.o
                                        0x575 (size before relaxing)
 .debug_str     0x0000000000000611      0x1b1 gcc/led.o
                                        0x38d (size before relaxing)
 .debug_str     0x00000000000007c2      0x173 gcc/system_efm32gg.o
                                        0x451 (size before relaxing)

.comment        0x0000000000000000       0x59
 .comment       0x0000000000000000       0x59 gcc/startup_efm32gg.o
                                         0x5a (size before relaxing)
 .comment       0x0000000000000059       0x5a gcc/main.o
 .comment       0x0000000000000059       0x5a gcc/led.o
 .comment       0x0000000000000059       0x5a gcc/system_efm32gg.o

.ARM.attributes
                0x0000000000000000       0x2d
 .ARM.attributes
                0x0000000000000000       0x2d gcc/startup_efm32gg.o
 .ARM.attributes
                0x000000000000002d       0x2d gcc/main.o
 .ARM.attributes
                0x000000000000005a       0x2d gcc/led.o
 .ARM.attributes
                0x0000000000000087       0x2d gcc/system_efm32gg.o

.debug_frame    0x0000000000000000      0x3b4
 .debug_frame   0x0000000000000000       0x78 gcc/startup_efm32gg.o
 .debug_frame   0x0000000000000078       0xe8 gcc/main.o
 .debug_frame   0x0000000000000160       0xd4 gcc/led.o
 .debug_frame   0x0000000000000234      0x180 gcc/system_efm32gg.o
