Archive member included to satisfy reference by file (symbol)

/usr/lib/gcc/arm-none-eabi/9.2.1/../../../arm-none-eabi/lib/thumb/v7-m/nofp/libc.a(lib_a-abort.o)
                              gcc/syscalls.o (abort)
/usr/lib/gcc/arm-none-eabi/9.2.1/../../../arm-none-eabi/lib/thumb/v7-m/nofp/libc.a(lib_a-memset.o)
                              gcc/lcd.o (memset)
/usr/lib/gcc/arm-none-eabi/9.2.1/../../../arm-none-eabi/lib/thumb/v7-m/nofp/libc.a(lib_a-putchar.o)
                              gcc/main.o (putchar)
/usr/lib/gcc/arm-none-eabi/9.2.1/../../../arm-none-eabi/lib/thumb/v7-m/nofp/libc.a(lib_a-reent.o)
                              gcc/syscalls.o (errno)
/usr/lib/gcc/arm-none-eabi/9.2.1/../../../arm-none-eabi/lib/thumb/v7-m/nofp/libc.a(lib_a-signal.o)
                              /usr/lib/gcc/arm-none-eabi/9.2.1/../../../arm-none-eabi/lib/thumb/v7-m/nofp/libc.a(lib_a-abort.o) (raise)
/usr/lib/gcc/arm-none-eabi/9.2.1/../../../arm-none-eabi/lib/thumb/v7-m/nofp/libc.a(lib_a-signalr.o)
                              /usr/lib/gcc/arm-none-eabi/9.2.1/../../../arm-none-eabi/lib/thumb/v7-m/nofp/libc.a(lib_a-signal.o) (_kill_r)
/usr/lib/gcc/arm-none-eabi/9.2.1/../../../arm-none-eabi/lib/thumb/v7-m/nofp/libc.a(lib_a-freer.o)
                              /usr/lib/gcc/arm-none-eabi/9.2.1/../../../arm-none-eabi/lib/thumb/v7-m/nofp/libc.a(lib_a-reent.o) (_free_r)
/usr/lib/gcc/arm-none-eabi/9.2.1/../../../arm-none-eabi/lib/thumb/v7-m/nofp/libc.a(lib_a-impure.o)
                              /usr/lib/gcc/arm-none-eabi/9.2.1/../../../arm-none-eabi/lib/thumb/v7-m/nofp/libc.a(lib_a-putchar.o) (_impure_ptr)
/usr/lib/gcc/arm-none-eabi/9.2.1/../../../arm-none-eabi/lib/thumb/v7-m/nofp/libc.a(lib_a-mallocr.o)
                              /usr/lib/gcc/arm-none-eabi/9.2.1/../../../arm-none-eabi/lib/thumb/v7-m/nofp/libc.a(lib_a-signal.o) (_malloc_r)
/usr/lib/gcc/arm-none-eabi/9.2.1/../../../arm-none-eabi/lib/thumb/v7-m/nofp/libc.a(lib_a-mlock.o)
                              /usr/lib/gcc/arm-none-eabi/9.2.1/../../../arm-none-eabi/lib/thumb/v7-m/nofp/libc.a(lib_a-freer.o) (__malloc_lock)
/usr/lib/gcc/arm-none-eabi/9.2.1/../../../arm-none-eabi/lib/thumb/v7-m/nofp/libc.a(lib_a-putc.o)
                              /usr/lib/gcc/arm-none-eabi/9.2.1/../../../arm-none-eabi/lib/thumb/v7-m/nofp/libc.a(lib_a-putchar.o) (_putc_r)
/usr/lib/gcc/arm-none-eabi/9.2.1/../../../arm-none-eabi/lib/thumb/v7-m/nofp/libc.a(lib_a-sbrkr.o)
                              /usr/lib/gcc/arm-none-eabi/9.2.1/../../../arm-none-eabi/lib/thumb/v7-m/nofp/libc.a(lib_a-freer.o) (_sbrk_r)
/usr/lib/gcc/arm-none-eabi/9.2.1/../../../arm-none-eabi/lib/thumb/v7-m/nofp/libc.a(lib_a-wbuf.o)
                              /usr/lib/gcc/arm-none-eabi/9.2.1/../../../arm-none-eabi/lib/thumb/v7-m/nofp/libc.a(lib_a-putc.o) (__swbuf_r)
/usr/lib/gcc/arm-none-eabi/9.2.1/../../../arm-none-eabi/lib/thumb/v7-m/nofp/libc.a(lib_a-wsetup.o)
                              /usr/lib/gcc/arm-none-eabi/9.2.1/../../../arm-none-eabi/lib/thumb/v7-m/nofp/libc.a(lib_a-wbuf.o) (__swsetup_r)
/usr/lib/gcc/arm-none-eabi/9.2.1/../../../arm-none-eabi/lib/thumb/v7-m/nofp/libc.a(lib_a-fflush.o)
                              /usr/lib/gcc/arm-none-eabi/9.2.1/../../../arm-none-eabi/lib/thumb/v7-m/nofp/libc.a(lib_a-wbuf.o) (_fflush_r)
/usr/lib/gcc/arm-none-eabi/9.2.1/../../../arm-none-eabi/lib/thumb/v7-m/nofp/libc.a(lib_a-findfp.o)
                              /usr/lib/gcc/arm-none-eabi/9.2.1/../../../arm-none-eabi/lib/thumb/v7-m/nofp/libc.a(lib_a-putc.o) (__sinit)
/usr/lib/gcc/arm-none-eabi/9.2.1/../../../arm-none-eabi/lib/thumb/v7-m/nofp/libc.a(lib_a-fwalk.o)
                              /usr/lib/gcc/arm-none-eabi/9.2.1/../../../arm-none-eabi/lib/thumb/v7-m/nofp/libc.a(lib_a-findfp.o) (_fwalk)
/usr/lib/gcc/arm-none-eabi/9.2.1/../../../arm-none-eabi/lib/thumb/v7-m/nofp/libc.a(lib_a-makebuf.o)
                              /usr/lib/gcc/arm-none-eabi/9.2.1/../../../arm-none-eabi/lib/thumb/v7-m/nofp/libc.a(lib_a-wsetup.o) (__smakebuf_r)
/usr/lib/gcc/arm-none-eabi/9.2.1/../../../arm-none-eabi/lib/thumb/v7-m/nofp/libc.a(lib_a-stdio.o)
                              /usr/lib/gcc/arm-none-eabi/9.2.1/../../../arm-none-eabi/lib/thumb/v7-m/nofp/libc.a(lib_a-findfp.o) (__sread)
/usr/lib/gcc/arm-none-eabi/9.2.1/../../../arm-none-eabi/lib/thumb/v7-m/nofp/libc.a(lib_a-writer.o)
                              /usr/lib/gcc/arm-none-eabi/9.2.1/../../../arm-none-eabi/lib/thumb/v7-m/nofp/libc.a(lib_a-stdio.o) (_write_r)
/usr/lib/gcc/arm-none-eabi/9.2.1/../../../arm-none-eabi/lib/thumb/v7-m/nofp/libc.a(lib_a-closer.o)
                              /usr/lib/gcc/arm-none-eabi/9.2.1/../../../arm-none-eabi/lib/thumb/v7-m/nofp/libc.a(lib_a-stdio.o) (_close_r)
/usr/lib/gcc/arm-none-eabi/9.2.1/../../../arm-none-eabi/lib/thumb/v7-m/nofp/libc.a(lib_a-fclose.o)
                              /usr/lib/gcc/arm-none-eabi/9.2.1/../../../arm-none-eabi/lib/thumb/v7-m/nofp/libc.a(lib_a-findfp.o) (_fclose_r)
/usr/lib/gcc/arm-none-eabi/9.2.1/../../../arm-none-eabi/lib/thumb/v7-m/nofp/libc.a(lib_a-fstatr.o)
                              /usr/lib/gcc/arm-none-eabi/9.2.1/../../../arm-none-eabi/lib/thumb/v7-m/nofp/libc.a(lib_a-makebuf.o) (_fstat_r)
/usr/lib/gcc/arm-none-eabi/9.2.1/../../../arm-none-eabi/lib/thumb/v7-m/nofp/libc.a(lib_a-isattyr.o)
                              /usr/lib/gcc/arm-none-eabi/9.2.1/../../../arm-none-eabi/lib/thumb/v7-m/nofp/libc.a(lib_a-makebuf.o) (_isatty_r)
/usr/lib/gcc/arm-none-eabi/9.2.1/../../../arm-none-eabi/lib/thumb/v7-m/nofp/libc.a(lib_a-lseekr.o)
                              /usr/lib/gcc/arm-none-eabi/9.2.1/../../../arm-none-eabi/lib/thumb/v7-m/nofp/libc.a(lib_a-stdio.o) (_lseek_r)
/usr/lib/gcc/arm-none-eabi/9.2.1/../../../arm-none-eabi/lib/thumb/v7-m/nofp/libc.a(lib_a-readr.o)
                              /usr/lib/gcc/arm-none-eabi/9.2.1/../../../arm-none-eabi/lib/thumb/v7-m/nofp/libc.a(lib_a-stdio.o) (_read_r)

Allocating common symbols
Common symbol       size              file

errno               0x4               /usr/lib/gcc/arm-none-eabi/9.2.1/../../../arm-none-eabi/lib/thumb/v7-m/nofp/libc.a(lib_a-reent.o)
SystemCoreClock     0x4               gcc/system_efm32gg.o
ibuffarea0          0x74              gcc/uart2.o
obuffarea0          0x74              gcc/uart2.o
ibuffarea1          0x74              gcc/uart2.o
obuffarea1          0x74              gcc/uart2.o

Discarded input sections

 .text          0x0000000000000000        0x0 gcc/pwm.o
 .data          0x0000000000000000        0x0 gcc/pwm.o
 .bss           0x0000000000000000        0x0 gcc/pwm.o
 .rodata.GPIOA  0x0000000000000000        0x4 gcc/pwm.o
 .rodata.GPIOB  0x0000000000000000        0x4 gcc/pwm.o
 .rodata.GPIOC  0x0000000000000000        0x4 gcc/pwm.o
 .rodata.GPIOD  0x0000000000000000        0x4 gcc/pwm.o
 .rodata.GPIOE  0x0000000000000000        0x4 gcc/pwm.o
 .rodata.GPIOF  0x0000000000000000        0x4 gcc/pwm.o
 .rodata.GPIO_MODE_DISABLE
                0x0000000000000000        0x4 gcc/pwm.o
 .rodata.GPIO_MODE_INPUT
                0x0000000000000000        0x4 gcc/pwm.o
 .rodata.GPIO_MODE_INPUTPULL
                0x0000000000000000        0x4 gcc/pwm.o
 .rodata.GPIO_MODE_INPUTPULLFILTER
                0x0000000000000000        0x4 gcc/pwm.o
 .rodata.GPIO_MODE_PUSHPULL
                0x0000000000000000        0x4 gcc/pwm.o
 .rodata.GPIO_MODE_PUSHPULLDRIVE
                0x0000000000000000        0x4 gcc/pwm.o
 .rodata.GPIO_MODE_WIREDOR
                0x0000000000000000        0x4 gcc/pwm.o
 .rodata.GPIO_MODE_WIREDORPULLDOWN
                0x0000000000000000        0x4 gcc/pwm.o
 .rodata.GPIO_MODE_WIREDAND
                0x0000000000000000        0x4 gcc/pwm.o
 .rodata.GPIO_MODE_WIREDANDFILTER
                0x0000000000000000        0x4 gcc/pwm.o
 .rodata.GPIO_MODE_WIREDANDPULLUP
                0x0000000000000000        0x4 gcc/pwm.o
 .rodata.GPIO_MODE_WIREDANDPULLUPFILTER
                0x0000000000000000        0x4 gcc/pwm.o
 .rodata.GPIO_MODE_WIREDANDDRIVE
                0x0000000000000000        0x4 gcc/pwm.o
 .rodata.GPIO_MODE_WIREDANDDRIVEFILTER
                0x0000000000000000        0x4 gcc/pwm.o
 .rodata.GPIO_MODE_WIREDANDDRIVEPULLUP
                0x0000000000000000        0x4 gcc/pwm.o
 .rodata.GPIO_MODE_WIREDANDDRIVEPULLUPFILTER
                0x0000000000000000        0x4 gcc/pwm.o
 .text.PWM_Read
                0x0000000000000000       0x26 gcc/pwm.o
 .text          0x0000000000000000        0x0 gcc/buffer.o
 .data          0x0000000000000000        0x0 gcc/buffer.o
 .bss           0x0000000000000000        0x0 gcc/buffer.o
 .text.buffer_clear
                0x0000000000000000       0x2a gcc/buffer.o
 .text          0x0000000000000000        0x0 gcc/clock_efm32gg2.o
 .data          0x0000000000000000        0x0 gcc/clock_efm32gg2.o
 .bss           0x0000000000000000        0x0 gcc/clock_efm32gg2.o
 .text.ClockSetPrescalers
                0x0000000000000000      0x11c gcc/clock_efm32gg2.o
 .text.ClockSetLFCLKA
                0x0000000000000000      0x12c gcc/clock_efm32gg2.o
 .text.ClockSetLFCLKB
                0x0000000000000000      0x12c gcc/clock_efm32gg2.o
 .text.ClockGetCoreClockFrequency
                0x0000000000000000       0x18 gcc/clock_efm32gg2.o
 .text          0x0000000000000000        0x0 gcc/main.o
 .data          0x0000000000000000        0x0 gcc/main.o
 .bss           0x0000000000000000        0x0 gcc/main.o
 .rodata.GPIOA  0x0000000000000000        0x4 gcc/main.o
 .rodata.GPIOB  0x0000000000000000        0x4 gcc/main.o
 .rodata.GPIOC  0x0000000000000000        0x4 gcc/main.o
 .rodata.GPIOD  0x0000000000000000        0x4 gcc/main.o
 .rodata.GPIOE  0x0000000000000000        0x4 gcc/main.o
 .rodata.GPIOF  0x0000000000000000        0x4 gcc/main.o
 .rodata.GPIO_MODE_DISABLE
                0x0000000000000000        0x4 gcc/main.o
 .rodata.GPIO_MODE_INPUT
                0x0000000000000000        0x4 gcc/main.o
 .rodata.GPIO_MODE_INPUTPULL
                0x0000000000000000        0x4 gcc/main.o
 .rodata.GPIO_MODE_INPUTPULLFILTER
                0x0000000000000000        0x4 gcc/main.o
 .rodata.GPIO_MODE_PUSHPULL
                0x0000000000000000        0x4 gcc/main.o
 .rodata.GPIO_MODE_PUSHPULLDRIVE
                0x0000000000000000        0x4 gcc/main.o
 .rodata.GPIO_MODE_WIREDOR
                0x0000000000000000        0x4 gcc/main.o
 .rodata.GPIO_MODE_WIREDORPULLDOWN
                0x0000000000000000        0x4 gcc/main.o
 .rodata.GPIO_MODE_WIREDAND
                0x0000000000000000        0x4 gcc/main.o
 .rodata.GPIO_MODE_WIREDANDFILTER
                0x0000000000000000        0x4 gcc/main.o
 .rodata.GPIO_MODE_WIREDANDPULLUP
                0x0000000000000000        0x4 gcc/main.o
 .rodata.GPIO_MODE_WIREDANDPULLUPFILTER
                0x0000000000000000        0x4 gcc/main.o
 .rodata.GPIO_MODE_WIREDANDDRIVE
                0x0000000000000000        0x4 gcc/main.o
 .rodata.GPIO_MODE_WIREDANDDRIVEFILTER
                0x0000000000000000        0x4 gcc/main.o
 .rodata.GPIO_MODE_WIREDANDDRIVEPULLUP
                0x0000000000000000        0x4 gcc/main.o
 .rodata.GPIO_MODE_WIREDANDDRIVEPULLUPFILTER
                0x0000000000000000        0x4 gcc/main.o
 .rodata.max_counter
                0x0000000000000000        0x1 gcc/main.o
 .bss.ticks     0x0000000000000000        0x4 gcc/main.o
 .text.Delay    0x0000000000000000       0x30 gcc/main.o
 .text.printbin
                0x0000000000000000       0x46 gcc/main.o
 .text          0x0000000000000000        0x0 gcc/button.o
 .data          0x0000000000000000        0x0 gcc/button.o
 .bss           0x0000000000000000        0x0 gcc/button.o
 .rodata.GPIOB  0x0000000000000000        0x4 gcc/button.o
 .text.Button_Read
                0x0000000000000000       0x20 gcc/button.o
 .text.Button_ReadChanges
                0x0000000000000000       0x38 gcc/button.o
 .text.Button_ReadPressed
                0x0000000000000000       0x3c gcc/button.o
 .text          0x0000000000000000        0x0 gcc/startup_efm32gg.o
 .data          0x0000000000000000        0x0 gcc/startup_efm32gg.o
 .bss           0x0000000000000000        0x0 gcc/startup_efm32gg.o
 .text.SystemInit
                0x0000000000000000        0xc gcc/startup_efm32gg.o
 .text._main    0x0000000000000000        0xc gcc/startup_efm32gg.o
 .text          0x0000000000000000        0x0 gcc/lcd.o
 .data          0x0000000000000000        0x0 gcc/lcd.o
 .bss           0x0000000000000000        0x0 gcc/lcd.o
 .rodata.tablcdspecial
                0x0000000000000000       0x44 gcc/lcd.o
 .text.LCD_WriteAlphanumericDisplay
                0x0000000000000000       0x4e gcc/lcd.o
 .text.LCD_WriteNumericDisplay
                0x0000000000000000       0x4e gcc/lcd.o
 .text.LCD_WriteSegmentMask
                0x0000000000000000       0x9c gcc/lcd.o
 .text.LCD_WriteSegment2
                0x0000000000000000       0x48 gcc/lcd.o
 .text.LCD_WriteSegment
                0x0000000000000000       0x3c gcc/lcd.o
 .text.LCD_WriteSpecial
                0x0000000000000000      0x264 gcc/lcd.o
 .text.LCD_Freeze
                0x0000000000000000       0x1c gcc/lcd.o
 .text.LCD_Unfreeze
                0x0000000000000000       0x1c gcc/lcd.o
 .text          0x0000000000000000        0x0 gcc/led.o
 .data          0x0000000000000000        0x0 gcc/led.o
 .bss           0x0000000000000000        0x0 gcc/led.o
 .rodata.GPIOE  0x0000000000000000        0x4 gcc/led.o
 .text.LED_Init
                0x0000000000000000       0x7c gcc/led.o
 .text.LED_On   0x0000000000000000       0x24 gcc/led.o
 .text.LED_Off  0x0000000000000000       0x24 gcc/led.o
 .text.LED_Toggle
                0x0000000000000000       0x24 gcc/led.o
 .text.LED_Write
                0x0000000000000000       0x2c gcc/led.o
 .debug_info    0x0000000000000000      0x52c gcc/led.o
 .debug_abbrev  0x0000000000000000      0x153 gcc/led.o
 .debug_aranges
                0x0000000000000000       0x40 gcc/led.o
 .debug_ranges  0x0000000000000000       0x30 gcc/led.o
 .debug_line    0x0000000000000000      0x1b8 gcc/led.o
 .debug_str     0x0000000000000000      0x395 gcc/led.o
 .comment       0x0000000000000000       0x5a gcc/led.o
 .debug_frame   0x0000000000000000       0xd4 gcc/led.o
 .ARM.attributes
                0x0000000000000000       0x2d gcc/led.o
 .text          0x0000000000000000        0x0 gcc/gpio.o
 .data          0x0000000000000000        0x0 gcc/gpio.o
 .bss           0x0000000000000000        0x0 gcc/gpio.o
 .rodata.GPIOA  0x0000000000000000        0x4 gcc/gpio.o
 .rodata.GPIOB  0x0000000000000000        0x4 gcc/gpio.o
 .rodata.GPIOC  0x0000000000000000        0x4 gcc/gpio.o
 .rodata.GPIOD  0x0000000000000000        0x4 gcc/gpio.o
 .rodata.GPIOE  0x0000000000000000        0x4 gcc/gpio.o
 .rodata.GPIOF  0x0000000000000000        0x4 gcc/gpio.o
 .rodata.GPIO_MODE_DISABLE
                0x0000000000000000        0x4 gcc/gpio.o
 .rodata.GPIO_MODE_INPUT
                0x0000000000000000        0x4 gcc/gpio.o
 .rodata.GPIO_MODE_INPUTPULL
                0x0000000000000000        0x4 gcc/gpio.o
 .rodata.GPIO_MODE_INPUTPULLFILTER
                0x0000000000000000        0x4 gcc/gpio.o
 .rodata.GPIO_MODE_PUSHPULL
                0x0000000000000000        0x4 gcc/gpio.o
 .rodata.GPIO_MODE_PUSHPULLDRIVE
                0x0000000000000000        0x4 gcc/gpio.o
 .rodata.GPIO_MODE_WIREDOR
                0x0000000000000000        0x4 gcc/gpio.o
 .rodata.GPIO_MODE_WIREDORPULLDOWN
                0x0000000000000000        0x4 gcc/gpio.o
 .rodata.GPIO_MODE_WIREDAND
                0x0000000000000000        0x4 gcc/gpio.o
 .rodata.GPIO_MODE_WIREDANDFILTER
                0x0000000000000000        0x4 gcc/gpio.o
 .rodata.GPIO_MODE_WIREDANDPULLUP
                0x0000000000000000        0x4 gcc/gpio.o
 .rodata.GPIO_MODE_WIREDANDPULLUPFILTER
                0x0000000000000000        0x4 gcc/gpio.o
 .rodata.GPIO_MODE_WIREDANDDRIVE
                0x0000000000000000        0x4 gcc/gpio.o
 .rodata.GPIO_MODE_WIREDANDDRIVEFILTER
                0x0000000000000000        0x4 gcc/gpio.o
 .rodata.GPIO_MODE_WIREDANDDRIVEPULLUP
                0x0000000000000000        0x4 gcc/gpio.o
 .rodata.GPIO_MODE_WIREDANDDRIVEPULLUPFILTER
                0x0000000000000000        0x4 gcc/gpio.o
 .text          0x0000000000000000        0x0 gcc/uart2.o
 .data          0x0000000000000000        0x0 gcc/uart2.o
 .bss           0x0000000000000000        0x0 gcc/uart2.o
 .rodata.BAUD   0x0000000000000000        0x4 gcc/uart2.o
 .rodata.GPIOE  0x0000000000000000        0x4 gcc/uart2.o
 .rodata.GPIOF  0x0000000000000000        0x4 gcc/uart2.o
 .text.UART_GetStatus
                0x0000000000000000       0x1a gcc/uart2.o
 .text.UART_SendChar
                0x0000000000000000       0xa4 gcc/uart2.o
 .text.UART_SendString
                0x0000000000000000       0x2e gcc/uart2.o
 .text.UART_GetCharNoWait
                0x0000000000000000       0x7c gcc/uart2.o
 .text.UART_GetChar
                0x0000000000000000       0x78 gcc/uart2.o
 .text.UART_EnableInterrupts
                0x0000000000000000       0x40 gcc/uart2.o
 .text.UART_DisableInterrupts
                0x0000000000000000       0x40 gcc/uart2.o
 .text.UART_PutCharPolling
                0x0000000000000000       0x2a gcc/uart2.o
 .text.UART_Flush
                0x0000000000000000       0xd4 gcc/uart2.o
 .text          0x0000000000000000        0x0 gcc/syscalls.o
 .data          0x0000000000000000        0x0 gcc/syscalls.o
 .bss           0x0000000000000000        0x0 gcc/syscalls.o
 .text.GetStackPointer
                0x0000000000000000       0x14 gcc/syscalls.o
 .text.SerialWrite
                0x0000000000000000       0x24 gcc/syscalls.o
 .text.SerialRead
                0x0000000000000000       0x1c gcc/syscalls.o
 .text.SerialFlush
                0x0000000000000000       0x1c gcc/syscalls.o
 .data.ttyconfig
                0x0000000000000000        0x4 gcc/syscalls.o
 .text.tty_write
                0x0000000000000000       0x6c gcc/syscalls.o
 .text.tty_read_un
                0x0000000000000000       0x5c gcc/syscalls.o
 .text.tty_read_lb
                0x0000000000000000       0xcc gcc/syscalls.o
 .text._exit    0x0000000000000000        0x6 gcc/syscalls.o
 .text._close   0x0000000000000000       0x16 gcc/syscalls.o
 .bss.__env     0x0000000000000000        0x4 gcc/syscalls.o
 .data.environ  0x0000000000000000        0x4 gcc/syscalls.o
 .text._execve  0x0000000000000000       0x24 gcc/syscalls.o
 .text._fork    0x0000000000000000       0x1c gcc/syscalls.o
 .text._fstat   0x0000000000000000       0x1e gcc/syscalls.o
 .text._getpid  0x0000000000000000        0xe gcc/syscalls.o
 .text._isatty  0x0000000000000000       0x14 gcc/syscalls.o
 .text._kill    0x0000000000000000       0x24 gcc/syscalls.o
 .text._link    0x0000000000000000       0x24 gcc/syscalls.o
 .text._lseek   0x0000000000000000       0x18 gcc/syscalls.o
 .text._open    0x0000000000000000       0x1a gcc/syscalls.o
 .text._read    0x0000000000000000       0x40 gcc/syscalls.o
 .bss.heap_end.6196
                0x0000000000000000        0x4 gcc/syscalls.o
 .rodata        0x0000000000000000       0x1a gcc/syscalls.o
 .text._sbrk    0x0000000000000000       0x60 gcc/syscalls.o
 .text._stat    0x0000000000000000       0x1e gcc/syscalls.o
 .text._times   0x0000000000000000       0x16 gcc/syscalls.o
 .text._unlink  0x0000000000000000       0x20 gcc/syscalls.o
 .text._wait    0x0000000000000000       0x20 gcc/syscalls.o
 .text._write   0x0000000000000000       0x20 gcc/syscalls.o
 .text          0x0000000000000000        0x0 gcc/system_efm32gg.o
 .data          0x0000000000000000        0x0 gcc/system_efm32gg.o
 .bss           0x0000000000000000        0x0 gcc/system_efm32gg.o
 .text.SystemMaxCoreClockGet
                0x0000000000000000       0x14 gcc/system_efm32gg.o
 .text.SystemHFXOClockGet
                0x0000000000000000       0x14 gcc/system_efm32gg.o
 .text.SystemHFXOClockSet
                0x0000000000000000       0x30 gcc/system_efm32gg.o
 .text.SystemLFRCOClockGet
                0x0000000000000000       0x10 gcc/system_efm32gg.o
 .text.SystemULFRCOClockGet
                0x0000000000000000       0x10 gcc/system_efm32gg.o
 .text.SystemLFXOClockGet
                0x0000000000000000       0x14 gcc/system_efm32gg.o
 .text.SystemLFXOClockSet
                0x0000000000000000       0x30 gcc/system_efm32gg.o
 .text          0x0000000000000000        0x0 gcc/temperature.o
 .data          0x0000000000000000        0x0 gcc/temperature.o
 .bss           0x0000000000000000        0x0 gcc/temperature.o
 .bss.caltemp   0x0000000000000000        0x4 gcc/temperature.o
 .bss.caltempread
                0x0000000000000000        0x4 gcc/temperature.o
 .data.adcthu_num
                0x0000000000000000        0x4 gcc/temperature.o
 .data.adcthu_den
                0x0000000000000000        0x4 gcc/temperature.o
 .text.GetCalibrationValues
                0x0000000000000000       0x34 gcc/temperature.o
 .text.Temperature_Init
                0x0000000000000000       0x1c gcc/temperature.o
 .text.Temperature_GetRawReading
                0x0000000000000000       0x18 gcc/temperature.o
 .text.Temperature_GetUncalibratedValue
                0x0000000000000000       0x3c gcc/temperature.o
 .text.Temperature_GetCalibratedValue
                0x0000000000000000       0x48 gcc/temperature.o
 .debug_info    0x0000000000000000      0x2b8 gcc/temperature.o
 .debug_abbrev  0x0000000000000000      0x119 gcc/temperature.o
 .debug_aranges
                0x0000000000000000       0x40 gcc/temperature.o
 .debug_ranges  0x0000000000000000       0x30 gcc/temperature.o
 .debug_line    0x0000000000000000      0x1b5 gcc/temperature.o
 .debug_str     0x0000000000000000      0x315 gcc/temperature.o
 .comment       0x0000000000000000       0x5a gcc/temperature.o
 .debug_frame   0x0000000000000000       0xc0 gcc/temperature.o
 .ARM.attributes
                0x0000000000000000       0x2d gcc/temperature.o
 .text          0x0000000000000000        0x0 gcc/adc.o
 .data          0x0000000000000000        0x0 gcc/adc.o
 .bss           0x0000000000000000        0x0 gcc/adc.o
 .rodata.default_singlectrl
                0x0000000000000000       0x54 gcc/adc.o
 .bss.singlectrl
                0x0000000000000000       0x54 gcc/adc.o
 .bss.adc_cal   0x0000000000000000        0x4 gcc/adc.o
 .bss.adc_bias  0x0000000000000000        0x4 gcc/adc.o
 .bss.cal_gain_1v25
                0x0000000000000000        0x4 gcc/adc.o
 .bss.cal_offset_1v25
                0x0000000000000000        0x4 gcc/adc.o
 .bss.cal_gain_2v5
                0x0000000000000000        0x4 gcc/adc.o
 .bss.cal_offset_2v5
                0x0000000000000000        0x4 gcc/adc.o
 .bss.cal_gain_vdd
                0x0000000000000000        0x4 gcc/adc.o
 .bss.cal_offset_vdd
                0x0000000000000000        0x4 gcc/adc.o
 .bss.cal_gain_5v
                0x0000000000000000        0x4 gcc/adc.o
 .bss.cal_offset_5v
                0x0000000000000000        0x4 gcc/adc.o
 .bss.cal_gain_2xvdd
                0x0000000000000000        0x4 gcc/adc.o
 .bss.cal_offset_2xvdd
                0x0000000000000000        0x4 gcc/adc.o
 .text.GetCalibrationValues
                0x0000000000000000       0xe0 gcc/adc.o
 .text.ADC_Init
                0x0000000000000000      0x11c gcc/adc.o
 .text.ADC_ConfigChannel
                0x0000000000000000       0xd4 gcc/adc.o
 .text.ADC_Read
                0x0000000000000000       0x1e gcc/adc.o
 .text.ADC_StartReading
                0x0000000000000000       0x58 gcc/adc.o
 .text.ADC_GetReading
                0x0000000000000000       0x38 gcc/adc.o
 .text          0x0000000000000000       0x10 /usr/lib/gcc/arm-none-eabi/9.2.1/../../../arm-none-eabi/lib/thumb/v7-m/nofp/libc.a(lib_a-abort.o)
 .data          0x0000000000000000        0x0 /usr/lib/gcc/arm-none-eabi/9.2.1/../../../arm-none-eabi/lib/thumb/v7-m/nofp/libc.a(lib_a-abort.o)
 .bss           0x0000000000000000        0x0 /usr/lib/gcc/arm-none-eabi/9.2.1/../../../arm-none-eabi/lib/thumb/v7-m/nofp/libc.a(lib_a-abort.o)
 .debug_info    0x0000000000000000      0x9b5 /usr/lib/gcc/arm-none-eabi/9.2.1/../../../arm-none-eabi/lib/thumb/v7-m/nofp/libc.a(lib_a-abort.o)
 .debug_abbrev  0x0000000000000000      0x20b /usr/lib/gcc/arm-none-eabi/9.2.1/../../../arm-none-eabi/lib/thumb/v7-m/nofp/libc.a(lib_a-abort.o)
 .debug_aranges
                0x0000000000000000       0x20 /usr/lib/gcc/arm-none-eabi/9.2.1/../../../arm-none-eabi/lib/thumb/v7-m/nofp/libc.a(lib_a-abort.o)
 .debug_line    0x0000000000000000      0x15f /usr/lib/gcc/arm-none-eabi/9.2.1/../../../arm-none-eabi/lib/thumb/v7-m/nofp/libc.a(lib_a-abort.o)
 .debug_str     0x0000000000000000      0x5d6 /usr/lib/gcc/arm-none-eabi/9.2.1/../../../arm-none-eabi/lib/thumb/v7-m/nofp/libc.a(lib_a-abort.o)
 .comment       0x0000000000000000       0x4f /usr/lib/gcc/arm-none-eabi/9.2.1/../../../arm-none-eabi/lib/thumb/v7-m/nofp/libc.a(lib_a-abort.o)
 .debug_frame   0x0000000000000000       0x28 /usr/lib/gcc/arm-none-eabi/9.2.1/../../../arm-none-eabi/lib/thumb/v7-m/nofp/libc.a(lib_a-abort.o)
 .ARM.attributes
                0x0000000000000000       0x2d /usr/lib/gcc/arm-none-eabi/9.2.1/../../../arm-none-eabi/lib/thumb/v7-m/nofp/libc.a(lib_a-abort.o)
 .data          0x0000000000000000        0x0 /usr/lib/gcc/arm-none-eabi/9.2.1/../../../arm-none-eabi/lib/thumb/v7-m/nofp/libc.a(lib_a-memset.o)
 .bss           0x0000000000000000        0x0 /usr/lib/gcc/arm-none-eabi/9.2.1/../../../arm-none-eabi/lib/thumb/v7-m/nofp/libc.a(lib_a-memset.o)
 .text          0x0000000000000000       0x18 /usr/lib/gcc/arm-none-eabi/9.2.1/../../../arm-none-eabi/lib/thumb/v7-m/nofp/libc.a(lib_a-putchar.o)
 .data          0x0000000000000000        0x0 /usr/lib/gcc/arm-none-eabi/9.2.1/../../../arm-none-eabi/lib/thumb/v7-m/nofp/libc.a(lib_a-putchar.o)
 .bss           0x0000000000000000        0x0 /usr/lib/gcc/arm-none-eabi/9.2.1/../../../arm-none-eabi/lib/thumb/v7-m/nofp/libc.a(lib_a-putchar.o)
 .debug_info    0x0000000000000000      0xbb5 /usr/lib/gcc/arm-none-eabi/9.2.1/../../../arm-none-eabi/lib/thumb/v7-m/nofp/libc.a(lib_a-putchar.o)
 .debug_abbrev  0x0000000000000000      0x26b /usr/lib/gcc/arm-none-eabi/9.2.1/../../../arm-none-eabi/lib/thumb/v7-m/nofp/libc.a(lib_a-putchar.o)
 .debug_loc     0x0000000000000000       0x91 /usr/lib/gcc/arm-none-eabi/9.2.1/../../../arm-none-eabi/lib/thumb/v7-m/nofp/libc.a(lib_a-putchar.o)
 .debug_aranges
                0x0000000000000000       0x20 /usr/lib/gcc/arm-none-eabi/9.2.1/../../../arm-none-eabi/lib/thumb/v7-m/nofp/libc.a(lib_a-putchar.o)
 .debug_line    0x0000000000000000      0x189 /usr/lib/gcc/arm-none-eabi/9.2.1/../../../arm-none-eabi/lib/thumb/v7-m/nofp/libc.a(lib_a-putchar.o)
 .debug_str     0x0000000000000000      0x6e9 /usr/lib/gcc/arm-none-eabi/9.2.1/../../../arm-none-eabi/lib/thumb/v7-m/nofp/libc.a(lib_a-putchar.o)
 .comment       0x0000000000000000       0x4f /usr/lib/gcc/arm-none-eabi/9.2.1/../../../arm-none-eabi/lib/thumb/v7-m/nofp/libc.a(lib_a-putchar.o)
 .debug_frame   0x0000000000000000       0x30 /usr/lib/gcc/arm-none-eabi/9.2.1/../../../arm-none-eabi/lib/thumb/v7-m/nofp/libc.a(lib_a-putchar.o)
 .ARM.attributes
                0x0000000000000000       0x2d /usr/lib/gcc/arm-none-eabi/9.2.1/../../../arm-none-eabi/lib/thumb/v7-m/nofp/libc.a(lib_a-putchar.o)
 .text          0x0000000000000000       0xa4 /usr/lib/gcc/arm-none-eabi/9.2.1/../../../arm-none-eabi/lib/thumb/v7-m/nofp/libc.a(lib_a-reent.o)
 .data          0x0000000000000000        0x0 /usr/lib/gcc/arm-none-eabi/9.2.1/../../../arm-none-eabi/lib/thumb/v7-m/nofp/libc.a(lib_a-reent.o)
 .bss           0x0000000000000000        0x0 /usr/lib/gcc/arm-none-eabi/9.2.1/../../../arm-none-eabi/lib/thumb/v7-m/nofp/libc.a(lib_a-reent.o)
 .debug_info    0x0000000000000000      0xac5 /usr/lib/gcc/arm-none-eabi/9.2.1/../../../arm-none-eabi/lib/thumb/v7-m/nofp/libc.a(lib_a-reent.o)
 .debug_abbrev  0x0000000000000000      0x2ba /usr/lib/gcc/arm-none-eabi/9.2.1/../../../arm-none-eabi/lib/thumb/v7-m/nofp/libc.a(lib_a-reent.o)
 .debug_loc     0x0000000000000000      0x152 /usr/lib/gcc/arm-none-eabi/9.2.1/../../../arm-none-eabi/lib/thumb/v7-m/nofp/libc.a(lib_a-reent.o)
 .debug_aranges
                0x0000000000000000       0x20 /usr/lib/gcc/arm-none-eabi/9.2.1/../../../arm-none-eabi/lib/thumb/v7-m/nofp/libc.a(lib_a-reent.o)
 .debug_line    0x0000000000000000      0x21b /usr/lib/gcc/arm-none-eabi/9.2.1/../../../arm-none-eabi/lib/thumb/v7-m/nofp/libc.a(lib_a-reent.o)
 .debug_str     0x0000000000000000      0x5d4 /usr/lib/gcc/arm-none-eabi/9.2.1/../../../arm-none-eabi/lib/thumb/v7-m/nofp/libc.a(lib_a-reent.o)
 .comment       0x0000000000000000       0x4f /usr/lib/gcc/arm-none-eabi/9.2.1/../../../arm-none-eabi/lib/thumb/v7-m/nofp/libc.a(lib_a-reent.o)
 .debug_frame   0x0000000000000000       0x60 /usr/lib/gcc/arm-none-eabi/9.2.1/../../../arm-none-eabi/lib/thumb/v7-m/nofp/libc.a(lib_a-reent.o)
 .ARM.attributes
                0x0000000000000000       0x2d /usr/lib/gcc/arm-none-eabi/9.2.1/../../../arm-none-eabi/lib/thumb/v7-m/nofp/libc.a(lib_a-reent.o)
 COMMON         0x0000000000000000        0x4 /usr/lib/gcc/arm-none-eabi/9.2.1/../../../arm-none-eabi/lib/thumb/v7-m/nofp/libc.a(lib_a-reent.o)
 .text          0x0000000000000000      0x15c /usr/lib/gcc/arm-none-eabi/9.2.1/../../../arm-none-eabi/lib/thumb/v7-m/nofp/libc.a(lib_a-signal.o)
 .data          0x0000000000000000        0x0 /usr/lib/gcc/arm-none-eabi/9.2.1/../../../arm-none-eabi/lib/thumb/v7-m/nofp/libc.a(lib_a-signal.o)
 .bss           0x0000000000000000        0x0 /usr/lib/gcc/arm-none-eabi/9.2.1/../../../arm-none-eabi/lib/thumb/v7-m/nofp/libc.a(lib_a-signal.o)
 .debug_info    0x0000000000000000      0xd5c /usr/lib/gcc/arm-none-eabi/9.2.1/../../../arm-none-eabi/lib/thumb/v7-m/nofp/libc.a(lib_a-signal.o)
 .debug_abbrev  0x0000000000000000      0x36b /usr/lib/gcc/arm-none-eabi/9.2.1/../../../arm-none-eabi/lib/thumb/v7-m/nofp/libc.a(lib_a-signal.o)
 .debug_loc     0x0000000000000000      0x55d /usr/lib/gcc/arm-none-eabi/9.2.1/../../../arm-none-eabi/lib/thumb/v7-m/nofp/libc.a(lib_a-signal.o)
 .debug_aranges
                0x0000000000000000       0x20 /usr/lib/gcc/arm-none-eabi/9.2.1/../../../arm-none-eabi/lib/thumb/v7-m/nofp/libc.a(lib_a-signal.o)
 .debug_ranges  0x0000000000000000       0x30 /usr/lib/gcc/arm-none-eabi/9.2.1/../../../arm-none-eabi/lib/thumb/v7-m/nofp/libc.a(lib_a-signal.o)
 .debug_line    0x0000000000000000      0x3dc /usr/lib/gcc/arm-none-eabi/9.2.1/../../../arm-none-eabi/lib/thumb/v7-m/nofp/libc.a(lib_a-signal.o)
 .debug_str     0x0000000000000000      0x63b /usr/lib/gcc/arm-none-eabi/9.2.1/../../../arm-none-eabi/lib/thumb/v7-m/nofp/libc.a(lib_a-signal.o)
 .comment       0x0000000000000000       0x4f /usr/lib/gcc/arm-none-eabi/9.2.1/../../../arm-none-eabi/lib/thumb/v7-m/nofp/libc.a(lib_a-signal.o)
 .debug_frame   0x0000000000000000       0xe0 /usr/lib/gcc/arm-none-eabi/9.2.1/../../../arm-none-eabi/lib/thumb/v7-m/nofp/libc.a(lib_a-signal.o)
 .ARM.attributes
                0x0000000000000000       0x2d /usr/lib/gcc/arm-none-eabi/9.2.1/../../../arm-none-eabi/lib/thumb/v7-m/nofp/libc.a(lib_a-signal.o)
 .text          0x0000000000000000       0x2c /usr/lib/gcc/arm-none-eabi/9.2.1/../../../arm-none-eabi/lib/thumb/v7-m/nofp/libc.a(lib_a-signalr.o)
 .data          0x0000000000000000        0x0 /usr/lib/gcc/arm-none-eabi/9.2.1/../../../arm-none-eabi/lib/thumb/v7-m/nofp/libc.a(lib_a-signalr.o)
 .bss           0x0000000000000000        0x0 /usr/lib/gcc/arm-none-eabi/9.2.1/../../../arm-none-eabi/lib/thumb/v7-m/nofp/libc.a(lib_a-signalr.o)
 .debug_info    0x0000000000000000      0xa43 /usr/lib/gcc/arm-none-eabi/9.2.1/../../../arm-none-eabi/lib/thumb/v7-m/nofp/libc.a(lib_a-signalr.o)
 .debug_abbrev  0x0000000000000000      0x255 /usr/lib/gcc/arm-none-eabi/9.2.1/../../../arm-none-eabi/lib/thumb/v7-m/nofp/libc.a(lib_a-signalr.o)
 .debug_loc     0x0000000000000000       0xc3 /usr/lib/gcc/arm-none-eabi/9.2.1/../../../arm-none-eabi/lib/thumb/v7-m/nofp/libc.a(lib_a-signalr.o)
 .debug_aranges
                0x0000000000000000       0x20 /usr/lib/gcc/arm-none-eabi/9.2.1/../../../arm-none-eabi/lib/thumb/v7-m/nofp/libc.a(lib_a-signalr.o)
 .debug_line    0x0000000000000000      0x1a3 /usr/lib/gcc/arm-none-eabi/9.2.1/../../../arm-none-eabi/lib/thumb/v7-m/nofp/libc.a(lib_a-signalr.o)
 .debug_str     0x0000000000000000      0x5e0 /usr/lib/gcc/arm-none-eabi/9.2.1/../../../arm-none-eabi/lib/thumb/v7-m/nofp/libc.a(lib_a-signalr.o)
 .comment       0x0000000000000000       0x4f /usr/lib/gcc/arm-none-eabi/9.2.1/../../../arm-none-eabi/lib/thumb/v7-m/nofp/libc.a(lib_a-signalr.o)
 .debug_frame   0x0000000000000000       0x3c /usr/lib/gcc/arm-none-eabi/9.2.1/../../../arm-none-eabi/lib/thumb/v7-m/nofp/libc.a(lib_a-signalr.o)
 .ARM.attributes
                0x0000000000000000       0x2d /usr/lib/gcc/arm-none-eabi/9.2.1/../../../arm-none-eabi/lib/thumb/v7-m/nofp/libc.a(lib_a-signalr.o)
 .text          0x0000000000000000      0x294 /usr/lib/gcc/arm-none-eabi/9.2.1/../../../arm-none-eabi/lib/thumb/v7-m/nofp/libc.a(lib_a-freer.o)
 .data          0x0000000000000000        0x0 /usr/lib/gcc/arm-none-eabi/9.2.1/../../../arm-none-eabi/lib/thumb/v7-m/nofp/libc.a(lib_a-freer.o)
 .bss           0x0000000000000000        0x0 /usr/lib/gcc/arm-none-eabi/9.2.1/../../../arm-none-eabi/lib/thumb/v7-m/nofp/libc.a(lib_a-freer.o)
 .debug_info    0x0000000000000000      0xdc4 /usr/lib/gcc/arm-none-eabi/9.2.1/../../../arm-none-eabi/lib/thumb/v7-m/nofp/libc.a(lib_a-freer.o)
 .debug_abbrev  0x0000000000000000      0x2c9 /usr/lib/gcc/arm-none-eabi/9.2.1/../../../arm-none-eabi/lib/thumb/v7-m/nofp/libc.a(lib_a-freer.o)
 .debug_loc     0x0000000000000000      0x701 /usr/lib/gcc/arm-none-eabi/9.2.1/../../../arm-none-eabi/lib/thumb/v7-m/nofp/libc.a(lib_a-freer.o)
 .debug_aranges
                0x0000000000000000       0x20 /usr/lib/gcc/arm-none-eabi/9.2.1/../../../arm-none-eabi/lib/thumb/v7-m/nofp/libc.a(lib_a-freer.o)
 .debug_line    0x0000000000000000      0x518 /usr/lib/gcc/arm-none-eabi/9.2.1/../../../arm-none-eabi/lib/thumb/v7-m/nofp/libc.a(lib_a-freer.o)
 .debug_str     0x0000000000000000      0x779 /usr/lib/gcc/arm-none-eabi/9.2.1/../../../arm-none-eabi/lib/thumb/v7-m/nofp/libc.a(lib_a-freer.o)
 .comment       0x0000000000000000       0x4f /usr/lib/gcc/arm-none-eabi/9.2.1/../../../arm-none-eabi/lib/thumb/v7-m/nofp/libc.a(lib_a-freer.o)
 .debug_frame   0x0000000000000000       0x8c /usr/lib/gcc/arm-none-eabi/9.2.1/../../../arm-none-eabi/lib/thumb/v7-m/nofp/libc.a(lib_a-freer.o)
 .ARM.attributes
                0x0000000000000000       0x2d /usr/lib/gcc/arm-none-eabi/9.2.1/../../../arm-none-eabi/lib/thumb/v7-m/nofp/libc.a(lib_a-freer.o)
 .text          0x0000000000000000        0x0 /usr/lib/gcc/arm-none-eabi/9.2.1/../../../arm-none-eabi/lib/thumb/v7-m/nofp/libc.a(lib_a-impure.o)
 .data          0x0000000000000000      0x430 /usr/lib/gcc/arm-none-eabi/9.2.1/../../../arm-none-eabi/lib/thumb/v7-m/nofp/libc.a(lib_a-impure.o)
 .bss           0x0000000000000000        0x0 /usr/lib/gcc/arm-none-eabi/9.2.1/../../../arm-none-eabi/lib/thumb/v7-m/nofp/libc.a(lib_a-impure.o)
 .rodata        0x0000000000000000        0x4 /usr/lib/gcc/arm-none-eabi/9.2.1/../../../arm-none-eabi/lib/thumb/v7-m/nofp/libc.a(lib_a-impure.o)
 .debug_info    0x0000000000000000      0x92a /usr/lib/gcc/arm-none-eabi/9.2.1/../../../arm-none-eabi/lib/thumb/v7-m/nofp/libc.a(lib_a-impure.o)
 .debug_abbrev  0x0000000000000000      0x1b8 /usr/lib/gcc/arm-none-eabi/9.2.1/../../../arm-none-eabi/lib/thumb/v7-m/nofp/libc.a(lib_a-impure.o)
 .debug_aranges
                0x0000000000000000       0x18 /usr/lib/gcc/arm-none-eabi/9.2.1/../../../arm-none-eabi/lib/thumb/v7-m/nofp/libc.a(lib_a-impure.o)
 .debug_line    0x0000000000000000       0xe3 /usr/lib/gcc/arm-none-eabi/9.2.1/../../../arm-none-eabi/lib/thumb/v7-m/nofp/libc.a(lib_a-impure.o)
 .debug_str     0x0000000000000000      0x598 /usr/lib/gcc/arm-none-eabi/9.2.1/../../../arm-none-eabi/lib/thumb/v7-m/nofp/libc.a(lib_a-impure.o)
 .comment       0x0000000000000000       0x4f /usr/lib/gcc/arm-none-eabi/9.2.1/../../../arm-none-eabi/lib/thumb/v7-m/nofp/libc.a(lib_a-impure.o)
 .ARM.attributes
                0x0000000000000000       0x2d /usr/lib/gcc/arm-none-eabi/9.2.1/../../../arm-none-eabi/lib/thumb/v7-m/nofp/libc.a(lib_a-impure.o)
 .text          0x0000000000000000      0x548 /usr/lib/gcc/arm-none-eabi/9.2.1/../../../arm-none-eabi/lib/thumb/v7-m/nofp/libc.a(lib_a-mallocr.o)
 .data          0x0000000000000000      0x410 /usr/lib/gcc/arm-none-eabi/9.2.1/../../../arm-none-eabi/lib/thumb/v7-m/nofp/libc.a(lib_a-mallocr.o)
 .bss           0x0000000000000000       0x34 /usr/lib/gcc/arm-none-eabi/9.2.1/../../../arm-none-eabi/lib/thumb/v7-m/nofp/libc.a(lib_a-mallocr.o)
 .debug_info    0x0000000000000000      0xf2e /usr/lib/gcc/arm-none-eabi/9.2.1/../../../arm-none-eabi/lib/thumb/v7-m/nofp/libc.a(lib_a-mallocr.o)
 .debug_abbrev  0x0000000000000000      0x321 /usr/lib/gcc/arm-none-eabi/9.2.1/../../../arm-none-eabi/lib/thumb/v7-m/nofp/libc.a(lib_a-mallocr.o)
 .debug_loc     0x0000000000000000      0xf1c /usr/lib/gcc/arm-none-eabi/9.2.1/../../../arm-none-eabi/lib/thumb/v7-m/nofp/libc.a(lib_a-mallocr.o)
 .debug_aranges
                0x0000000000000000       0x20 /usr/lib/gcc/arm-none-eabi/9.2.1/../../../arm-none-eabi/lib/thumb/v7-m/nofp/libc.a(lib_a-mallocr.o)
 .debug_ranges  0x0000000000000000       0x38 /usr/lib/gcc/arm-none-eabi/9.2.1/../../../arm-none-eabi/lib/thumb/v7-m/nofp/libc.a(lib_a-mallocr.o)
 .debug_line    0x0000000000000000      0x88c /usr/lib/gcc/arm-none-eabi/9.2.1/../../../arm-none-eabi/lib/thumb/v7-m/nofp/libc.a(lib_a-mallocr.o)
 .debug_str     0x0000000000000000      0x800 /usr/lib/gcc/arm-none-eabi/9.2.1/../../../arm-none-eabi/lib/thumb/v7-m/nofp/libc.a(lib_a-mallocr.o)
 .comment       0x0000000000000000       0x4f /usr/lib/gcc/arm-none-eabi/9.2.1/../../../arm-none-eabi/lib/thumb/v7-m/nofp/libc.a(lib_a-mallocr.o)
 .debug_frame   0x0000000000000000       0x4c /usr/lib/gcc/arm-none-eabi/9.2.1/../../../arm-none-eabi/lib/thumb/v7-m/nofp/libc.a(lib_a-mallocr.o)
 .ARM.attributes
                0x0000000000000000       0x2d /usr/lib/gcc/arm-none-eabi/9.2.1/../../../arm-none-eabi/lib/thumb/v7-m/nofp/libc.a(lib_a-mallocr.o)
 .text          0x0000000000000000        0x8 /usr/lib/gcc/arm-none-eabi/9.2.1/../../../arm-none-eabi/lib/thumb/v7-m/nofp/libc.a(lib_a-mlock.o)
 .data          0x0000000000000000        0x0 /usr/lib/gcc/arm-none-eabi/9.2.1/../../../arm-none-eabi/lib/thumb/v7-m/nofp/libc.a(lib_a-mlock.o)
 .bss           0x0000000000000000        0x0 /usr/lib/gcc/arm-none-eabi/9.2.1/../../../arm-none-eabi/lib/thumb/v7-m/nofp/libc.a(lib_a-mlock.o)
 .debug_info    0x0000000000000000      0x961 /usr/lib/gcc/arm-none-eabi/9.2.1/../../../arm-none-eabi/lib/thumb/v7-m/nofp/libc.a(lib_a-mlock.o)
 .debug_abbrev  0x0000000000000000      0x203 /usr/lib/gcc/arm-none-eabi/9.2.1/../../../arm-none-eabi/lib/thumb/v7-m/nofp/libc.a(lib_a-mlock.o)
 .debug_aranges
                0x0000000000000000       0x20 /usr/lib/gcc/arm-none-eabi/9.2.1/../../../arm-none-eabi/lib/thumb/v7-m/nofp/libc.a(lib_a-mlock.o)
 .debug_line    0x0000000000000000      0x13d /usr/lib/gcc/arm-none-eabi/9.2.1/../../../arm-none-eabi/lib/thumb/v7-m/nofp/libc.a(lib_a-mlock.o)
 .debug_str     0x0000000000000000      0x5c4 /usr/lib/gcc/arm-none-eabi/9.2.1/../../../arm-none-eabi/lib/thumb/v7-m/nofp/libc.a(lib_a-mlock.o)
 .comment       0x0000000000000000       0x4f /usr/lib/gcc/arm-none-eabi/9.2.1/../../../arm-none-eabi/lib/thumb/v7-m/nofp/libc.a(lib_a-mlock.o)
 .debug_frame   0x0000000000000000       0x30 /usr/lib/gcc/arm-none-eabi/9.2.1/../../../arm-none-eabi/lib/thumb/v7-m/nofp/libc.a(lib_a-mlock.o)
 .ARM.attributes
                0x0000000000000000       0x2d /usr/lib/gcc/arm-none-eabi/9.2.1/../../../arm-none-eabi/lib/thumb/v7-m/nofp/libc.a(lib_a-mlock.o)
 .text          0x0000000000000000       0xb4 /usr/lib/gcc/arm-none-eabi/9.2.1/../../../arm-none-eabi/lib/thumb/v7-m/nofp/libc.a(lib_a-putc.o)
 .data          0x0000000000000000        0x0 /usr/lib/gcc/arm-none-eabi/9.2.1/../../../arm-none-eabi/lib/thumb/v7-m/nofp/libc.a(lib_a-putc.o)
 .bss           0x0000000000000000        0x0 /usr/lib/gcc/arm-none-eabi/9.2.1/../../../arm-none-eabi/lib/thumb/v7-m/nofp/libc.a(lib_a-putc.o)
 .debug_info    0x0000000000000000      0xd10 /usr/lib/gcc/arm-none-eabi/9.2.1/../../../arm-none-eabi/lib/thumb/v7-m/nofp/libc.a(lib_a-putc.o)
 .debug_abbrev  0x0000000000000000      0x2ff /usr/lib/gcc/arm-none-eabi/9.2.1/../../../arm-none-eabi/lib/thumb/v7-m/nofp/libc.a(lib_a-putc.o)
 .debug_loc     0x0000000000000000      0x3cf /usr/lib/gcc/arm-none-eabi/9.2.1/../../../arm-none-eabi/lib/thumb/v7-m/nofp/libc.a(lib_a-putc.o)
 .debug_aranges
                0x0000000000000000       0x20 /usr/lib/gcc/arm-none-eabi/9.2.1/../../../arm-none-eabi/lib/thumb/v7-m/nofp/libc.a(lib_a-putc.o)
 .debug_ranges  0x0000000000000000       0x90 /usr/lib/gcc/arm-none-eabi/9.2.1/../../../arm-none-eabi/lib/thumb/v7-m/nofp/libc.a(lib_a-putc.o)
 .debug_line    0x0000000000000000      0x2de /usr/lib/gcc/arm-none-eabi/9.2.1/../../../arm-none-eabi/lib/thumb/v7-m/nofp/libc.a(lib_a-putc.o)
 .debug_str     0x0000000000000000      0x715 /usr/lib/gcc/arm-none-eabi/9.2.1/../../../arm-none-eabi/lib/thumb/v7-m/nofp/libc.a(lib_a-putc.o)
 .comment       0x0000000000000000       0x4f /usr/lib/gcc/arm-none-eabi/9.2.1/../../../arm-none-eabi/lib/thumb/v7-m/nofp/libc.a(lib_a-putc.o)
 .debug_frame   0x0000000000000000       0x5c /usr/lib/gcc/arm-none-eabi/9.2.1/../../../arm-none-eabi/lib/thumb/v7-m/nofp/libc.a(lib_a-putc.o)
 .ARM.attributes
                0x0000000000000000       0x2d /usr/lib/gcc/arm-none-eabi/9.2.1/../../../arm-none-eabi/lib/thumb/v7-m/nofp/libc.a(lib_a-putc.o)
 .text          0x0000000000000000       0x24 /usr/lib/gcc/arm-none-eabi/9.2.1/../../../arm-none-eabi/lib/thumb/v7-m/nofp/libc.a(lib_a-sbrkr.o)
 .data          0x0000000000000000        0x0 /usr/lib/gcc/arm-none-eabi/9.2.1/../../../arm-none-eabi/lib/thumb/v7-m/nofp/libc.a(lib_a-sbrkr.o)
 .bss           0x0000000000000000        0x0 /usr/lib/gcc/arm-none-eabi/9.2.1/../../../arm-none-eabi/lib/thumb/v7-m/nofp/libc.a(lib_a-sbrkr.o)
 .debug_info    0x0000000000000000      0x9fb /usr/lib/gcc/arm-none-eabi/9.2.1/../../../arm-none-eabi/lib/thumb/v7-m/nofp/libc.a(lib_a-sbrkr.o)
 .debug_abbrev  0x0000000000000000      0x250 /usr/lib/gcc/arm-none-eabi/9.2.1/../../../arm-none-eabi/lib/thumb/v7-m/nofp/libc.a(lib_a-sbrkr.o)
 .debug_loc     0x0000000000000000       0x6c /usr/lib/gcc/arm-none-eabi/9.2.1/../../../arm-none-eabi/lib/thumb/v7-m/nofp/libc.a(lib_a-sbrkr.o)
 .debug_aranges
                0x0000000000000000       0x20 /usr/lib/gcc/arm-none-eabi/9.2.1/../../../arm-none-eabi/lib/thumb/v7-m/nofp/libc.a(lib_a-sbrkr.o)
 .debug_line    0x0000000000000000      0x182 /usr/lib/gcc/arm-none-eabi/9.2.1/../../../arm-none-eabi/lib/thumb/v7-m/nofp/libc.a(lib_a-sbrkr.o)
 .debug_str     0x0000000000000000      0x5db /usr/lib/gcc/arm-none-eabi/9.2.1/../../../arm-none-eabi/lib/thumb/v7-m/nofp/libc.a(lib_a-sbrkr.o)
 .comment       0x0000000000000000       0x4f /usr/lib/gcc/arm-none-eabi/9.2.1/../../../arm-none-eabi/lib/thumb/v7-m/nofp/libc.a(lib_a-sbrkr.o)
 .debug_frame   0x0000000000000000       0x2c /usr/lib/gcc/arm-none-eabi/9.2.1/../../../arm-none-eabi/lib/thumb/v7-m/nofp/libc.a(lib_a-sbrkr.o)
 .ARM.attributes
                0x0000000000000000       0x2d /usr/lib/gcc/arm-none-eabi/9.2.1/../../../arm-none-eabi/lib/thumb/v7-m/nofp/libc.a(lib_a-sbrkr.o)
 .text          0x0000000000000000       0xc0 /usr/lib/gcc/arm-none-eabi/9.2.1/../../../arm-none-eabi/lib/thumb/v7-m/nofp/libc.a(lib_a-wbuf.o)
 .data          0x0000000000000000        0x0 /usr/lib/gcc/arm-none-eabi/9.2.1/../../../arm-none-eabi/lib/thumb/v7-m/nofp/libc.a(lib_a-wbuf.o)
 .bss           0x0000000000000000        0x0 /usr/lib/gcc/arm-none-eabi/9.2.1/../../../arm-none-eabi/lib/thumb/v7-m/nofp/libc.a(lib_a-wbuf.o)
 .debug_info    0x0000000000000000      0xc90 /usr/lib/gcc/arm-none-eabi/9.2.1/../../../arm-none-eabi/lib/thumb/v7-m/nofp/libc.a(lib_a-wbuf.o)
 .debug_abbrev  0x0000000000000000      0x2c3 /usr/lib/gcc/arm-none-eabi/9.2.1/../../../arm-none-eabi/lib/thumb/v7-m/nofp/libc.a(lib_a-wbuf.o)
 .debug_loc     0x0000000000000000      0x1b0 /usr/lib/gcc/arm-none-eabi/9.2.1/../../../arm-none-eabi/lib/thumb/v7-m/nofp/libc.a(lib_a-wbuf.o)
 .debug_aranges
                0x0000000000000000       0x20 /usr/lib/gcc/arm-none-eabi/9.2.1/../../../arm-none-eabi/lib/thumb/v7-m/nofp/libc.a(lib_a-wbuf.o)
 .debug_ranges  0x0000000000000000       0x20 /usr/lib/gcc/arm-none-eabi/9.2.1/../../../arm-none-eabi/lib/thumb/v7-m/nofp/libc.a(lib_a-wbuf.o)
 .debug_line    0x0000000000000000      0x29e /usr/lib/gcc/arm-none-eabi/9.2.1/../../../arm-none-eabi/lib/thumb/v7-m/nofp/libc.a(lib_a-wbuf.o)
 .debug_str     0x0000000000000000      0x721 /usr/lib/gcc/arm-none-eabi/9.2.1/../../../arm-none-eabi/lib/thumb/v7-m/nofp/libc.a(lib_a-wbuf.o)
 .comment       0x0000000000000000       0x4f /usr/lib/gcc/arm-none-eabi/9.2.1/../../../arm-none-eabi/lib/thumb/v7-m/nofp/libc.a(lib_a-wbuf.o)
 .debug_frame   0x0000000000000000       0x40 /usr/lib/gcc/arm-none-eabi/9.2.1/../../../arm-none-eabi/lib/thumb/v7-m/nofp/libc.a(lib_a-wbuf.o)
 .ARM.attributes
                0x0000000000000000       0x2d /usr/lib/gcc/arm-none-eabi/9.2.1/../../../arm-none-eabi/lib/thumb/v7-m/nofp/libc.a(lib_a-wbuf.o)
 .text          0x0000000000000000       0xcc /usr/lib/gcc/arm-none-eabi/9.2.1/../../../arm-none-eabi/lib/thumb/v7-m/nofp/libc.a(lib_a-wsetup.o)
 .data          0x0000000000000000        0x0 /usr/lib/gcc/arm-none-eabi/9.2.1/../../../arm-none-eabi/lib/thumb/v7-m/nofp/libc.a(lib_a-wsetup.o)
 .bss           0x0000000000000000        0x0 /usr/lib/gcc/arm-none-eabi/9.2.1/../../../arm-none-eabi/lib/thumb/v7-m/nofp/libc.a(lib_a-wsetup.o)
 .debug_info    0x0000000000000000      0xbf3 /usr/lib/gcc/arm-none-eabi/9.2.1/../../../arm-none-eabi/lib/thumb/v7-m/nofp/libc.a(lib_a-wsetup.o)
 .debug_abbrev  0x0000000000000000      0x283 /usr/lib/gcc/arm-none-eabi/9.2.1/../../../arm-none-eabi/lib/thumb/v7-m/nofp/libc.a(lib_a-wsetup.o)
 .debug_loc     0x0000000000000000       0xa0 /usr/lib/gcc/arm-none-eabi/9.2.1/../../../arm-none-eabi/lib/thumb/v7-m/nofp/libc.a(lib_a-wsetup.o)
 .debug_aranges
                0x0000000000000000       0x20 /usr/lib/gcc/arm-none-eabi/9.2.1/../../../arm-none-eabi/lib/thumb/v7-m/nofp/libc.a(lib_a-wsetup.o)
 .debug_ranges  0x0000000000000000       0x30 /usr/lib/gcc/arm-none-eabi/9.2.1/../../../arm-none-eabi/lib/thumb/v7-m/nofp/libc.a(lib_a-wsetup.o)
 .debug_line    0x0000000000000000      0x2c5 /usr/lib/gcc/arm-none-eabi/9.2.1/../../../arm-none-eabi/lib/thumb/v7-m/nofp/libc.a(lib_a-wsetup.o)
 .debug_str     0x0000000000000000      0x71c /usr/lib/gcc/arm-none-eabi/9.2.1/../../../arm-none-eabi/lib/thumb/v7-m/nofp/libc.a(lib_a-wsetup.o)
 .comment       0x0000000000000000       0x4f /usr/lib/gcc/arm-none-eabi/9.2.1/../../../arm-none-eabi/lib/thumb/v7-m/nofp/libc.a(lib_a-wsetup.o)
 .debug_frame   0x0000000000000000       0x2c /usr/lib/gcc/arm-none-eabi/9.2.1/../../../arm-none-eabi/lib/thumb/v7-m/nofp/libc.a(lib_a-wsetup.o)
 .ARM.attributes
                0x0000000000000000       0x2d /usr/lib/gcc/arm-none-eabi/9.2.1/../../../arm-none-eabi/lib/thumb/v7-m/nofp/libc.a(lib_a-wsetup.o)
 .text          0x0000000000000000      0x19c /usr/lib/gcc/arm-none-eabi/9.2.1/../../../arm-none-eabi/lib/thumb/v7-m/nofp/libc.a(lib_a-fflush.o)
 .data          0x0000000000000000        0x0 /usr/lib/gcc/arm-none-eabi/9.2.1/../../../arm-none-eabi/lib/thumb/v7-m/nofp/libc.a(lib_a-fflush.o)
 .bss           0x0000000000000000        0x0 /usr/lib/gcc/arm-none-eabi/9.2.1/../../../arm-none-eabi/lib/thumb/v7-m/nofp/libc.a(lib_a-fflush.o)
 .debug_info    0x0000000000000000      0xd73 /usr/lib/gcc/arm-none-eabi/9.2.1/../../../arm-none-eabi/lib/thumb/v7-m/nofp/libc.a(lib_a-fflush.o)
 .debug_abbrev  0x0000000000000000      0x322 /usr/lib/gcc/arm-none-eabi/9.2.1/../../../arm-none-eabi/lib/thumb/v7-m/nofp/libc.a(lib_a-fflush.o)
 .debug_loc     0x0000000000000000      0x334 /usr/lib/gcc/arm-none-eabi/9.2.1/../../../arm-none-eabi/lib/thumb/v7-m/nofp/libc.a(lib_a-fflush.o)
 .debug_aranges
                0x0000000000000000       0x20 /usr/lib/gcc/arm-none-eabi/9.2.1/../../../arm-none-eabi/lib/thumb/v7-m/nofp/libc.a(lib_a-fflush.o)
 .debug_ranges  0x0000000000000000       0x70 /usr/lib/gcc/arm-none-eabi/9.2.1/../../../arm-none-eabi/lib/thumb/v7-m/nofp/libc.a(lib_a-fflush.o)
 .debug_line    0x0000000000000000      0x427 /usr/lib/gcc/arm-none-eabi/9.2.1/../../../arm-none-eabi/lib/thumb/v7-m/nofp/libc.a(lib_a-fflush.o)
 .debug_str     0x0000000000000000      0x74a /usr/lib/gcc/arm-none-eabi/9.2.1/../../../arm-none-eabi/lib/thumb/v7-m/nofp/libc.a(lib_a-fflush.o)
 .comment       0x0000000000000000       0x4f /usr/lib/gcc/arm-none-eabi/9.2.1/../../../arm-none-eabi/lib/thumb/v7-m/nofp/libc.a(lib_a-fflush.o)
 .debug_frame   0x0000000000000000       0x68 /usr/lib/gcc/arm-none-eabi/9.2.1/../../../arm-none-eabi/lib/thumb/v7-m/nofp/libc.a(lib_a-fflush.o)
 .ARM.attributes
                0x0000000000000000       0x2d /usr/lib/gcc/arm-none-eabi/9.2.1/../../../arm-none-eabi/lib/thumb/v7-m/nofp/libc.a(lib_a-fflush.o)
 .text          0x0000000000000000      0x1f4 /usr/lib/gcc/arm-none-eabi/9.2.1/../../../arm-none-eabi/lib/thumb/v7-m/nofp/libc.a(lib_a-findfp.o)
 .data          0x0000000000000000        0x0 /usr/lib/gcc/arm-none-eabi/9.2.1/../../../arm-none-eabi/lib/thumb/v7-m/nofp/libc.a(lib_a-findfp.o)
 .bss           0x0000000000000000        0x0 /usr/lib/gcc/arm-none-eabi/9.2.1/../../../arm-none-eabi/lib/thumb/v7-m/nofp/libc.a(lib_a-findfp.o)
 .debug_info    0x0000000000000000     0x1143 /usr/lib/gcc/arm-none-eabi/9.2.1/../../../arm-none-eabi/lib/thumb/v7-m/nofp/libc.a(lib_a-findfp.o)
 .debug_abbrev  0x0000000000000000      0x425 /usr/lib/gcc/arm-none-eabi/9.2.1/../../../arm-none-eabi/lib/thumb/v7-m/nofp/libc.a(lib_a-findfp.o)
 .debug_loc     0x0000000000000000      0x32c /usr/lib/gcc/arm-none-eabi/9.2.1/../../../arm-none-eabi/lib/thumb/v7-m/nofp/libc.a(lib_a-findfp.o)
 .debug_aranges
                0x0000000000000000       0x20 /usr/lib/gcc/arm-none-eabi/9.2.1/../../../arm-none-eabi/lib/thumb/v7-m/nofp/libc.a(lib_a-findfp.o)
 .debug_ranges  0x0000000000000000      0x118 /usr/lib/gcc/arm-none-eabi/9.2.1/../../../arm-none-eabi/lib/thumb/v7-m/nofp/libc.a(lib_a-findfp.o)
 .debug_line    0x0000000000000000      0x52a /usr/lib/gcc/arm-none-eabi/9.2.1/../../../arm-none-eabi/lib/thumb/v7-m/nofp/libc.a(lib_a-findfp.o)
 .debug_str     0x0000000000000000      0x85a /usr/lib/gcc/arm-none-eabi/9.2.1/../../../arm-none-eabi/lib/thumb/v7-m/nofp/libc.a(lib_a-findfp.o)
 .comment       0x0000000000000000       0x4f /usr/lib/gcc/arm-none-eabi/9.2.1/../../../arm-none-eabi/lib/thumb/v7-m/nofp/libc.a(lib_a-findfp.o)
 .debug_frame   0x0000000000000000      0x120 /usr/lib/gcc/arm-none-eabi/9.2.1/../../../arm-none-eabi/lib/thumb/v7-m/nofp/libc.a(lib_a-findfp.o)
 .ARM.attributes
                0x0000000000000000       0x2d /usr/lib/gcc/arm-none-eabi/9.2.1/../../../arm-none-eabi/lib/thumb/v7-m/nofp/libc.a(lib_a-findfp.o)
 .text          0x0000000000000000       0x98 /usr/lib/gcc/arm-none-eabi/9.2.1/../../../arm-none-eabi/lib/thumb/v7-m/nofp/libc.a(lib_a-fwalk.o)
 .data          0x0000000000000000        0x0 /usr/lib/gcc/arm-none-eabi/9.2.1/../../../arm-none-eabi/lib/thumb/v7-m/nofp/libc.a(lib_a-fwalk.o)
 .bss           0x0000000000000000        0x0 /usr/lib/gcc/arm-none-eabi/9.2.1/../../../arm-none-eabi/lib/thumb/v7-m/nofp/libc.a(lib_a-fwalk.o)
 .debug_info    0x0000000000000000      0xca4 /usr/lib/gcc/arm-none-eabi/9.2.1/../../../arm-none-eabi/lib/thumb/v7-m/nofp/libc.a(lib_a-fwalk.o)
 .debug_abbrev  0x0000000000000000      0x24e /usr/lib/gcc/arm-none-eabi/9.2.1/../../../arm-none-eabi/lib/thumb/v7-m/nofp/libc.a(lib_a-fwalk.o)
 .debug_loc     0x0000000000000000      0x235 /usr/lib/gcc/arm-none-eabi/9.2.1/../../../arm-none-eabi/lib/thumb/v7-m/nofp/libc.a(lib_a-fwalk.o)
 .debug_aranges
                0x0000000000000000       0x20 /usr/lib/gcc/arm-none-eabi/9.2.1/../../../arm-none-eabi/lib/thumb/v7-m/nofp/libc.a(lib_a-fwalk.o)
 .debug_line    0x0000000000000000      0x26d /usr/lib/gcc/arm-none-eabi/9.2.1/../../../arm-none-eabi/lib/thumb/v7-m/nofp/libc.a(lib_a-fwalk.o)
 .debug_str     0x0000000000000000      0x70e /usr/lib/gcc/arm-none-eabi/9.2.1/../../../arm-none-eabi/lib/thumb/v7-m/nofp/libc.a(lib_a-fwalk.o)
 .comment       0x0000000000000000       0x4f /usr/lib/gcc/arm-none-eabi/9.2.1/../../../arm-none-eabi/lib/thumb/v7-m/nofp/libc.a(lib_a-fwalk.o)
 .debug_frame   0x0000000000000000       0x54 /usr/lib/gcc/arm-none-eabi/9.2.1/../../../arm-none-eabi/lib/thumb/v7-m/nofp/libc.a(lib_a-fwalk.o)
 .ARM.attributes
                0x0000000000000000       0x2d /usr/lib/gcc/arm-none-eabi/9.2.1/../../../arm-none-eabi/lib/thumb/v7-m/nofp/libc.a(lib_a-fwalk.o)
 .text          0x0000000000000000       0xf0 /usr/lib/gcc/arm-none-eabi/9.2.1/../../../arm-none-eabi/lib/thumb/v7-m/nofp/libc.a(lib_a-makebuf.o)
 .data          0x0000000000000000        0x0 /usr/lib/gcc/arm-none-eabi/9.2.1/../../../arm-none-eabi/lib/thumb/v7-m/nofp/libc.a(lib_a-makebuf.o)
 .bss           0x0000000000000000        0x0 /usr/lib/gcc/arm-none-eabi/9.2.1/../../../arm-none-eabi/lib/thumb/v7-m/nofp/libc.a(lib_a-makebuf.o)
 .debug_info    0x0000000000000000      0xf69 /usr/lib/gcc/arm-none-eabi/9.2.1/../../../arm-none-eabi/lib/thumb/v7-m/nofp/libc.a(lib_a-makebuf.o)
 .debug_abbrev  0x0000000000000000      0x334 /usr/lib/gcc/arm-none-eabi/9.2.1/../../../arm-none-eabi/lib/thumb/v7-m/nofp/libc.a(lib_a-makebuf.o)
 .debug_loc     0x0000000000000000      0x192 /usr/lib/gcc/arm-none-eabi/9.2.1/../../../arm-none-eabi/lib/thumb/v7-m/nofp/libc.a(lib_a-makebuf.o)
 .debug_aranges
                0x0000000000000000       0x20 /usr/lib/gcc/arm-none-eabi/9.2.1/../../../arm-none-eabi/lib/thumb/v7-m/nofp/libc.a(lib_a-makebuf.o)
 .debug_ranges  0x0000000000000000       0x18 /usr/lib/gcc/arm-none-eabi/9.2.1/../../../arm-none-eabi/lib/thumb/v7-m/nofp/libc.a(lib_a-makebuf.o)
 .debug_line    0x0000000000000000      0x376 /usr/lib/gcc/arm-none-eabi/9.2.1/../../../arm-none-eabi/lib/thumb/v7-m/nofp/libc.a(lib_a-makebuf.o)
 .debug_str     0x0000000000000000      0x88f /usr/lib/gcc/arm-none-eabi/9.2.1/../../../arm-none-eabi/lib/thumb/v7-m/nofp/libc.a(lib_a-makebuf.o)
 .comment       0x0000000000000000       0x4f /usr/lib/gcc/arm-none-eabi/9.2.1/../../../arm-none-eabi/lib/thumb/v7-m/nofp/libc.a(lib_a-makebuf.o)
 .debug_frame   0x0000000000000000       0x64 /usr/lib/gcc/arm-none-eabi/9.2.1/../../../arm-none-eabi/lib/thumb/v7-m/nofp/libc.a(lib_a-makebuf.o)
 .ARM.attributes
                0x0000000000000000       0x2d /usr/lib/gcc/arm-none-eabi/9.2.1/../../../arm-none-eabi/lib/thumb/v7-m/nofp/libc.a(lib_a-makebuf.o)
 .text          0x0000000000000000       0x90 /usr/lib/gcc/arm-none-eabi/9.2.1/../../../arm-none-eabi/lib/thumb/v7-m/nofp/libc.a(lib_a-stdio.o)
 .data          0x0000000000000000        0x0 /usr/lib/gcc/arm-none-eabi/9.2.1/../../../arm-none-eabi/lib/thumb/v7-m/nofp/libc.a(lib_a-stdio.o)
 .bss           0x0000000000000000        0x0 /usr/lib/gcc/arm-none-eabi/9.2.1/../../../arm-none-eabi/lib/thumb/v7-m/nofp/libc.a(lib_a-stdio.o)
 .debug_info    0x0000000000000000      0xe67 /usr/lib/gcc/arm-none-eabi/9.2.1/../../../arm-none-eabi/lib/thumb/v7-m/nofp/libc.a(lib_a-stdio.o)
 .debug_abbrev  0x0000000000000000      0x2ad /usr/lib/gcc/arm-none-eabi/9.2.1/../../../arm-none-eabi/lib/thumb/v7-m/nofp/libc.a(lib_a-stdio.o)
 .debug_loc     0x0000000000000000      0x3a0 /usr/lib/gcc/arm-none-eabi/9.2.1/../../../arm-none-eabi/lib/thumb/v7-m/nofp/libc.a(lib_a-stdio.o)
 .debug_aranges
                0x0000000000000000       0x20 /usr/lib/gcc/arm-none-eabi/9.2.1/../../../arm-none-eabi/lib/thumb/v7-m/nofp/libc.a(lib_a-stdio.o)
 .debug_line    0x0000000000000000      0x260 /usr/lib/gcc/arm-none-eabi/9.2.1/../../../arm-none-eabi/lib/thumb/v7-m/nofp/libc.a(lib_a-stdio.o)
 .debug_str     0x0000000000000000      0x762 /usr/lib/gcc/arm-none-eabi/9.2.1/../../../arm-none-eabi/lib/thumb/v7-m/nofp/libc.a(lib_a-stdio.o)
 .comment       0x0000000000000000       0x4f /usr/lib/gcc/arm-none-eabi/9.2.1/../../../arm-none-eabi/lib/thumb/v7-m/nofp/libc.a(lib_a-stdio.o)
 .debug_frame   0x0000000000000000       0x8c /usr/lib/gcc/arm-none-eabi/9.2.1/../../../arm-none-eabi/lib/thumb/v7-m/nofp/libc.a(lib_a-stdio.o)
 .ARM.attributes
                0x0000000000000000       0x2d /usr/lib/gcc/arm-none-eabi/9.2.1/../../../arm-none-eabi/lib/thumb/v7-m/nofp/libc.a(lib_a-stdio.o)
 .text          0x0000000000000000       0x2c /usr/lib/gcc/arm-none-eabi/9.2.1/../../../arm-none-eabi/lib/thumb/v7-m/nofp/libc.a(lib_a-writer.o)
 .data          0x0000000000000000        0x0 /usr/lib/gcc/arm-none-eabi/9.2.1/../../../arm-none-eabi/lib/thumb/v7-m/nofp/libc.a(lib_a-writer.o)
 .bss           0x0000000000000000        0x0 /usr/lib/gcc/arm-none-eabi/9.2.1/../../../arm-none-eabi/lib/thumb/v7-m/nofp/libc.a(lib_a-writer.o)
 .debug_info    0x0000000000000000      0xa2c /usr/lib/gcc/arm-none-eabi/9.2.1/../../../arm-none-eabi/lib/thumb/v7-m/nofp/libc.a(lib_a-writer.o)
 .debug_abbrev  0x0000000000000000      0x22a /usr/lib/gcc/arm-none-eabi/9.2.1/../../../arm-none-eabi/lib/thumb/v7-m/nofp/libc.a(lib_a-writer.o)
 .debug_loc     0x0000000000000000       0xd0 /usr/lib/gcc/arm-none-eabi/9.2.1/../../../arm-none-eabi/lib/thumb/v7-m/nofp/libc.a(lib_a-writer.o)
 .debug_aranges
                0x0000000000000000       0x20 /usr/lib/gcc/arm-none-eabi/9.2.1/../../../arm-none-eabi/lib/thumb/v7-m/nofp/libc.a(lib_a-writer.o)
 .debug_line    0x0000000000000000      0x187 /usr/lib/gcc/arm-none-eabi/9.2.1/../../../arm-none-eabi/lib/thumb/v7-m/nofp/libc.a(lib_a-writer.o)
 .debug_str     0x0000000000000000      0x5d8 /usr/lib/gcc/arm-none-eabi/9.2.1/../../../arm-none-eabi/lib/thumb/v7-m/nofp/libc.a(lib_a-writer.o)
 .comment       0x0000000000000000       0x4f /usr/lib/gcc/arm-none-eabi/9.2.1/../../../arm-none-eabi/lib/thumb/v7-m/nofp/libc.a(lib_a-writer.o)
 .debug_frame   0x0000000000000000       0x30 /usr/lib/gcc/arm-none-eabi/9.2.1/../../../arm-none-eabi/lib/thumb/v7-m/nofp/libc.a(lib_a-writer.o)
 .ARM.attributes
                0x0000000000000000       0x2d /usr/lib/gcc/arm-none-eabi/9.2.1/../../../arm-none-eabi/lib/thumb/v7-m/nofp/libc.a(lib_a-writer.o)
 .text          0x0000000000000000       0x24 /usr/lib/gcc/arm-none-eabi/9.2.1/../../../arm-none-eabi/lib/thumb/v7-m/nofp/libc.a(lib_a-closer.o)
 .data          0x0000000000000000        0x0 /usr/lib/gcc/arm-none-eabi/9.2.1/../../../arm-none-eabi/lib/thumb/v7-m/nofp/libc.a(lib_a-closer.o)
 .bss           0x0000000000000000        0x0 /usr/lib/gcc/arm-none-eabi/9.2.1/../../../arm-none-eabi/lib/thumb/v7-m/nofp/libc.a(lib_a-closer.o)
 .debug_info    0x0000000000000000      0x9d8 /usr/lib/gcc/arm-none-eabi/9.2.1/../../../arm-none-eabi/lib/thumb/v7-m/nofp/libc.a(lib_a-closer.o)
 .debug_abbrev  0x0000000000000000      0x225 /usr/lib/gcc/arm-none-eabi/9.2.1/../../../arm-none-eabi/lib/thumb/v7-m/nofp/libc.a(lib_a-closer.o)
 .debug_loc     0x0000000000000000       0x6c /usr/lib/gcc/arm-none-eabi/9.2.1/../../../arm-none-eabi/lib/thumb/v7-m/nofp/libc.a(lib_a-closer.o)
 .debug_aranges
                0x0000000000000000       0x20 /usr/lib/gcc/arm-none-eabi/9.2.1/../../../arm-none-eabi/lib/thumb/v7-m/nofp/libc.a(lib_a-closer.o)
 .debug_line    0x0000000000000000      0x182 /usr/lib/gcc/arm-none-eabi/9.2.1/../../../arm-none-eabi/lib/thumb/v7-m/nofp/libc.a(lib_a-closer.o)
 .debug_str     0x0000000000000000      0x5c8 /usr/lib/gcc/arm-none-eabi/9.2.1/../../../arm-none-eabi/lib/thumb/v7-m/nofp/libc.a(lib_a-closer.o)
 .comment       0x0000000000000000       0x4f /usr/lib/gcc/arm-none-eabi/9.2.1/../../../arm-none-eabi/lib/thumb/v7-m/nofp/libc.a(lib_a-closer.o)
 .debug_frame   0x0000000000000000       0x2c /usr/lib/gcc/arm-none-eabi/9.2.1/../../../arm-none-eabi/lib/thumb/v7-m/nofp/libc.a(lib_a-closer.o)
 .ARM.attributes
                0x0000000000000000       0x2d /usr/lib/gcc/arm-none-eabi/9.2.1/../../../arm-none-eabi/lib/thumb/v7-m/nofp/libc.a(lib_a-closer.o)
 .text          0x0000000000000000       0x98 /usr/lib/gcc/arm-none-eabi/9.2.1/../../../arm-none-eabi/lib/thumb/v7-m/nofp/libc.a(lib_a-fclose.o)
 .data          0x0000000000000000        0x0 /usr/lib/gcc/arm-none-eabi/9.2.1/../../../arm-none-eabi/lib/thumb/v7-m/nofp/libc.a(lib_a-fclose.o)
 .bss           0x0000000000000000        0x0 /usr/lib/gcc/arm-none-eabi/9.2.1/../../../arm-none-eabi/lib/thumb/v7-m/nofp/libc.a(lib_a-fclose.o)
 .debug_info    0x0000000000000000      0xcd5 /usr/lib/gcc/arm-none-eabi/9.2.1/../../../arm-none-eabi/lib/thumb/v7-m/nofp/libc.a(lib_a-fclose.o)
 .debug_abbrev  0x0000000000000000      0x327 /usr/lib/gcc/arm-none-eabi/9.2.1/../../../arm-none-eabi/lib/thumb/v7-m/nofp/libc.a(lib_a-fclose.o)
 .debug_loc     0x0000000000000000      0x179 /usr/lib/gcc/arm-none-eabi/9.2.1/../../../arm-none-eabi/lib/thumb/v7-m/nofp/libc.a(lib_a-fclose.o)
 .debug_aranges
                0x0000000000000000       0x20 /usr/lib/gcc/arm-none-eabi/9.2.1/../../../arm-none-eabi/lib/thumb/v7-m/nofp/libc.a(lib_a-fclose.o)
 .debug_ranges  0x0000000000000000       0x30 /usr/lib/gcc/arm-none-eabi/9.2.1/../../../arm-none-eabi/lib/thumb/v7-m/nofp/libc.a(lib_a-fclose.o)
 .debug_line    0x0000000000000000      0x23d /usr/lib/gcc/arm-none-eabi/9.2.1/../../../arm-none-eabi/lib/thumb/v7-m/nofp/libc.a(lib_a-fclose.o)
 .debug_str     0x0000000000000000      0x733 /usr/lib/gcc/arm-none-eabi/9.2.1/../../../arm-none-eabi/lib/thumb/v7-m/nofp/libc.a(lib_a-fclose.o)
 .comment       0x0000000000000000       0x4f /usr/lib/gcc/arm-none-eabi/9.2.1/../../../arm-none-eabi/lib/thumb/v7-m/nofp/libc.a(lib_a-fclose.o)
 .debug_frame   0x0000000000000000       0x3c /usr/lib/gcc/arm-none-eabi/9.2.1/../../../arm-none-eabi/lib/thumb/v7-m/nofp/libc.a(lib_a-fclose.o)
 .ARM.attributes
                0x0000000000000000       0x2d /usr/lib/gcc/arm-none-eabi/9.2.1/../../../arm-none-eabi/lib/thumb/v7-m/nofp/libc.a(lib_a-fclose.o)
 .text          0x0000000000000000       0x28 /usr/lib/gcc/arm-none-eabi/9.2.1/../../../arm-none-eabi/lib/thumb/v7-m/nofp/libc.a(lib_a-fstatr.o)
 .data          0x0000000000000000        0x0 /usr/lib/gcc/arm-none-eabi/9.2.1/../../../arm-none-eabi/lib/thumb/v7-m/nofp/libc.a(lib_a-fstatr.o)
 .bss           0x0000000000000000        0x0 /usr/lib/gcc/arm-none-eabi/9.2.1/../../../arm-none-eabi/lib/thumb/v7-m/nofp/libc.a(lib_a-fstatr.o)
 .debug_info    0x0000000000000000      0xc23 /usr/lib/gcc/arm-none-eabi/9.2.1/../../../arm-none-eabi/lib/thumb/v7-m/nofp/libc.a(lib_a-fstatr.o)
 .debug_abbrev  0x0000000000000000      0x239 /usr/lib/gcc/arm-none-eabi/9.2.1/../../../arm-none-eabi/lib/thumb/v7-m/nofp/libc.a(lib_a-fstatr.o)
 .debug_loc     0x0000000000000000       0x9e /usr/lib/gcc/arm-none-eabi/9.2.1/../../../arm-none-eabi/lib/thumb/v7-m/nofp/libc.a(lib_a-fstatr.o)
 .debug_aranges
                0x0000000000000000       0x20 /usr/lib/gcc/arm-none-eabi/9.2.1/../../../arm-none-eabi/lib/thumb/v7-m/nofp/libc.a(lib_a-fstatr.o)
 .debug_line    0x0000000000000000      0x212 /usr/lib/gcc/arm-none-eabi/9.2.1/../../../arm-none-eabi/lib/thumb/v7-m/nofp/libc.a(lib_a-fstatr.o)
 .debug_str     0x0000000000000000      0x736 /usr/lib/gcc/arm-none-eabi/9.2.1/../../../arm-none-eabi/lib/thumb/v7-m/nofp/libc.a(lib_a-fstatr.o)
 .comment       0x0000000000000000       0x4f /usr/lib/gcc/arm-none-eabi/9.2.1/../../../arm-none-eabi/lib/thumb/v7-m/nofp/libc.a(lib_a-fstatr.o)
 .debug_frame   0x0000000000000000       0x2c /usr/lib/gcc/arm-none-eabi/9.2.1/../../../arm-none-eabi/lib/thumb/v7-m/nofp/libc.a(lib_a-fstatr.o)
 .ARM.attributes
                0x0000000000000000       0x2d /usr/lib/gcc/arm-none-eabi/9.2.1/../../../arm-none-eabi/lib/thumb/v7-m/nofp/libc.a(lib_a-fstatr.o)
 .text          0x0000000000000000       0x24 /usr/lib/gcc/arm-none-eabi/9.2.1/../../../arm-none-eabi/lib/thumb/v7-m/nofp/libc.a(lib_a-isattyr.o)
 .data          0x0000000000000000        0x0 /usr/lib/gcc/arm-none-eabi/9.2.1/../../../arm-none-eabi/lib/thumb/v7-m/nofp/libc.a(lib_a-isattyr.o)
 .bss           0x0000000000000000        0x0 /usr/lib/gcc/arm-none-eabi/9.2.1/../../../arm-none-eabi/lib/thumb/v7-m/nofp/libc.a(lib_a-isattyr.o)
 .debug_info    0x0000000000000000      0x9d8 /usr/lib/gcc/arm-none-eabi/9.2.1/../../../arm-none-eabi/lib/thumb/v7-m/nofp/libc.a(lib_a-isattyr.o)
 .debug_abbrev  0x0000000000000000      0x225 /usr/lib/gcc/arm-none-eabi/9.2.1/../../../arm-none-eabi/lib/thumb/v7-m/nofp/libc.a(lib_a-isattyr.o)
 .debug_loc     0x0000000000000000       0x6c /usr/lib/gcc/arm-none-eabi/9.2.1/../../../arm-none-eabi/lib/thumb/v7-m/nofp/libc.a(lib_a-isattyr.o)
 .debug_aranges
                0x0000000000000000       0x20 /usr/lib/gcc/arm-none-eabi/9.2.1/../../../arm-none-eabi/lib/thumb/v7-m/nofp/libc.a(lib_a-isattyr.o)
 .debug_line    0x0000000000000000      0x183 /usr/lib/gcc/arm-none-eabi/9.2.1/../../../arm-none-eabi/lib/thumb/v7-m/nofp/libc.a(lib_a-isattyr.o)
 .debug_str     0x0000000000000000      0x5d2 /usr/lib/gcc/arm-none-eabi/9.2.1/../../../arm-none-eabi/lib/thumb/v7-m/nofp/libc.a(lib_a-isattyr.o)
 .comment       0x0000000000000000       0x4f /usr/lib/gcc/arm-none-eabi/9.2.1/../../../arm-none-eabi/lib/thumb/v7-m/nofp/libc.a(lib_a-isattyr.o)
 .debug_frame   0x0000000000000000       0x2c /usr/lib/gcc/arm-none-eabi/9.2.1/../../../arm-none-eabi/lib/thumb/v7-m/nofp/libc.a(lib_a-isattyr.o)
 .ARM.attributes
                0x0000000000000000       0x2d /usr/lib/gcc/arm-none-eabi/9.2.1/../../../arm-none-eabi/lib/thumb/v7-m/nofp/libc.a(lib_a-isattyr.o)
 .text          0x0000000000000000       0x2c /usr/lib/gcc/arm-none-eabi/9.2.1/../../../arm-none-eabi/lib/thumb/v7-m/nofp/libc.a(lib_a-lseekr.o)
 .data          0x0000000000000000        0x0 /usr/lib/gcc/arm-none-eabi/9.2.1/../../../arm-none-eabi/lib/thumb/v7-m/nofp/libc.a(lib_a-lseekr.o)
 .bss           0x0000000000000000        0x0 /usr/lib/gcc/arm-none-eabi/9.2.1/../../../arm-none-eabi/lib/thumb/v7-m/nofp/libc.a(lib_a-lseekr.o)
 .debug_info    0x0000000000000000      0xa0d /usr/lib/gcc/arm-none-eabi/9.2.1/../../../arm-none-eabi/lib/thumb/v7-m/nofp/libc.a(lib_a-lseekr.o)
 .debug_abbrev  0x0000000000000000      0x239 /usr/lib/gcc/arm-none-eabi/9.2.1/../../../arm-none-eabi/lib/thumb/v7-m/nofp/libc.a(lib_a-lseekr.o)
 .debug_loc     0x0000000000000000       0xd0 /usr/lib/gcc/arm-none-eabi/9.2.1/../../../arm-none-eabi/lib/thumb/v7-m/nofp/libc.a(lib_a-lseekr.o)
 .debug_aranges
                0x0000000000000000       0x20 /usr/lib/gcc/arm-none-eabi/9.2.1/../../../arm-none-eabi/lib/thumb/v7-m/nofp/libc.a(lib_a-lseekr.o)
 .debug_line    0x0000000000000000      0x187 /usr/lib/gcc/arm-none-eabi/9.2.1/../../../arm-none-eabi/lib/thumb/v7-m/nofp/libc.a(lib_a-lseekr.o)
 .debug_str     0x0000000000000000      0x5d6 /usr/lib/gcc/arm-none-eabi/9.2.1/../../../arm-none-eabi/lib/thumb/v7-m/nofp/libc.a(lib_a-lseekr.o)
 .comment       0x0000000000000000       0x4f /usr/lib/gcc/arm-none-eabi/9.2.1/../../../arm-none-eabi/lib/thumb/v7-m/nofp/libc.a(lib_a-lseekr.o)
 .debug_frame   0x0000000000000000       0x30 /usr/lib/gcc/arm-none-eabi/9.2.1/../../../arm-none-eabi/lib/thumb/v7-m/nofp/libc.a(lib_a-lseekr.o)
 .ARM.attributes
                0x0000000000000000       0x2d /usr/lib/gcc/arm-none-eabi/9.2.1/../../../arm-none-eabi/lib/thumb/v7-m/nofp/libc.a(lib_a-lseekr.o)
 .text          0x0000000000000000       0x2c /usr/lib/gcc/arm-none-eabi/9.2.1/../../../arm-none-eabi/lib/thumb/v7-m/nofp/libc.a(lib_a-readr.o)
 .data          0x0000000000000000        0x0 /usr/lib/gcc/arm-none-eabi/9.2.1/../../../arm-none-eabi/lib/thumb/v7-m/nofp/libc.a(lib_a-readr.o)
 .bss           0x0000000000000000        0x0 /usr/lib/gcc/arm-none-eabi/9.2.1/../../../arm-none-eabi/lib/thumb/v7-m/nofp/libc.a(lib_a-readr.o)
 .debug_info    0x0000000000000000      0xa25 /usr/lib/gcc/arm-none-eabi/9.2.1/../../../arm-none-eabi/lib/thumb/v7-m/nofp/libc.a(lib_a-readr.o)
 .debug_abbrev  0x0000000000000000      0x225 /usr/lib/gcc/arm-none-eabi/9.2.1/../../../arm-none-eabi/lib/thumb/v7-m/nofp/libc.a(lib_a-readr.o)
 .debug_loc     0x0000000000000000       0xd0 /usr/lib/gcc/arm-none-eabi/9.2.1/../../../arm-none-eabi/lib/thumb/v7-m/nofp/libc.a(lib_a-readr.o)
 .debug_aranges
                0x0000000000000000       0x20 /usr/lib/gcc/arm-none-eabi/9.2.1/../../../arm-none-eabi/lib/thumb/v7-m/nofp/libc.a(lib_a-readr.o)
 .debug_line    0x0000000000000000      0x186 /usr/lib/gcc/arm-none-eabi/9.2.1/../../../arm-none-eabi/lib/thumb/v7-m/nofp/libc.a(lib_a-readr.o)
 .debug_str     0x0000000000000000      0x5d6 /usr/lib/gcc/arm-none-eabi/9.2.1/../../../arm-none-eabi/lib/thumb/v7-m/nofp/libc.a(lib_a-readr.o)
 .comment       0x0000000000000000       0x4f /usr/lib/gcc/arm-none-eabi/9.2.1/../../../arm-none-eabi/lib/thumb/v7-m/nofp/libc.a(lib_a-readr.o)
 .debug_frame   0x0000000000000000       0x30 /usr/lib/gcc/arm-none-eabi/9.2.1/../../../arm-none-eabi/lib/thumb/v7-m/nofp/libc.a(lib_a-readr.o)
 .ARM.attributes
                0x0000000000000000       0x2d /usr/lib/gcc/arm-none-eabi/9.2.1/../../../arm-none-eabi/lib/thumb/v7-m/nofp/libc.a(lib_a-readr.o)

Memory Configuration

Name             Origin             Length             Attributes
FLASH            0x0000000000000000 0x0000000000100000 xr
RAM              0x0000000020000000 0x0000000000020000 xrw
*default*        0x0000000000000000 0xffffffffffffffff

Linker script and memory map

LOAD gcc/pwm.o
LOAD gcc/buffer.o
LOAD gcc/clock_efm32gg2.o
LOAD gcc/main.o
LOAD gcc/button.o
LOAD gcc/startup_efm32gg.o
LOAD gcc/lcd.o
LOAD gcc/led.o
LOAD gcc/gpio.o
LOAD gcc/uart2.o
LOAD gcc/syscalls.o
LOAD gcc/system_efm32gg.o
LOAD gcc/temperature.o
LOAD gcc/adc.o
LOAD /usr/lib/gcc/arm-none-eabi/9.2.1/../../../arm-none-eabi/lib/thumb/v7-m/nofp/libm.a
LOAD /usr/lib/gcc/arm-none-eabi/9.2.1/../../../arm-none-eabi/lib/thumb/v7-m/nofp/libc.a
LOAD /usr/lib/gcc/arm-none-eabi/9.2.1/thumb/v7-m/nofp/libgcc.a
START GROUP
LOAD /usr/lib/gcc/arm-none-eabi/9.2.1/thumb/v7-m/nofp/libgcc.a
LOAD /usr/lib/gcc/arm-none-eabi/9.2.1/../../../arm-none-eabi/lib/thumb/v7-m/nofp/libg.a
LOAD /usr/lib/gcc/arm-none-eabi/9.2.1/../../../arm-none-eabi/lib/thumb/v7-m/nofp/libc.a
END GROUP

.text           0x0000000000000000     0x2ca4
 *(.vectors)
 .vectors       0x0000000000000000       0xdc gcc/startup_efm32gg.o
                0x0000000000000000                __Vectors
                0x00000000000000dc                __Vectors_End = .
                0x00000000000000dc                __Vectors_Size = (__Vectors_End - __Vectors)
                0x0000000020000320                __end__ = .
 *(.text*)
 .text.PWM_Start
                0x00000000000000dc       0x18 gcc/pwm.o
                0x00000000000000dc                PWM_Start
 .text.PWM_Stop
                0x00000000000000f4       0x18 gcc/pwm.o
                0x00000000000000f4                PWM_Stop
 .text.Timer_ClockEnable
                0x000000000000010c       0x88 gcc/pwm.o
 .text.PWM_ConfigureOutputPin
                0x0000000000000194      0x158 gcc/pwm.o
 .text.PWM_Init
                0x00000000000002ec       0xbc gcc/pwm.o
                0x00000000000002ec                PWM_Init
 .text.finddivencoding
                0x00000000000003a8       0x32 gcc/pwm.o
 .text.PWM_Config
                0x00000000000003da       0x98 gcc/pwm.o
                0x00000000000003da                PWM_Config
 .text.PWM_Write
                0x0000000000000472       0x26 gcc/pwm.o
                0x0000000000000472                PWM_Write
 .text.buffer_init
                0x0000000000000498       0x38 gcc/buffer.o
                0x0000000000000498                buffer_init
 .text.buffer_deinit
                0x00000000000004d0       0x2a gcc/buffer.o
                0x00000000000004d0                buffer_deinit
 .text.buffer_insert
                0x00000000000004fa       0x5e gcc/buffer.o
                0x00000000000004fa                buffer_insert
 .text.buffer_remove
                0x0000000000000558       0x56 gcc/buffer.o
                0x0000000000000558                buffer_remove
 .text.SystemCoreClockUpdate
                0x00000000000005ae        0xc gcc/clock_efm32gg2.o
 *fill*         0x00000000000005ba        0x2 
 .text.GetProdRev
                0x00000000000005bc       0x18 gcc/clock_efm32gg2.o
 .text.nearestpower2exp
                0x00000000000005d4       0x6c gcc/clock_efm32gg2.o
 .text.ClockRegisterCallback
                0x0000000000000640       0xc0 gcc/clock_efm32gg2.o
                0x0000000000000640                ClockRegisterCallback
 .text.ClockProcessPreChange
                0x0000000000000700       0x6c gcc/clock_efm32gg2.o
                0x0000000000000700                ClockProcessPreChange
 .text.ClockProcessPostChange
                0x000000000000076c       0x6c gcc/clock_efm32gg2.o
                0x000000000000076c                ClockProcessPostChange
 .text.ClockSetCoreClock
                0x00000000000007d8      0x300 gcc/clock_efm32gg2.o
                0x00000000000007d8                ClockSetCoreClock
 .text.ClockGetConfiguration
                0x0000000000000ad8      0x1c4 gcc/clock_efm32gg2.o
                0x0000000000000ad8                ClockGetConfiguration
 .text.ClockConfigureSystemForClockFrequency
                0x0000000000000c9c       0x98 gcc/clock_efm32gg2.o
                0x0000000000000c9c                ClockConfigureSystemForClockFrequency
 .text.ClockGetPeripheralClockFrequency
                0x0000000000000d34       0x18 gcc/clock_efm32gg2.o
                0x0000000000000d34                ClockGetPeripheralClockFrequency
 .text.NVIC_SetPriority
                0x0000000000000d4c       0x54 gcc/main.o
 .text.SysTick_Config
                0x0000000000000da0       0x44 gcc/main.o
 .text.SysTick_Handler
                0x0000000000000de4       0x88 gcc/main.o
                0x0000000000000de4                SysTick_Handler
 .text.buttoncallback
                0x0000000000000e6c       0x50 gcc/main.o
                0x0000000000000e6c                buttoncallback
 .text.main     0x0000000000000ebc       0x7c gcc/main.o
                0x0000000000000ebc                main
 .text.NVIC_EnableIRQ
                0x0000000000000f38       0x30 gcc/button.o
 .text.NVIC_ClearPendingIRQ
                0x0000000000000f68       0x34 gcc/button.o
 .text.NVIC_SetPriority
                0x0000000000000f9c       0x54 gcc/button.o
 .text.GPIO_EVEN_IRQHandler
                0x0000000000000ff0       0x84 gcc/button.o
                0x0000000000000ff0                GPIO_EVEN_IRQHandler
 .text.GPIO_ODD_IRQHandler
                0x0000000000001074       0x84 gcc/button.o
                0x0000000000001074                GPIO_ODD_IRQHandler
 .text.Button_Init
                0x00000000000010f8      0x160 gcc/button.o
                0x00000000000010f8                Button_Init
 .text.Button_ReadReleased
                0x0000000000001258       0x3c gcc/button.o
                0x0000000000001258                Button_ReadReleased
 .text.Button_SetCallback
                0x0000000000001294       0x1c gcc/button.o
                0x0000000000001294                Button_SetCallback
 .text.Reset_Handler
                0x00000000000012b0       0x50 gcc/startup_efm32gg.o
                0x00000000000012b0                Reset_Handler
 .text.Default_Handler
                0x0000000000001300        0x6 gcc/startup_efm32gg.o
                0x0000000000001300                TIMER2_IRQHandler
                0x0000000000001300                DebugMon_Handler
                0x0000000000001300                USART0_TX_IRQHandler
                0x0000000000001300                I2C0_IRQHandler
                0x0000000000001300                HardFault_Handler
                0x0000000000001300                LEUART1_IRQHandler
                0x0000000000001300                USART1_RX_IRQHandler
                0x0000000000001300                PendSV_Handler
                0x0000000000001300                NMI_Handler
                0x0000000000001300                I2C1_IRQHandler
                0x0000000000001300                TIMER3_IRQHandler
                0x0000000000001300                USART1_TX_IRQHandler
                0x0000000000001300                MSC_IRQHandler
                0x0000000000001300                UsageFault_Handler
                0x0000000000001300                LEUART0_IRQHandler
                0x0000000000001300                RTC_IRQHandler
                0x0000000000001300                TIMER0_IRQHandler
                0x0000000000001300                LCD_IRQHandler
                0x0000000000001300                PCNT2_IRQHandler
                0x0000000000001300                LETIMER0_IRQHandler
                0x0000000000001300                TIMER1_IRQHandler
                0x0000000000001300                USART2_RX_IRQHandler
                0x0000000000001300                Default_Handler
                0x0000000000001300                EMU_IRQHandler
                0x0000000000001300                PCNT0_IRQHandler
                0x0000000000001300                USB_IRQHandler
                0x0000000000001300                BURTC_IRQHandler
                0x0000000000001300                PCNT1_IRQHandler
                0x0000000000001300                ACMP0_IRQHandler
                0x0000000000001300                USART0_RX_IRQHandler
                0x0000000000001300                MemManage_Handler
                0x0000000000001300                SVC_Handler
                0x0000000000001300                DAC0_IRQHandler
                0x0000000000001300                CMU_IRQHandler
                0x0000000000001300                EBI_IRQHandler
                0x0000000000001300                LESENSE_IRQHandler
                0x0000000000001300                AES_IRQHandler
                0x0000000000001300                VCMP_IRQHandler
                0x0000000000001300                DMA_IRQHandler
                0x0000000000001300                BusFault_Handler
                0x0000000000001300                USART2_TX_IRQHandler
 *fill*         0x0000000000001306        0x2 
 .text.SetLFAClock
                0x0000000000001308      0x1c0 gcc/lcd.o
                0x0000000000001308                SetLFAClock
 .text.LCD_SetClock
                0x00000000000014c8       0x64 gcc/lcd.o
                0x00000000000014c8                LCD_SetClock
 .text.LCD_Init
                0x000000000000152c       0x1a gcc/lcd.o
                0x000000000000152c                LCD_Init
 *fill*         0x0000000000001546        0x2 
 .text.LCD_Config
                0x0000000000001548      0x12c gcc/lcd.o
                0x0000000000001548                LCD_Config
 .text.LCD_WriteChar
                0x0000000000001674      0x248 gcc/lcd.o
                0x0000000000001674                LCD_WriteChar
 .text.LCD_WriteString
                0x00000000000018bc       0x4e gcc/lcd.o
                0x00000000000018bc                LCD_WriteString
 *fill*         0x000000000000190a        0x2 
 .text.LCD_ClearAll
                0x000000000000190c       0x60 gcc/lcd.o
                0x000000000000190c                LCD_ClearAll
 .text.LCD_SetAll
                0x000000000000196c       0x64 gcc/lcd.o
                0x000000000000196c                LCD_SetAll
 .text.ln2      0x00000000000019d0       0x32 gcc/lcd.o
 *fill*         0x0000000000001a02        0x2 
 .text.LCD_SetVoltage
                0x0000000000001a04       0xbc gcc/lcd.o
                0x0000000000001a04                LCD_SetVoltage
 .text.LCD_SetContrast
                0x0000000000001ac0       0x48 gcc/lcd.o
                0x0000000000001ac0                LCD_SetContrast
 .text.GPIO_ConfigPins
                0x0000000000001b08       0xb0 gcc/gpio.o
                0x0000000000001b08                GPIO_ConfigPins
 .text.GPIO_Init
                0x0000000000001bb8       0x48 gcc/gpio.o
                0x0000000000001bb8                GPIO_Init
 .text.NVIC_EnableIRQ
                0x0000000000001c00       0x30 gcc/uart2.o
 .text.NVIC_ClearPendingIRQ
                0x0000000000001c30       0x34 gcc/uart2.o
 .text.NVIC_SetPriority
                0x0000000000001c64       0x54 gcc/uart2.o
 .text.UART_SetBaudrate
                0x0000000000001cb8       0x34 gcc/uart2.o
                0x0000000000001cb8                UART_SetBaudrate
 .text.UART_TurnOff
                0x0000000000001cec       0x18 gcc/uart2.o
 .text.UART_TurnOn
                0x0000000000001d04       0x18 gcc/uart2.o
 .text.UART0_Prepare
                0x0000000000001d1c       0x1c gcc/uart2.o
 .text.UART1_Prepare
                0x0000000000001d38       0x1c gcc/uart2.o
 .text.UART0_Reconfigure
                0x0000000000001d54       0x28 gcc/uart2.o
 .text.UART1_Reconfigure
                0x0000000000001d7c       0x28 gcc/uart2.o
 .text.UART_Reset
                0x0000000000001da4       0xa8 gcc/uart2.o
 .text.UART_Init
                0x0000000000001e4c      0x28c gcc/uart2.o
                0x0000000000001e4c                UART_Init
 .text.UART0_RX_IRQHandler
                0x00000000000020d8       0x38 gcc/uart2.o
                0x00000000000020d8                UART0_RX_IRQHandler
 .text.UART1_RX_IRQHandler
                0x0000000000002110       0x38 gcc/uart2.o
                0x0000000000002110                UART1_RX_IRQHandler
 .text.UART0_TX_IRQHandler
                0x0000000000002148       0x54 gcc/uart2.o
                0x0000000000002148                UART0_TX_IRQHandler
 .text.UART1_TX_IRQHandler
                0x000000000000219c       0x54 gcc/uart2.o
                0x000000000000219c                UART1_TX_IRQHandler
 .text.SerialInit
                0x00000000000021f0       0x1c gcc/syscalls.o
 .text._main    0x000000000000220c        0xe gcc/syscalls.o
                0x000000000000220c                _main
 *fill*         0x000000000000221a        0x2 
 .text.GetProdRev
                0x000000000000221c       0x18 gcc/system_efm32gg.o
 .text.SystemCoreClockGet
                0x0000000000002234       0x34 gcc/system_efm32gg.o
                0x0000000000002234                SystemCoreClockGet
 .text.SystemHFClockGet
                0x0000000000002268      0x118 gcc/system_efm32gg.o
                0x0000000000002268                SystemHFClockGet
 .text.SystemInit
                0x0000000000002380        0xc gcc/system_efm32gg.o
                0x0000000000002380                SystemInit
 .text.ADC0_IRQHandler
                0x000000000000238c        0xc gcc/adc.o
                0x000000000000238c                ADC0_IRQHandler
 .text          0x0000000000002398       0xa0 /usr/lib/gcc/arm-none-eabi/9.2.1/../../../arm-none-eabi/lib/thumb/v7-m/nofp/libc.a(lib_a-memset.o)
                0x0000000000002398                memset
 *(.init)
 *(.fini)
 *crtbegin.o(.ctors)
 *crtbegin?.o(.ctors)
 *(EXCLUDE_FILE(*crtend.o *crtend?.o) .ctors)
 *(SORT_BY_NAME(.ctors.*))
 *(.ctors)
 *crtbegin.o(.dtors)
 *crtbegin?.o(.dtors)
 *(EXCLUDE_FILE(*crtend.o *crtend?.o) .dtors)
 *(SORT_BY_NAME(.dtors.*))
 *(.dtors)
 *(.rodata*)
 .rodata.timerpins
                0x0000000000002438       0xb4 gcc/pwm.o
 .rodata.sine_LUT
                0x00000000000024ec       0x24 gcc/main.o
                0x00000000000024ec                sine_LUT
 .rodata        0x0000000000002510        0x7 gcc/main.o
 *fill*         0x0000000000002517        0x1 
 .rodata.segments14forchar
                0x0000000000002518       0xc0 gcc/lcd.o
 .rodata.segments7forchar
                0x00000000000025d8       0x60 gcc/lcd.o
 .rodata.tablcd
                0x0000000000002638      0x1c2 gcc/lcd.o
 *fill*         0x00000000000027fa        0x2 
 .rodata.seg_encoding
                0x00000000000027fc       0xa0 gcc/lcd.o
 .rodata.com_encoding
                0x000000000000289c        0x8 gcc/lcd.o
 .rodata.tablcdclear
                0x00000000000028a4      0x3c0 gcc/lcd.o
 .rodata.segdatalow
                0x0000000000002c64       0x20 gcc/lcd.o
                0x0000000000002c64                segdatalow
 .rodata.segdatahigh
                0x0000000000002c84       0x20 gcc/lcd.o
                0x0000000000002c84                segdatahigh
 *(.eh_frame*)

.glue_7         0x0000000000002ca4        0x0
 .glue_7        0x0000000000002ca4        0x0 linker stubs

.glue_7t        0x0000000000002ca4        0x0
 .glue_7t       0x0000000000002ca4        0x0 linker stubs

.vfp11_veneer   0x0000000000002ca4        0x0
 .vfp11_veneer  0x0000000000002ca4        0x0 linker stubs

.v4_bx          0x0000000000002ca4        0x0
 .v4_bx         0x0000000000002ca4        0x0 linker stubs

.iplt           0x0000000000002ca4        0x0
 .iplt          0x0000000000002ca4        0x0 gcc/pwm.o

.rel.dyn        0x0000000000002ca4        0x0
 .rel.iplt      0x0000000000002ca4        0x0 gcc/pwm.o

.ARM.extab
 *(.ARM.extab* .gnu.linkonce.armextab.*)
                0x0000000000002ca4                __exidx_start = .

.ARM.exidx
 *(.ARM.exidx* .gnu.linkonce.armexidx.*)
                0x0000000000002ca4                __exidx_end = .
                0x0000000000002ca4                __etext = .

.data           0x0000000020000000       0xa4 load address 0x0000000000002ca4
                0x0000000020000000                __data_start__ = .
 *(vtable)
 *(.data*)
 .data.SOFTDIVIDERDYNAMIC
                0x0000000020000000       0x34 gcc/main.o
 .data.names    0x0000000020000034       0x68 gcc/main.o
                0x0000000020000034                names
 .data.SystemHFXOClock
                0x000000002000009c        0x4 gcc/system_efm32gg.o
 .data.SystemLFXOClock
                0x00000000200000a0        0x4 gcc/system_efm32gg.o
                0x00000000200000a4                . = ALIGN (0x4)
 *(.ram)
                0x00000000200000a4                . = ALIGN (0x4)
                [!provide]                        PROVIDE (__preinit_array_start = .)
 *(.preinit_array)
                [!provide]                        PROVIDE (__preinit_array_end = .)
                0x00000000200000a4                . = ALIGN (0x4)
                [!provide]                        PROVIDE (__init_array_start = .)
 *(SORT_BY_NAME(.init_array.*))
 *(.init_array)
                [!provide]                        PROVIDE (__init_array_end = .)
                0x00000000200000a4                . = ALIGN (0x4)
                [!provide]                        PROVIDE (__fini_array_start = .)
 *(SORT_BY_NAME(.fini_array.*))
 *(.fini_array)
                [!provide]                        PROVIDE (__fini_array_end = .)
 *(.jcr*)
                0x00000000200000a4                . = ALIGN (0x4)
                0x00000000200000a4                __data_end__ = .

.igot.plt       0x00000000200000a4        0x0 load address 0x0000000000002d48
 .igot.plt      0x00000000200000a4        0x0 gcc/pwm.o

.bss            0x00000000200000a4      0x27c load address 0x0000000000002d48
                0x00000000200000a4                . = ALIGN (0x4)
                0x00000000200000a4                __bss_start__ = .
 *(.bss*)
 .bss.callbacks
                0x00000000200000a4       0x78 gcc/clock_efm32gg2.o
 .bss.ACTUAL    0x000000002000011c        0x4 gcc/main.o
 .bss.counter.7071
                0x0000000020000120        0x4 gcc/main.o
 .bss.table_counter.7072
                0x0000000020000124        0x4 gcc/main.o
 .bss.lastread  0x0000000020000128        0x4 gcc/button.o
 .bss.newestread
                0x000000002000012c        0x4 gcc/button.o
 .bss.inputpins
                0x0000000020000130        0x4 gcc/button.o
 .bss.callback  0x0000000020000134        0x4 gcc/button.o
 .bss.lcdclock_set
                0x0000000020000138        0x1 gcc/lcd.o
 *fill*         0x0000000020000139        0x3 
 .bss.ibuff0    0x000000002000013c        0x4 gcc/uart2.o
                0x000000002000013c                ibuff0
 .bss.obuff0    0x0000000020000140        0x4 gcc/uart2.o
                0x0000000020000140                obuff0
 .bss.ibuff1    0x0000000020000144        0x4 gcc/uart2.o
                0x0000000020000144                ibuff1
 .bss.obuff1    0x0000000020000148        0x4 gcc/uart2.o
                0x0000000020000148                obuff1
 *(COMMON)
 COMMON         0x000000002000014c      0x1d0 gcc/uart2.o
                0x000000002000014c                ibuffarea0
                0x00000000200001c0                obuffarea0
                0x0000000020000234                ibuffarea1
                0x00000000200002a8                obuffarea1
 COMMON         0x000000002000031c        0x4 gcc/system_efm32gg.o
                0x000000002000031c                SystemCoreClock
                0x0000000020000320                . = ALIGN (0x4)
                0x0000000020000320                __bss_end__ = .

.heap           0x0000000020000320      0xc00
                0x0000000020000320                __HeapBase = .
                0x0000000020000320                __end__ = .
                0x0000000020000320                end = __end__
                0x0000000020000320                _end = __end__
 *(.heap*)
 .heap          0x0000000020000320      0xc00 gcc/startup_efm32gg.o
                0x0000000020000f20                __HeapLimit = .

.stack_dummy    0x0000000020000f20      0x400
 *(.stack*)
 .stack         0x0000000020000f20      0x400 gcc/startup_efm32gg.o
                0x0000000020020000                __StackTop = (ORIGIN (RAM) + LENGTH (RAM))
                0x000000002001fc00                __StackLimit = (__StackTop - SIZEOF (.stack_dummy))
                [!provide]                        PROVIDE (__stack = __StackTop)
                0x0000000000000001                ASSERT ((__StackLimit >= __HeapLimit), region RAM overflowed with stack)
                0x0000000000000001                ASSERT ((LENGTH (FLASH) >= (__etext + SIZEOF (.data))), FLASH memory overflowed !)
OUTPUT(gcc/pwm.axf elf32-littlearm)
LOAD linker stubs

.debug_info     0x0000000000000000     0x8f6a
 .debug_info    0x0000000000000000      0xab5 gcc/pwm.o
 .debug_info    0x0000000000000ab5      0x1a8 gcc/buffer.o
 .debug_info    0x0000000000000c5d      0xacf gcc/clock_efm32gg2.o
 .debug_info    0x000000000000172c     0x1547 gcc/main.o
 .debug_info    0x0000000000002c73      0xac3 gcc/button.o
 .debug_info    0x0000000000003736      0x1f9 gcc/startup_efm32gg.o
 .debug_info    0x000000000000392f      0xe22 gcc/lcd.o
 .debug_info    0x0000000000004751      0x69e gcc/gpio.o
 .debug_info    0x0000000000004def     0x10a9 gcc/uart2.o
 .debug_info    0x0000000000005e98     0x13bb gcc/syscalls.o
 .debug_info    0x0000000000007253      0x50a gcc/system_efm32gg.o
 .debug_info    0x000000000000775d      0x8ec gcc/adc.o
 .debug_info    0x0000000000008049      0xf21 /usr/lib/gcc/arm-none-eabi/9.2.1/../../../arm-none-eabi/lib/thumb/v7-m/nofp/libc.a(lib_a-memset.o)

.debug_abbrev   0x0000000000000000     0x1ba0
 .debug_abbrev  0x0000000000000000      0x229 gcc/pwm.o
 .debug_abbrev  0x0000000000000229       0xd7 gcc/buffer.o
 .debug_abbrev  0x0000000000000300      0x233 gcc/clock_efm32gg2.o
 .debug_abbrev  0x0000000000000533      0x355 gcc/main.o
 .debug_abbrev  0x0000000000000888      0x272 gcc/button.o
 .debug_abbrev  0x0000000000000afa       0xfb gcc/startup_efm32gg.o
 .debug_abbrev  0x0000000000000bf5      0x203 gcc/lcd.o
 .debug_abbrev  0x0000000000000df8      0x153 gcc/gpio.o
 .debug_abbrev  0x0000000000000f4b      0x31c gcc/uart2.o
 .debug_abbrev  0x0000000000001267      0x3ae gcc/syscalls.o
 .debug_abbrev  0x0000000000001615      0x198 gcc/system_efm32gg.o
 .debug_abbrev  0x00000000000017ad      0x1dc gcc/adc.o
 .debug_abbrev  0x0000000000001989      0x217 /usr/lib/gcc/arm-none-eabi/9.2.1/../../../arm-none-eabi/lib/thumb/v7-m/nofp/libc.a(lib_a-memset.o)

.debug_aranges  0x0000000000000000      0x5a8
 .debug_aranges
                0x0000000000000000       0x60 gcc/pwm.o
 .debug_aranges
                0x0000000000000060       0x40 gcc/buffer.o
 .debug_aranges
                0x00000000000000a0       0x88 gcc/clock_efm32gg2.o
 .debug_aranges
                0x0000000000000128       0x50 gcc/main.o
 .debug_aranges
                0x0000000000000178       0x70 gcc/button.o
 .debug_aranges
                0x00000000000001e8       0x38 gcc/startup_efm32gg.o
 .debug_aranges
                0x0000000000000220       0xb0 gcc/lcd.o
 .debug_aranges
                0x00000000000002d0       0x28 gcc/gpio.o
 .debug_aranges
                0x00000000000002f8       0xe0 gcc/uart2.o
 .debug_aranges
                0x00000000000003d8       0xf0 gcc/syscalls.o
 .debug_aranges
                0x00000000000004c8       0x70 gcc/system_efm32gg.o
 .debug_aranges
                0x0000000000000538       0x50 gcc/adc.o
 .debug_aranges
                0x0000000000000588       0x20 /usr/lib/gcc/arm-none-eabi/9.2.1/../../../arm-none-eabi/lib/thumb/v7-m/nofp/libc.a(lib_a-memset.o)

.debug_ranges   0x0000000000000000      0x4c8
 .debug_ranges  0x0000000000000000       0x50 gcc/pwm.o
 .debug_ranges  0x0000000000000050       0x30 gcc/buffer.o
 .debug_ranges  0x0000000000000080       0x78 gcc/clock_efm32gg2.o
 .debug_ranges  0x00000000000000f8       0x40 gcc/main.o
 .debug_ranges  0x0000000000000138       0x60 gcc/button.o
 .debug_ranges  0x0000000000000198       0x28 gcc/startup_efm32gg.o
 .debug_ranges  0x00000000000001c0       0xa0 gcc/lcd.o
 .debug_ranges  0x0000000000000260       0x18 gcc/gpio.o
 .debug_ranges  0x0000000000000278       0xd0 gcc/uart2.o
 .debug_ranges  0x0000000000000348       0xe0 gcc/syscalls.o
 .debug_ranges  0x0000000000000428       0x60 gcc/system_efm32gg.o
 .debug_ranges  0x0000000000000488       0x40 gcc/adc.o

.debug_line     0x0000000000000000     0x3473
 .debug_line    0x0000000000000000      0x357 gcc/pwm.o
 .debug_line    0x0000000000000357      0x12b gcc/buffer.o
 .debug_line    0x0000000000000482      0x826 gcc/clock_efm32gg2.o
 .debug_line    0x0000000000000ca8      0x343 gcc/main.o
 .debug_line    0x0000000000000feb      0x378 gcc/button.o
 .debug_line    0x0000000000001363       0xf0 gcc/startup_efm32gg.o
 .debug_line    0x0000000000001453      0x8ee gcc/lcd.o
 .debug_line    0x0000000000001d41      0x1be gcc/gpio.o
 .debug_line    0x0000000000001eff      0x76f gcc/uart2.o
 .debug_line    0x000000000000266e      0x557 gcc/syscalls.o
 .debug_line    0x0000000000002bc5      0x2b0 gcc/system_efm32gg.o
 .debug_line    0x0000000000002e75      0x393 gcc/adc.o
 .debug_line    0x0000000000003208      0x26b /usr/lib/gcc/arm-none-eabi/9.2.1/../../../arm-none-eabi/lib/thumb/v7-m/nofp/libc.a(lib_a-memset.o)

.debug_str      0x0000000000000000     0x23ac
 .debug_str     0x0000000000000000      0x5e8 gcc/pwm.o
                                        0x64f (size before relaxing)
 .debug_str     0x00000000000005e8       0x70 gcc/buffer.o
                                        0x187 (size before relaxing)
 .debug_str     0x0000000000000658      0x44c gcc/clock_efm32gg2.o
                                        0x72c (size before relaxing)
 .debug_str     0x0000000000000aa4      0x759 gcc/main.o
                                        0xd2c (size before relaxing)
 .debug_str     0x00000000000011fd       0xfb gcc/button.o
                                        0x77d (size before relaxing)
 .debug_str     0x00000000000012f8       0xfc gcc/startup_efm32gg.o
                                        0x28c (size before relaxing)
 .debug_str     0x00000000000013f4      0x48e gcc/lcd.o
                                        0x774 (size before relaxing)
 .debug_str     0x0000000000001882       0x35 gcc/gpio.o
                                        0x54e (size before relaxing)
 .debug_str     0x00000000000018b7      0x261 gcc/uart2.o
                                        0x951 (size before relaxing)
 .debug_str     0x0000000000001b18      0x26a gcc/syscalls.o
                                        0x927 (size before relaxing)
 .debug_str     0x0000000000001d82       0xe0 gcc/system_efm32gg.o
                                        0x459 (size before relaxing)
 .debug_str     0x0000000000001e62      0x1a7 gcc/adc.o
                                        0x5ba (size before relaxing)
 .debug_str     0x0000000000002009      0x3a3 /usr/lib/gcc/arm-none-eabi/9.2.1/../../../arm-none-eabi/lib/thumb/v7-m/nofp/libc.a(lib_a-memset.o)
                                        0x8c5 (size before relaxing)

.comment        0x0000000000000000       0xa7
 .comment       0x0000000000000000       0x59 gcc/pwm.o
                                         0x5a (size before relaxing)
 .comment       0x0000000000000059       0x5a gcc/buffer.o
 .comment       0x0000000000000059       0x5a gcc/clock_efm32gg2.o
 .comment       0x0000000000000059       0x5a gcc/main.o
 .comment       0x0000000000000059       0x5a gcc/button.o
 .comment       0x0000000000000059       0x5a gcc/startup_efm32gg.o
 .comment       0x0000000000000059       0x5a gcc/lcd.o
 .comment       0x0000000000000059       0x5a gcc/gpio.o
 .comment       0x0000000000000059       0x5a gcc/uart2.o
 .comment       0x0000000000000059       0x5a gcc/syscalls.o
 .comment       0x0000000000000059       0x5a gcc/system_efm32gg.o
 .comment       0x0000000000000059       0x5a gcc/adc.o
 .comment       0x0000000000000059       0x4e /usr/lib/gcc/arm-none-eabi/9.2.1/../../../arm-none-eabi/lib/thumb/v7-m/nofp/libc.a(lib_a-memset.o)
                                         0x4f (size before relaxing)

.ARM.attributes
                0x0000000000000000       0x2d
 .ARM.attributes
                0x0000000000000000       0x2d gcc/pwm.o
 .ARM.attributes
                0x000000000000002d       0x2d gcc/buffer.o
 .ARM.attributes
                0x000000000000005a       0x2d gcc/clock_efm32gg2.o
 .ARM.attributes
                0x0000000000000087       0x2d gcc/main.o
 .ARM.attributes
                0x00000000000000b4       0x2d gcc/button.o
 .ARM.attributes
                0x00000000000000e1       0x2d gcc/startup_efm32gg.o
 .ARM.attributes
                0x000000000000010e       0x2d gcc/lcd.o
 .ARM.attributes
                0x000000000000013b       0x2d gcc/gpio.o
 .ARM.attributes
                0x0000000000000168       0x2d gcc/uart2.o
 .ARM.attributes
                0x0000000000000195       0x2d gcc/syscalls.o
 .ARM.attributes
                0x00000000000001c2       0x2d gcc/system_efm32gg.o
 .ARM.attributes
                0x00000000000001ef       0x2d gcc/adc.o
 .ARM.attributes
                0x000000000000021c       0x2d /usr/lib/gcc/arm-none-eabi/9.2.1/../../../arm-none-eabi/lib/thumb/v7-m/nofp/libc.a(lib_a-memset.o)

.debug_frame    0x0000000000000000     0x1538
 .debug_frame   0x0000000000000000      0x170 gcc/pwm.o
 .debug_frame   0x0000000000000170       0xd8 gcc/buffer.o
 .debug_frame   0x0000000000000248      0x20c gcc/clock_efm32gg2.o
 .debug_frame   0x0000000000000454      0x104 gcc/main.o
 .debug_frame   0x0000000000000558      0x1b4 gcc/button.o
 .debug_frame   0x000000000000070c       0x78 gcc/startup_efm32gg.o
 .debug_frame   0x0000000000000784      0x2d8 gcc/lcd.o
 .debug_frame   0x0000000000000a5c       0x5c gcc/gpio.o
 .debug_frame   0x0000000000000ab8      0x3bc gcc/uart2.o
 .debug_frame   0x0000000000000e74      0x3f4 gcc/syscalls.o
 .debug_frame   0x0000000000001268      0x180 gcc/system_efm32gg.o
 .debug_frame   0x00000000000013e8      0x118 gcc/adc.o
 .debug_frame   0x0000000000001500       0x38 /usr/lib/gcc/arm-none-eabi/9.2.1/../../../arm-none-eabi/lib/thumb/v7-m/nofp/libc.a(lib_a-memset.o)

.debug_loc      0x0000000000000000      0x231
 .debug_loc     0x0000000000000000      0x231 /usr/lib/gcc/arm-none-eabi/9.2.1/../../../arm-none-eabi/lib/thumb/v7-m/nofp/libc.a(lib_a-memset.o)
