
Allocating common symbols
Common symbol       size              file

SystemCoreClock     0x4               gcc/system_efm32gg.o

Discarded input sections

 .text          0x0000000000000000        0x0 gcc/clock_efm32gg.o
 .data          0x0000000000000000        0x0 gcc/clock_efm32gg.o
 .bss           0x0000000000000000        0x0 gcc/clock_efm32gg.o
 .text.SystemCoreClockUpdate
                0x0000000000000000        0xc gcc/clock_efm32gg.o
 .text.GetProdRev
                0x0000000000000000       0x18 gcc/clock_efm32gg.o
 .text.nearestpower2exp
                0x0000000000000000       0x6c gcc/clock_efm32gg.o
 .text.SystemCoreClockSet
                0x0000000000000000      0x2f0 gcc/clock_efm32gg.o
 .text.ClockGetConfiguration
                0x0000000000000000      0x1a4 gcc/clock_efm32gg.o
 .text.ClockConfigureForFrequency
                0x0000000000000000       0x98 gcc/clock_efm32gg.o
 .text.ClockSetHFClockDivisor
                0x0000000000000000       0x60 gcc/clock_efm32gg.o
 .text.ClockSetPrescalers
                0x0000000000000000       0xb0 gcc/clock_efm32gg.o
 .text.ClockGetPeripheralClockFrequency
                0x0000000000000000       0x18 gcc/clock_efm32gg.o
 .text.ClockGetCoreClockFrequency
                0x0000000000000000       0x18 gcc/clock_efm32gg.o
 .debug_info    0x0000000000000000      0x8c0 gcc/clock_efm32gg.o
 .debug_abbrev  0x0000000000000000      0x205 gcc/clock_efm32gg.o
 .debug_aranges
                0x0000000000000000       0x68 gcc/clock_efm32gg.o
 .debug_ranges  0x0000000000000000       0x58 gcc/clock_efm32gg.o
 .debug_line    0x0000000000000000      0x5a1 gcc/clock_efm32gg.o
 .debug_str     0x0000000000000000      0x618 gcc/clock_efm32gg.o
 .comment       0x0000000000000000       0x5a gcc/clock_efm32gg.o
 .debug_frame   0x0000000000000000      0x178 gcc/clock_efm32gg.o
 .ARM.attributes
                0x0000000000000000       0x2d gcc/clock_efm32gg.o
 .text          0x0000000000000000        0x0 gcc/startup_efm32gg.o
 .data          0x0000000000000000        0x0 gcc/startup_efm32gg.o
 .bss           0x0000000000000000        0x0 gcc/startup_efm32gg.o
 .text.SystemInit
                0x0000000000000000        0xc gcc/startup_efm32gg.o
 .text          0x0000000000000000        0x0 gcc/main.o
 .data          0x0000000000000000        0x0 gcc/main.o
 .bss           0x0000000000000000        0x0 gcc/main.o
 .text          0x0000000000000000        0x0 gcc/led.o
 .data          0x0000000000000000        0x0 gcc/led.o
 .bss           0x0000000000000000        0x0 gcc/led.o
 .rodata.GPIOE  0x0000000000000000        0x4 gcc/led.o
 .text.LED_On   0x0000000000000000       0x24 gcc/led.o
 .text          0x0000000000000000        0x0 gcc/system_efm32gg.o
 .data          0x0000000000000000        0x0 gcc/system_efm32gg.o
 .bss           0x0000000000000000        0x0 gcc/system_efm32gg.o
 .text.SystemMaxCoreClockGet
                0x0000000000000000       0x14 gcc/system_efm32gg.o
 .text.SystemHFXOClockGet
                0x0000000000000000       0x14 gcc/system_efm32gg.o
 .text.SystemHFXOClockSet
                0x0000000000000000       0x30 gcc/system_efm32gg.o
 .text.SystemLFRCOClockGet
                0x0000000000000000       0x10 gcc/system_efm32gg.o
 .text.SystemULFRCOClockGet
                0x0000000000000000       0x10 gcc/system_efm32gg.o
 .text.SystemLFXOClockGet
                0x0000000000000000       0x14 gcc/system_efm32gg.o
 .text.SystemLFXOClockSet
                0x0000000000000000       0x30 gcc/system_efm32gg.o
 .text          0x0000000000000000        0x0 gcc/button.o
 .data          0x0000000000000000        0x0 gcc/button.o
 .bss           0x0000000000000000        0x0 gcc/button.o
 .rodata.GPIOB  0x0000000000000000        0x4 gcc/button.o
 .text.Button_Status
                0x0000000000000000       0x40 gcc/button.o
 .text.Button_Read
                0x0000000000000000        0xe gcc/button.o
 .text.Button_ReadChanges
                0x0000000000000000       0x24 gcc/button.o
 .text.Button_ReadPressed
                0x0000000000000000       0x24 gcc/button.o

Memory Configuration

Name             Origin             Length             Attributes
FLASH            0x0000000000000000 0x0000000000100000 xr
RAM              0x0000000020000000 0x0000000000020000 xrw
*default*        0x0000000000000000 0xffffffffffffffff

Linker script and memory map

LOAD gcc/clock_efm32gg.o
LOAD gcc/startup_efm32gg.o
LOAD gcc/main.o
LOAD gcc/led.o
LOAD gcc/system_efm32gg.o
LOAD gcc/button.o
LOAD /usr/lib/gcc/arm-none-eabi/9.2.1/../../../arm-none-eabi/lib/thumb/v7-m/nofp/libm.a
LOAD /usr/lib/gcc/arm-none-eabi/9.2.1/../../../arm-none-eabi/lib/thumb/v7-m/nofp/libc_nano.a
LOAD /usr/lib/gcc/arm-none-eabi/9.2.1/thumb/v7-m/nofp/libgcc.a
START GROUP
LOAD /usr/lib/gcc/arm-none-eabi/9.2.1/thumb/v7-m/nofp/libgcc.a
LOAD /usr/lib/gcc/arm-none-eabi/9.2.1/../../../arm-none-eabi/lib/thumb/v7-m/nofp/libg_nano.a
LOAD /usr/lib/gcc/arm-none-eabi/9.2.1/../../../arm-none-eabi/lib/thumb/v7-m/nofp/libc_nano.a
END GROUP
START GROUP
LOAD /usr/lib/gcc/arm-none-eabi/9.2.1/thumb/v7-m/nofp/libgcc.a
LOAD /usr/lib/gcc/arm-none-eabi/9.2.1/../../../arm-none-eabi/lib/thumb/v7-m/nofp/libc_nano.a
END GROUP

.text           0x0000000000000000      0x5c0
 *(.vectors)
 .vectors       0x0000000000000000       0xdc gcc/startup_efm32gg.o
                0x0000000000000000                __Vectors
                0x00000000000000dc                __Vectors_End = .
                0x00000000000000dc                __Vectors_Size = (__Vectors_End - __Vectors)
                0x0000000020000040                __end__ = .
 *(.text*)
 .text.Reset_Handler
                0x00000000000000dc       0x50 gcc/startup_efm32gg.o
                0x00000000000000dc                Reset_Handler
 .text._main    0x000000000000012c        0xc gcc/startup_efm32gg.o
                0x000000000000012c                _main
 .text.Default_Handler
                0x0000000000000138        0x6 gcc/startup_efm32gg.o
                0x0000000000000138                TIMER2_IRQHandler
                0x0000000000000138                DebugMon_Handler
                0x0000000000000138                USART0_TX_IRQHandler
                0x0000000000000138                I2C0_IRQHandler
                0x0000000000000138                HardFault_Handler
                0x0000000000000138                LEUART1_IRQHandler
                0x0000000000000138                USART1_RX_IRQHandler
                0x0000000000000138                PendSV_Handler
                0x0000000000000138                NMI_Handler
                0x0000000000000138                I2C1_IRQHandler
                0x0000000000000138                TIMER3_IRQHandler
                0x0000000000000138                USART1_TX_IRQHandler
                0x0000000000000138                MSC_IRQHandler
                0x0000000000000138                ADC0_IRQHandler
                0x0000000000000138                UsageFault_Handler
                0x0000000000000138                LEUART0_IRQHandler
                0x0000000000000138                GPIO_EVEN_IRQHandler
                0x0000000000000138                UART0_TX_IRQHandler
                0x0000000000000138                UART1_TX_IRQHandler
                0x0000000000000138                RTC_IRQHandler
                0x0000000000000138                TIMER0_IRQHandler
                0x0000000000000138                LCD_IRQHandler
                0x0000000000000138                PCNT2_IRQHandler
                0x0000000000000138                UART0_RX_IRQHandler
                0x0000000000000138                LETIMER0_IRQHandler
                0x0000000000000138                TIMER1_IRQHandler
                0x0000000000000138                USART2_RX_IRQHandler
                0x0000000000000138                Default_Handler
                0x0000000000000138                EMU_IRQHandler
                0x0000000000000138                PCNT0_IRQHandler
                0x0000000000000138                USB_IRQHandler
                0x0000000000000138                BURTC_IRQHandler
                0x0000000000000138                PCNT1_IRQHandler
                0x0000000000000138                ACMP0_IRQHandler
                0x0000000000000138                USART0_RX_IRQHandler
                0x0000000000000138                MemManage_Handler
                0x0000000000000138                SVC_Handler
                0x0000000000000138                DAC0_IRQHandler
                0x0000000000000138                UART1_RX_IRQHandler
                0x0000000000000138                CMU_IRQHandler
                0x0000000000000138                EBI_IRQHandler
                0x0000000000000138                LESENSE_IRQHandler
                0x0000000000000138                GPIO_ODD_IRQHandler
                0x0000000000000138                AES_IRQHandler
                0x0000000000000138                VCMP_IRQHandler
                0x0000000000000138                DMA_IRQHandler
                0x0000000000000138                BusFault_Handler
                0x0000000000000138                USART2_TX_IRQHandler
 .text.buttoncallback
                0x000000000000013e       0x20 gcc/main.o
                0x000000000000013e                buttoncallback
 .text.SysTick_Handler
                0x000000000000015e        0xc gcc/main.o
                0x000000000000015e                SysTick_Handler
 *fill*         0x000000000000016a        0x2 
 .text.main     0x000000000000016c       0x54 gcc/main.o
                0x000000000000016c                main
 .text.LED_Init
                0x00000000000001c0       0x7c gcc/led.o
                0x00000000000001c0                LED_Init
 .text.LED_Off  0x000000000000023c       0x24 gcc/led.o
                0x000000000000023c                LED_Off
 .text.LED_Toggle
                0x0000000000000260       0x24 gcc/led.o
                0x0000000000000260                LED_Toggle
 .text.LED_Write
                0x0000000000000284       0x2c gcc/led.o
                0x0000000000000284                LED_Write
 .text.GetProdRev
                0x00000000000002b0       0x18 gcc/system_efm32gg.o
 .text.SystemCoreClockGet
                0x00000000000002c8       0x34 gcc/system_efm32gg.o
                0x00000000000002c8                SystemCoreClockGet
 .text.SystemHFClockGet
                0x00000000000002fc      0x118 gcc/system_efm32gg.o
                0x00000000000002fc                SystemHFClockGet
 .text.SystemInit
                0x0000000000000414        0xc gcc/system_efm32gg.o
                0x0000000000000414                SystemInit
 .text.Button_Processing
                0x0000000000000420       0xe8 gcc/button.o
                0x0000000000000420                Button_Processing
 .text.Button_Init
                0x0000000000000508       0x78 gcc/button.o
                0x0000000000000508                Button_Init
 .text.Button_ReadReleased
                0x0000000000000580       0x24 gcc/button.o
                0x0000000000000580                Button_ReadReleased
 .text.Button_SetCallback
                0x00000000000005a4       0x1c gcc/button.o
                0x00000000000005a4                Button_SetCallback
 *(.init)
 *(.fini)
 *crtbegin.o(.ctors)
 *crtbegin?.o(.ctors)
 *(EXCLUDE_FILE(*crtend.o *crtend?.o) .ctors)
 *(SORT_BY_NAME(.ctors.*))
 *(.ctors)
 *crtbegin.o(.dtors)
 *crtbegin?.o(.dtors)
 *(EXCLUDE_FILE(*crtend.o *crtend?.o) .dtors)
 *(SORT_BY_NAME(.dtors.*))
 *(.dtors)
 *(.rodata*)
 *(.eh_frame*)

.glue_7         0x00000000000005c0        0x0
 .glue_7        0x00000000000005c0        0x0 linker stubs

.glue_7t        0x00000000000005c0        0x0
 .glue_7t       0x00000000000005c0        0x0 linker stubs

.vfp11_veneer   0x00000000000005c0        0x0
 .vfp11_veneer  0x00000000000005c0        0x0 linker stubs

.v4_bx          0x00000000000005c0        0x0
 .v4_bx         0x00000000000005c0        0x0 linker stubs

.iplt           0x00000000000005c0        0x0
 .iplt          0x00000000000005c0        0x0 gcc/startup_efm32gg.o

.rel.dyn        0x00000000000005c0        0x0
 .rel.iplt      0x00000000000005c0        0x0 gcc/startup_efm32gg.o

.ARM.extab
 *(.ARM.extab* .gnu.linkonce.armextab.*)
                0x00000000000005c0                __exidx_start = .

.ARM.exidx
 *(.ARM.exidx* .gnu.linkonce.armexidx.*)
                0x00000000000005c0                __exidx_end = .
                0x00000000000005c0                __etext = .

.data           0x0000000020000000       0x2c load address 0x00000000000005c0
                0x0000000020000000                __data_start__ = .
 *(vtable)
 *(.data*)
 .data.SystemHFXOClock
                0x0000000020000000        0x4 gcc/system_efm32gg.o
 .data.SystemLFXOClock
                0x0000000020000004        0x4 gcc/system_efm32gg.o
 .data.buttontable
                0x0000000020000008       0x24 gcc/button.o
                0x000000002000002c                . = ALIGN (0x4)
 *(.ram)
                0x000000002000002c                . = ALIGN (0x4)
                [!provide]                        PROVIDE (__preinit_array_start = .)
 *(.preinit_array)
                [!provide]                        PROVIDE (__preinit_array_end = .)
                0x000000002000002c                . = ALIGN (0x4)
                [!provide]                        PROVIDE (__init_array_start = .)
 *(SORT_BY_NAME(.init_array.*))
 *(.init_array)
                [!provide]                        PROVIDE (__init_array_end = .)
                0x000000002000002c                . = ALIGN (0x4)
                [!provide]                        PROVIDE (__fini_array_start = .)
 *(SORT_BY_NAME(.fini_array.*))
 *(.fini_array)
                [!provide]                        PROVIDE (__fini_array_end = .)
 *(.jcr*)
                0x000000002000002c                . = ALIGN (0x4)
                0x000000002000002c                __data_end__ = .

.igot.plt       0x000000002000002c        0x0 load address 0x00000000000005ec
 .igot.plt      0x000000002000002c        0x0 gcc/startup_efm32gg.o

.bss            0x000000002000002c       0x14 load address 0x00000000000005ec
                0x000000002000002c                . = ALIGN (0x4)
                0x000000002000002c                __bss_start__ = .
 *(.bss*)
 .bss.pressed   0x000000002000002c        0x4 gcc/button.o
 .bss.released  0x0000000020000030        0x4 gcc/button.o
 .bss.changed   0x0000000020000034        0x4 gcc/button.o
 .bss.callback  0x0000000020000038        0x4 gcc/button.o
 *(COMMON)
 COMMON         0x000000002000003c        0x4 gcc/system_efm32gg.o
                0x000000002000003c                SystemCoreClock
                0x0000000020000040                . = ALIGN (0x4)
                0x0000000020000040                __bss_end__ = .

.heap           0x0000000020000040      0xc00
                0x0000000020000040                __HeapBase = .
                0x0000000020000040                __end__ = .
                0x0000000020000040                end = __end__
                0x0000000020000040                _end = __end__
 *(.heap*)
 .heap          0x0000000020000040      0xc00 gcc/startup_efm32gg.o
                0x0000000020000c40                __HeapLimit = .

.stack_dummy    0x0000000020000c40      0x400
 *(.stack*)
 .stack         0x0000000020000c40      0x400 gcc/startup_efm32gg.o
                0x0000000020020000                __StackTop = (ORIGIN (RAM) + LENGTH (RAM))
                0x000000002001fc00                __StackLimit = (__StackTop - SIZEOF (.stack_dummy))
                [!provide]                        PROVIDE (__stack = __StackTop)
                0x0000000000000001                ASSERT ((__StackLimit >= __HeapLimit), region RAM overflowed with stack)
                0x0000000000000001                ASSERT ((LENGTH (FLASH) >= (__etext + SIZEOF (.data))), FLASH memory overflowed !)
OUTPUT(gcc/button.axf elf32-littlearm)
LOAD linker stubs

.debug_info     0x0000000000000000     0x13b4
 .debug_info    0x0000000000000000      0x1f9 gcc/startup_efm32gg.o
 .debug_info    0x00000000000001f9      0x127 gcc/main.o
 .debug_info    0x0000000000000320      0x52c gcc/led.o
 .debug_info    0x000000000000084c      0x50a gcc/system_efm32gg.o
 .debug_info    0x0000000000000d56      0x65e gcc/button.o

.debug_abbrev   0x0000000000000000      0x68c
 .debug_abbrev  0x0000000000000000       0xfb gcc/startup_efm32gg.o
 .debug_abbrev  0x00000000000000fb      0x109 gcc/main.o
 .debug_abbrev  0x0000000000000204      0x153 gcc/led.o
 .debug_abbrev  0x0000000000000357      0x198 gcc/system_efm32gg.o
 .debug_abbrev  0x00000000000004ef      0x19d gcc/button.o

.debug_aranges  0x0000000000000000      0x170
 .debug_aranges
                0x0000000000000000       0x38 gcc/startup_efm32gg.o
 .debug_aranges
                0x0000000000000038       0x30 gcc/main.o
 .debug_aranges
                0x0000000000000068       0x40 gcc/led.o
 .debug_aranges
                0x00000000000000a8       0x70 gcc/system_efm32gg.o
 .debug_aranges
                0x0000000000000118       0x58 gcc/button.o

.debug_ranges   0x0000000000000000      0x120
 .debug_ranges  0x0000000000000000       0x28 gcc/startup_efm32gg.o
 .debug_ranges  0x0000000000000028       0x20 gcc/main.o
 .debug_ranges  0x0000000000000048       0x30 gcc/led.o
 .debug_ranges  0x0000000000000078       0x60 gcc/system_efm32gg.o
 .debug_ranges  0x00000000000000d8       0x48 gcc/button.o

.debug_line     0x0000000000000000      0x94c
 .debug_line    0x0000000000000000       0xf0 gcc/startup_efm32gg.o
 .debug_line    0x00000000000000f0      0x161 gcc/main.o
 .debug_line    0x0000000000000251      0x1b8 gcc/led.o
 .debug_line    0x0000000000000409      0x2b0 gcc/system_efm32gg.o
 .debug_line    0x00000000000006b9      0x293 gcc/button.o

.debug_str      0x0000000000000000      0x6d7
 .debug_str     0x0000000000000000      0x258 gcc/startup_efm32gg.o
                                        0x28c (size before relaxing)
 .debug_str     0x0000000000000258       0x50 gcc/main.o
                                        0x1e5 (size before relaxing)
 .debug_str     0x00000000000002a8      0x1d9 gcc/led.o
                                        0x395 (size before relaxing)
 .debug_str     0x0000000000000481      0x173 gcc/system_efm32gg.o
                                        0x459 (size before relaxing)
 .debug_str     0x00000000000005f4       0xe3 gcc/button.o
                                        0x443 (size before relaxing)

.comment        0x0000000000000000       0x59
 .comment       0x0000000000000000       0x59 gcc/startup_efm32gg.o
                                         0x5a (size before relaxing)
 .comment       0x0000000000000059       0x5a gcc/main.o
 .comment       0x0000000000000059       0x5a gcc/led.o
 .comment       0x0000000000000059       0x5a gcc/system_efm32gg.o
 .comment       0x0000000000000059       0x5a gcc/button.o

.ARM.attributes
                0x0000000000000000       0x2d
 .ARM.attributes
                0x0000000000000000       0x2d gcc/startup_efm32gg.o
 .ARM.attributes
                0x000000000000002d       0x2d gcc/main.o
 .ARM.attributes
                0x000000000000005a       0x2d gcc/led.o
 .ARM.attributes
                0x0000000000000087       0x2d gcc/system_efm32gg.o
 .ARM.attributes
                0x00000000000000b4       0x2d gcc/button.o

.debug_frame    0x0000000000000000      0x47c
 .debug_frame   0x0000000000000000       0x78 gcc/startup_efm32gg.o
 .debug_frame   0x0000000000000078       0x70 gcc/main.o
 .debug_frame   0x00000000000000e8       0xd4 gcc/led.o
 .debug_frame   0x00000000000001bc      0x180 gcc/system_efm32gg.o
 .debug_frame   0x000000000000033c      0x140 gcc/button.o
